ARM Linker, 5.03 [Build 76] [MDK-ARM Standard]

==============================================================================

Section Cross References

    arm_startup_nrf51.o(RESET) refers to arm_startup_nrf51.o(STACK) for __initial_sp
    arm_startup_nrf51.o(RESET) refers to arm_startup_nrf51.o(.text) for Reset_Handler
    arm_startup_nrf51.o(RESET) refers to sensor.o(i.ADC_IRQHandler) for ADC_IRQHandler
    arm_startup_nrf51.o(RESET) refers to app_timer.o(i.RTC1_IRQHandler) for RTC1_IRQHandler
    arm_startup_nrf51.o(RESET) refers to app_timer.o(i.SWI0_IRQHandler) for SWI0_IRQHandler
    arm_startup_nrf51.o(RESET) refers to softdevice_handler.o(i.SWI2_IRQHandler) for SWI2_IRQHandler
    arm_startup_nrf51.o(.text) refers to system_nrf51.o(i.SystemInit) for SystemInit
    arm_startup_nrf51.o(.text) refers to entry.o(.ARM.Collect$$$$00000000) for __main
    system_nrf51.o(i.SystemCoreClockUpdate) refers to system_nrf51.o(.data) for SystemCoreClock
    system_nrf51.o(i.SystemInit) refers to system_nrf51.o(i.is_manual_peripheral_setup_needed) for is_manual_peripheral_setup_needed
    system_nrf51.o(i.SystemInit) refers to system_nrf51.o(i.is_disabled_in_debug_needed) for is_disabled_in_debug_needed
    main.o(i.W1_flash_write_prepare) refers to main.o(i.timers_stop) for timers_stop
    main.o(i.W1_flash_write_prepare) refers to softdevice_handler.o(i.softdevice_handler_sd_disable) for softdevice_handler_sd_disable
    main.o(i.W1_flash_write_restore) refers to main.o(i.W1_softdevice_handler_sd_enable) for W1_softdevice_handler_sd_enable
    main.o(i.W1_flash_write_restore) refers to main.o(i.timers_start) for timers_start
    main.o(i.W1_softdevice_handler_sd_enable) refers to main.o(i.ble_stack_init) for ble_stack_init
    main.o(i.advertising_start) refers to memseta.o(.text) for __aeabi_memclr4
    main.o(i.advertising_start) refers to main.o(i.app_error_handler) for app_error_handler
    main.o(i.advertising_start) refers to main.o(i.nrf_gpio_pin_set) for nrf_gpio_pin_set
    main.o(i.app_error_handler) refers to main.o(i.nrf_gpio_pin_set) for nrf_gpio_pin_set
    main.o(i.app_error_handler) refers to ble_debug_assert_handler.o(i.ble_debug_assert_handler) for ble_debug_assert_handler
    main.o(i.assert_nrf_callback) refers to main.o(i.app_error_handler) for app_error_handler
    main.o(i.ble_evt_dispatch) refers to ble_conn_params.o(i.ble_conn_params_on_ble_evt) for ble_conn_params_on_ble_evt
    main.o(i.ble_evt_dispatch) refers to ble_nus.o(i.ble_nus_on_ble_evt) for ble_nus_on_ble_evt
    main.o(i.ble_evt_dispatch) refers to main.o(i.on_ble_evt) for on_ble_evt
    main.o(i.ble_evt_dispatch) refers to main.o(.bss) for m_nus
    main.o(i.ble_stack_init) refers to softdevice_handler.o(i.softdevice_handler_init) for softdevice_handler_init
    main.o(i.ble_stack_init) refers to main.o(i.app_error_handler) for app_error_handler
    main.o(i.ble_stack_init) refers to softdevice_handler.o(i.softdevice_ble_evt_handler_set) for softdevice_ble_evt_handler_set
    main.o(i.ble_stack_init) refers to softdevice_handler.o(i.softdevice_sys_evt_handler_set) for softdevice_sys_evt_handler_set
    main.o(i.ble_stack_init) refers to main.o(.bss) for EVT_BUFFER
    main.o(i.ble_stack_init) refers to main.o(i.ble_evt_dispatch) for ble_evt_dispatch
    main.o(i.ble_stack_init) refers to main.o(i.sys_evt_dispatch) for sys_evt_dispatch
    main.o(i.ble_transfer_data) refers to ble_nus.o(i.ble_nus_send_string) for ble_nus_send_string
    main.o(i.ble_transfer_data) refers to main.o(i.app_error_handler) for app_error_handler
    main.o(i.ble_transfer_data) refers to main.o(.bss) for m_nus
    main.o(i.buttons_init) refers to main.o(i.nrf_gpio_cfg_sense_input) for nrf_gpio_cfg_sense_input
    main.o(i.check_step) refers to step.o(i.is_step) for is_step
    main.o(i.check_step) refers to simple_uart.o(i.simple_uart_putstring) for simple_uart_putstring
    main.o(i.check_step) refers to main.o(.data) for step
    main.o(i.check_step) refers to main.o(.bss) for step_count
    main.o(i.check_timeout) refers to simple_uart.o(i.simple_uart_get) for simple_uart_get
    main.o(i.check_timeout) refers to simple_uart.o(i.simple_uart_put) for simple_uart_put
    main.o(i.check_timeout) refers to simple_uart.o(i.simple_uart_putstring) for simple_uart_putstring
    main.o(i.main) refers to simple_uart.o(i.simple_uart_config) for simple_uart_config
    main.o(i.main) refers to simple_uart.o(i.simple_uart_putstring) for simple_uart_putstring
    main.o(i.main) refers to main.o(i.buttons_init) for buttons_init
    main.o(i.main) refers to main.o(i.timers_init) for timers_init
    main.o(i.main) refers to main.o(i.ble_stack_init) for ble_stack_init
    main.o(i.main) refers to rtc.o(i.rtc_init) for rtc_init
    main.o(i.main) refers to main.o(i.check_timeout) for check_timeout
    main.o(i.main) refers to step.o(i.step_init) for step_init
    main.o(i.main) refers to rtc.o(i.get_time) for get_time
[...]

Image Symbol Table

    Local Symbols

    Symbol Name                              Value     Ov Type        Size  Object(Section)

    ../clib/microlib/division.c              0x00000000   Number         0  uldiv.o ABSOLUTE
    ../clib/microlib/division.c              0x00000000   Number         0  uidiv.o ABSOLUTE
    ../clib/microlib/division.c              0x00000000   Number         0  idiv.o ABSOLUTE
    ../clib/microlib/init/entry.s            0x00000000   Number         0  entry11b.o ABSOLUTE
    ../clib/microlib/init/entry.s            0x00000000   Number         0  entry7a.o ABSOLUTE
    ../clib/microlib/init/entry.s            0x00000000   Number         0  entry11a.o ABSOLUTE
    ../clib/microlib/init/entry.s            0x00000000   Number         0  entry10b.o ABSOLUTE
    ../clib/microlib/init/entry.s            0x00000000   Number         0  entry8a.o ABSOLUTE
    ../clib/microlib/init/entry.s            0x00000000   Number         0  entry5.o ABSOLUTE
    ../clib/microlib/init/entry.s            0x00000000   Number         0  entry7b.o ABSOLUTE
    ../clib/microlib/init/entry.s            0x00000000   Number         0  entry10a.o ABSOLUTE
    ../clib/microlib/init/entry.s            0x00000000   Number         0  entry9b.o ABSOLUTE
    ../clib/microlib/init/entry.s            0x00000000   Number         0  entry8b.o ABSOLUTE
    ../clib/microlib/init/entry.s            0x00000000   Number         0  entry9a.o ABSOLUTE
    ../clib/microlib/init/entry.s            0x00000000   Number         0  entry.o ABSOLUTE
    ../clib/microlib/init/entry.s            0x00000000   Number         0  entry2.o ABSOLUTE
    ../clib/microlib/longlong.c              0x00000000   Number         0  llsshr.o ABSOLUTE
    ../clib/microlib/longlong.c              0x00000000   Number         0  llushr.o ABSOLUTE
    ../clib/microlib/longlong.c              0x00000000   Number         0  llshl.o ABSOLUTE
    ../clib/microlib/malloc/malloc.c         0x00000000   Number         0  mallocra.o ABSOLUTE
    ../clib/microlib/malloc/malloc.c         0x00000000   Number         0  mallocr.o ABSOLUTE
    ../clib/microlib/malloc/malloc.c         0x00000000   Number         0  malloc.o ABSOLUTE
    ../clib/microlib/malloc/malloc.c         0x00000000   Number         0  malloca.o ABSOLUTE
    ../clib/microlib/malloc/mvars.c          0x00000000   Number         0  mvars.o ABSOLUTE
    ../clib/microlib/printf/printf.c         0x00000000   Number         0  printf4.o ABSOLUTE
    ../clib/microlib/printf/printf.c         0x00000000   Number         0  printf1.o ABSOLUTE
    ../clib/microlib/printf/printf.c         0x00000000   Number         0  printf2.o ABSOLUTE
    ../clib/microlib/printf/printf.c         0x00000000   Number         0  printf5.o ABSOLUTE
    ../clib/microlib/printf/printf.c         0x00000000   Number         0  printf3.o ABSOLUTE
    ../clib/microlib/printf/printf.c         0x00000000   Number         0  printfa.o ABSOLUTE
    ../clib/microlib/printf/printf.c         0x00000000   Number         0  printfb.o ABSOLUTE
    ../clib/microlib/printf/printf.c         0x00000000   Number         0  printf0.o ABSOLUTE
    ../clib/microlib/printf/printf.c         0x00000000   Number         0  printf8.o ABSOLUTE
    ../clib/microlib/printf/printf.c         0x00000000   Number         0  printf7.o ABSOLUTE
    ../clib/microlib/printf/printf.c         0x00000000   Number         0  printf6.o ABSOLUTE
    ../clib/microlib/printf/stubs.s          0x00000000   Number         0  stubs.o ABSOLUTE
    ../clib/microlib/stdio/fputc.c           0x00000000   Number         0  fputc.o ABSOLUTE
    ../clib/microlib/stdio/semi.s            0x00000000   Number         0  semi.o ABSOLUTE
    ../clib/microlib/stdio/streams.c         0x00000000   Number         0  stdout.o ABSOLUTE
    ../clib/microlib/string/memcpy.c         0x00000000   Number         0  memcpya.o ABSOLUTE
    ../clib/microlib/string/memcpy.c         0x00000000   Number         0  memcpyb.o ABSOLUTE
    ../clib/microlib/string/memset.c         0x00000000   Number         0  memseta.o ABSOLUTE
    ../clib/microlib/string/strncmp.c        0x00000000   Number         0  strncmp.o ABSOLUTE
    ../clib/microlib/string/strncpy.c        0x00000000   Number         0  strncpy.o ABSOLUTE
    ../clib/microlib/stubs.s                 0x00000000   Number         0  iusesemip.o ABSOLUTE
    ../clib/microlib/stubs.s                 0x00000000   Number         0  iusefp.o ABSOLUTE
    ../fplib/microlib/fpadd.c                0x00000000   Number         0  dadd.o ABSOLUTE
    ../fplib/microlib/fpdiv.c                0x00000000   Number         0  ddiv.o ABSOLUTE
    ../fplib/microlib/fpepilogue.c           0x00000000   Number         0  depilogue.o ABSOLUTE
    ../fplib/microlib/fpfix.c                0x00000000   Number         0  dfixul.o ABSOLUTE
    ../fplib/microlib/fpmul.c                0x00000000   Number         0  dmul.o ABSOLUTE
    ..\Source\app_common\app_timer.c         0x00000000   Number         0  app_timer.o ABSOLUTE
    ..\Source\app_common\pstorage.c          0x00000000   Number         0  pstorage.o ABSOLUTE
    ..\Source\ble\ble_advdata.c              0x00000000   Number         0  ble_advdata.o ABSOLUTE
    ..\Source\ble\ble_conn_params.c          0x00000000   Number         0  ble_conn_params.o ABSOLUTE
    ..\Source\ble\ble_debug_assert_handler.c 0x00000000   Number         0  ble_debug_assert_handler.o ABSOLUTE
    ..\Source\ble\ble_error_log.c            0x00000000   Number         0  ble_error_log.o ABSOLUTE
    ..\Source\sd_common\softdevice_handler.c 0x00000000   Number         0  softdevice_handler.o ABSOLUTE
    ..\Source\simple_uart\simple_uart.c      0x00000000   Number         0  simple_uart.o ABSOLUTE
    ..\Source\templates\arm\arm_startup_nrf51.s 0x00000000   Number         0  arm_startup_nrf51.o ABSOLUTE
    ..\Source\templates\system_nrf51.c       0x00000000   Number         0  system_nrf51.o ABSOLUTE
    ..\\Source\\app_common\\app_timer.c      0x00000000   Number         0  app_timer.o ABSOLUTE
    ..\\Source\\app_common\\pstorage.c       0x00000000   Number         0  pstorage.o ABSOLUTE
    ..\\Source\\ble\\ble_advdata.c           0x00000000   Number         0  ble_advdata.o ABSOLUTE
    ..\\Source\\ble\\ble_conn_params.c       0x00000000   Number         0  ble_conn_params.o ABSOLUTE
    ..\\Source\\ble\\ble_debug_assert_handler.c 0x00000000   Number         0  ble_debug_assert_handler.o ABSOLUTE
    ..\\Source\\ble\\ble_error_log.c         0x00000000   Number         0  ble_error_log.o ABSOLUTE
    ..\\Source\\sd_common\\softdevice_handler.c 0x00000000   Number         0  softdevice_handler.o ABSOLUTE
    ..\\Source\\simple_uart\\simple_uart.c   0x00000000   Number         0  simple_uart.o ABSOLUTE
    ..\\Source\\templates\\system_nrf51.c    0x00000000   Number         0  system_nrf51.o ABSOLUTE
    ..\\ble_nus.c                            0x00000000   Number         0  ble_nus.o ABSOLUTE
    ..\\data_transfer.c                      0x00000000   Number         0  data_transfer.o ABSOLUTE
    ..\\flash.c                              0x00000000   Number         0  flash.o ABSOLUTE
    ..\\main.c                               0x00000000   Number         0  main.o ABSOLUTE
    ..\\service\\ble_flash.c                 0x00000000   Number         0  ble_flash.o ABSOLUTE
    ..\\step.c                               0x00000000   Number         0  step.o ABSOLUTE
    ..\\twi_hw_master_SD_4_4.c               0x00000000   Number         0  twi_hw_master_sd_4_4.o ABSOLUTE
    ..\ble_nus.c                             0x00000000   Number         0  ble_nus.o ABSOLUTE
    ..\data_transfer.c                       0x00000000   Number         0  data_transfer.o ABSOLUTE
    ..\flash.c                               0x00000000   Number         0  flash.o ABSOLUTE
    ..\main.c                                0x00000000   Number         0  main.o ABSOLUTE
    ..\rtc.c                                 0x00000000   Number         0  rtc.o ABSOLUTE
    ..\service\ble_flash.c                   0x00000000   Number         0  ble_flash.o ABSOLUTE
    ..\step.c                                0x00000000   Number         0  step.o ABSOLUTE
    ..\twi_hw_master_SD_4_4.c                0x00000000   Number         0  twi_hw_master_sd_4_4.o ABSOLUTE
    cdrcmple.s                               0x00000000   Number         0  cdrcmple.o ABSOLUTE
    dc.s                                     0x00000000   Number         0  dc.o ABSOLUTE
    handlers.s                               0x00000000   Number         0  handlers.o ABSOLUTE
    init.s                                   0x00000000   Number         0  init.o ABSOLUTE
    sensor.c                                 0x00000000   Number         0  sensor.o ABSOLUTE
    sensor.c                                 0x00000000   Number         0  sensor.o ABSOLUTE
    RESET                                    0x00014000   Section      192  arm_startup_nrf51.o(RESET)
    .ARM.Collect$$$$00000000                 0x000140c0   Section        0  entry.o(.ARM.Collect$$$$00000000)
    .ARM.Collect$$$$00000001                 0x000140c0   Section        4  entry2.o(.ARM.Collect$$$$00000001)
    .ARM.Collect$$$$00000004                 0x000140c4   Section        4  entry5.o(.ARM.Collect$$$$00000004)
    .ARM.Collect$$$$00000008                 0x000140c8   Section        0  entry7b.o(.ARM.Collect$$$$00000008)
    .ARM.Collect$$$$0000000A                 0x000140c8   Section        0  entry8b.o(.ARM.Collect$$$$0000000A)
    .ARM.Collect$$$$0000000B                 0x000140c8   Section        8  entry9a.o(.ARM.Collect$$$$0000000B)
    .ARM.Collect$$$$0000000D                 0x000140d0   Section        0  entry10a.o(.ARM.Collect$$$$0000000D)
    .ARM.Collect$$$$0000000F                 0x000140d0   Section        0  entry11a.o(.ARM.Collect$$$$0000000F)
    .ARM.Collect$$$$00002712                 0x000140d0   Section        4  entry2.o(.ARM.Collect$$$$00002712)
    __lit__00000000                          0x000140d0   Data           4  entry2.o(.ARM.Collect$$$$00002712)
    .emb_text                                0x000140d4   Section       30  app_timer.o(.emb_text)
    .emb_text                                0x000140f4   Section       30  twi_hw_master_sd_4_4.o(.emb_text)
    .text                                    0x00014114   Section       44  arm_startup_nrf51.o(.text)
    .text                                    0x00014140   Section        0  uidiv.o(.text)
    .text                                    0x0001416c   Section        0  idiv.o(.text)
    .text                                    0x00014194   Section        0  memcpya.o(.text)
    .text                                    0x000141b8   Section        0  memseta.o(.text)
    .text                                    0x000141dc   Section        0  strncpy.o(.text)
    .text                                    0x000141f6   Section        0  strncmp.o(.text)
    .text                                    0x00014214   Section        0  uldiv.o(.text)
    .text                                    0x00014274   Section       36  init.o(.text)
    .text                                    0x00014298   Section        0  llshl.o(.text)
    .text                                    0x000142b8   Section        0  llushr.o(.text)
    i.ADC_GPIO_set                           0x000142da   Section        0  sensor.o(i.ADC_GPIO_set)
    i.ADC_IRQHandler                         0x000142f4   Section        0  sensor.o(i.ADC_IRQHandler)
    i.NVIC_ClearPendingIRQ                   0x00014340   Section        0  app_timer.o(i.NVIC_ClearPendingIRQ)
    NVIC_ClearPendingIRQ                     0x00014341   Thumb Code    14  app_timer.o(i.NVIC_ClearPendingIRQ)
    i.NVIC_EnableIRQ                         0x00014354   Section        0  app_timer.o(i.NVIC_EnableIRQ)
    NVIC_EnableIRQ                           0x00014355   Thumb Code    14  app_timer.o(i.NVIC_EnableIRQ)
    i.NVIC_SetPendingIRQ                     0x00014368   Section        0  app_timer.o(i.NVIC_SetPendingIRQ)
    NVIC_SetPendingIRQ                       0x00014369   Thumb Code    14  app_timer.o(i.NVIC_SetPendingIRQ)
    i.NVIC_SetPriority                       0x0001437c   Section        0  app_timer.o(i.NVIC_SetPriority)
    NVIC_SetPriority                         0x0001437d   Thumb Code   110  app_timer.o(i.NVIC_SetPriority)
    i.RTC1_IRQHandler                        0x000143f4   Section        0  app_timer.o(i.RTC1_IRQHandler)
    i.SWI0_IRQHandler                        0x0001441c   Section        0  app_timer.o(i.SWI0_IRQHandler)
    i.SWI2_IRQHandler                        0x00014424   Section        0  softdevice_handler.o(i.SWI2_IRQHandler)
    i.SystemInit                             0x00014488   Section        0  system_nrf51.o(i.SystemInit)
    i.W1_flash_words_read                    0x000144c0   Section        0  ble_flash.o(i.W1_flash_words_read)
    i.W1_flash_words_read2                   0x0001450c   Section        0  ble_flash.o(i.W1_flash_words_read2)
    i.W1_flash_words_write                   0x0001455c   Section        0  ble_flash.o(i.W1_flash_words_write)
    i.W1_flash_write_prepare                 0x0001459e   Section        0  main.o(i.W1_flash_write_prepare)
    i.W1_flash_write_restore                 0x000145aa   Section        0  main.o(i.W1_flash_write_restore)
    i.W1_softdevice_handler_sd_enable        0x000145b6   Section        0  main.o(i.W1_softdevice_handler_sd_enable)
    i.W1_transfer_data                       0x000145c0   Section        0  data_transfer.o(i.W1_transfer_data)
    i.__0sprintf$8                           0x000146ec   Section        0  printf8.o(i.__0sprintf$8)
    i.__scatterload_copy                     0x00014714   Section       14  handlers.o(i.__scatterload_copy)
    i.__scatterload_null                     0x00014722   Section        2  handlers.o(i.__scatterload_null)
    i.__scatterload_zeroinit                 0x00014724   Section       14  handlers.o(i.__scatterload_zeroinit)
    i._printf_core                           0x00014734   Section        0  printf8.o(i._printf_core)
    _printf_core                             0x00014735   Thumb Code  1072  printf8.o(i._printf_core)
    i._printf_post_padding                   0x00014b64   Section        0  printf8.o(i._printf_post_padding)
    _printf_post_padding                     0x00014b65   Thumb Code    32  printf8.o(i._printf_post_padding)
    i._printf_pre_padding                    0x00014b84   Section        0  printf8.o(i._printf_pre_padding)
    _printf_pre_padding                      0x00014b85   Thumb Code    44  printf8.o(i._printf_pre_padding)
    i._sputc                                 0x00014bb0   Section        0  printf8.o(i._sputc)
    _sputc                                   0x00014bb1   Thumb Code    10  printf8.o(i._sputc)
    i.adv_data_encode                        0x00014bba   Section        0  ble_advdata.o(i.adv_data_encode)
    adv_data_encode                          0x00014bbb   Thumb Code   302  ble_advdata.o(i.adv_data_encode)
    i.advdata_check                          0x00014ce8   Section        0  ble_advdata.o(i.advdata_check)
    advdata_check                            0x00014ce9   Thumb Code    32  ble_advdata.o(i.advdata_check)
    i.advertising_init                       0x00014d08   Section        0  data_transfer.o(i.advertising_init)
    advertising_init                         0x00014d09   Thumb Code   104  data_transfer.o(i.advertising_init)
    i.advertising_start                      0x00014d88   Section        0  main.o(i.advertising_start)
    advertising_start                        0x00014d89   Thumb Code    72  main.o(i.advertising_start)
    i.advertising_start                      0x00014ddc   Section        0  data_transfer.o(i.advertising_start)
    advertising_start                        0x00014ddd   Thumb Code    66  data_transfer.o(i.advertising_start)
    i.app_error_handler                      0x00014e34   Section        0  main.o(i.app_error_handler)
    i.app_notify                             0x00014e50   Section        0  pstorage.o(i.app_notify)
    app_notify                               0x00014e51   Thumb Code   108  pstorage.o(i.app_notify)
    i.app_timer_create                       0x00014ec4   Section        0  app_timer.o(i.app_timer_create)
    i.app_timer_init                         0x00014f38   Section        0  app_timer.o(i.app_timer_init)
    i.app_timer_start                        0x00015028   Section        0  app_timer.o(i.app_timer_start)
    i.app_timer_stop                         0x00015094   Section        0  app_timer.o(i.app_timer_stop)
    i.appearance_encode                      0x000150d8   Section        0  ble_advdata.o(i.appearance_encode)
    appearance_encode                        0x000150d9   Thumb Code    74  ble_advdata.o(i.appearance_encode)
    i.array_ncpy                             0x00015122   Section        0  main.o(i.array_ncpy)
    i.assert_nrf_callback                    0x0001513c   Section        0  main.o(i.assert_nrf_callback)
    i.ble_advdata_set                        0x00015154   Section        0  ble_advdata.o(i.ble_advdata_set)
    i.ble_conn_params_init                   0x000151d0   Section        0  ble_conn_params.o(i.ble_conn_params_init)
    i.ble_conn_params_on_ble_evt             0x00015248   Section        0  ble_conn_params.o(i.ble_conn_params_on_ble_evt)
    i.ble_debug_assert_handler               0x00015288   Section        0  ble_debug_assert_handler.o(i.ble_debug_assert_handler)
    i.ble_evt_dispatch                       0x000152c4   Section        0  main.o(i.ble_evt_dispatch)
    ble_evt_dispatch                         0x000152c5   Thumb Code    26  main.o(i.ble_evt_dispatch)
    i.ble_flash_crc16_compute                0x000152e4   Section        0  ble_flash.o(i.ble_flash_crc16_compute)
    i.ble_flash_page_read                    0x00015328   Section        0  ble_flash.o(i.ble_flash_page_read)
    i.ble_flash_page_write                   0x0001539c   Section        0  ble_flash.o(i.ble_flash_page_write)
    i.ble_nus_init                           0x00015418   Section        0  ble_nus.o(i.ble_nus_init)
    i.ble_nus_on_ble_evt                     0x00015490   Section        0  ble_nus.o(i.ble_nus_on_ble_evt)
    i.ble_nus_send_string                    0x000154ca   Section        0  ble_nus.o(i.ble_nus_send_string)
    i.ble_stack_init                         0x00015510   Section        0  main.o(i.ble_stack_init)
    ble_stack_init                           0x00015511   Thumb Code   116  main.o(i.ble_stack_init)
    i.ble_transfer_data                      0x0001559c   Section        0  main.o(i.ble_transfer_data)
    i.buttons_init                           0x000155e0   Section        0  main.o(i.buttons_init)
    buttons_init                             0x000155e1   Thumb Code    14  main.o(i.buttons_init)
    i.check_step                             0x000155f0   Section        0  main.o(i.check_step)
    i.check_timeout                          0x00015648   Section        0  main.o(i.check_timeout)
    i.cmd_queue_dequeue                      0x00015684   Section        0  pstorage.o(i.cmd_queue_dequeue)
    cmd_queue_dequeue                        0x00015685   Thumb Code    84  pstorage.o(i.cmd_queue_dequeue)
    i.cmd_queue_init_element                 0x000156dc   Section        0  pstorage.o(i.cmd_queue_init_element)
    cmd_queue_init_element                   0x000156dd   Thumb Code    64  pstorage.o(i.cmd_queue_init_element)
    i.compare_reg_update                     0x00015720   Section        0  app_timer.o(i.compare_reg_update)
    compare_reg_update                       0x00015721   Thumb Code   124  app_timer.o(i.compare_reg_update)
    i.conn_int_check                         0x000157ac   Section        0  ble_advdata.o(i.conn_int_check)
    conn_int_check                           0x000157ad   Thumb Code    88  ble_advdata.o(i.conn_int_check)
    i.conn_int_encode                        0x00015808   Section        0  ble_advdata.o(i.conn_int_encode)
    conn_int_encode                          0x00015809   Thumb Code    92  ble_advdata.o(i.conn_int_encode)
    i.conn_params_error_handler              0x00015864   Section        0  data_transfer.o(i.conn_params_error_handler)
    conn_params_error_handler                0x00015865   Thumb Code    20  data_transfer.o(i.conn_params_error_handler)
    i.conn_params_init                       0x0001588c   Section        0  data_transfer.o(i.conn_params_init)
    conn_params_init                         0x0001588d   Thumb Code    82  data_transfer.o(i.conn_params_init)
    i.conn_params_negotiation                0x000158fc   Section        0  ble_conn_params.o(i.conn_params_negotiation)
    conn_params_negotiation                  0x000158fd   Thumb Code   126  ble_conn_params.o(i.conn_params_negotiation)
    i.current_int_priority_get               0x00015990   Section        0  app_timer.o(i.current_int_priority_get)
    current_int_priority_get                 0x00015991   Thumb Code    84  app_timer.o(i.current_int_priority_get)
    i.device_info_update                     0x000159ec   Section        0  step.o(i.device_info_update)
    i.device_init                            0x00015b98   Section        0  step.o(i.device_init)
    i.elapsed_ticks_acquire                  0x00015dcc   Section        0  app_timer.o(i.elapsed_ticks_acquire)
    elapsed_ticks_acquire                    0x00015dcd   Thumb Code    82  app_timer.o(i.elapsed_ticks_acquire)
    i.expired_timers_handler                 0x00015e30   Section        0  app_timer.o(i.expired_timers_handler)
    expired_timers_handler                   0x00015e31   Thumb Code    98  app_timer.o(i.expired_timers_handler)
    i.flash_page_erase                       0x00015e9c   Section        0  ble_flash.o(i.flash_page_erase)
    flash_page_erase                         0x00015e9d   Thumb Code    48  ble_flash.o(i.flash_page_erase)
    i.flash_word_unprotected_write           0x00015ed4   Section        0  ble_flash.o(i.flash_word_unprotected_write)
    flash_word_unprotected_write             0x00015ed5   Thumb Code    46  ble_flash.o(i.flash_word_unprotected_write)
    i.flash_word_write                       0x00015f0c   Section        0  ble_flash.o(i.flash_word_write)
    flash_word_write                         0x00015f0d   Thumb Code    64  ble_flash.o(i.flash_word_write)
    i.free                                   0x00015f58   Section        0  malloc.o(i.free)
    i.gap_params_init                        0x00015fac   Section        0  data_transfer.o(i.gap_params_init)
    gap_params_init                          0x00015fad   Thumb Code   122  data_transfer.o(i.gap_params_init)
    i.get_time                               0x0001604c   Section        0  rtc.o(i.get_time)
    i.intern_softdevice_events_execute       0x00016070   Section        0  softdevice_handler.o(i.intern_softdevice_events_execute)
    i.is_conn_params_ok                      0x00016158   Section        0  ble_conn_params.o(i.is_conn_params_ok)
    is_conn_params_ok                        0x00016159   Thumb Code    30  ble_conn_params.o(i.is_conn_params_ok)
    i.is_disabled_in_debug_needed            0x0001617c   Section        0  system_nrf51.o(i.is_disabled_in_debug_needed)
    is_disabled_in_debug_needed              0x0001617d   Thumb Code    48  system_nrf51.o(i.is_disabled_in_debug_needed)
    i.is_manual_peripheral_setup_needed      0x000161b0   Section        0  system_nrf51.o(i.is_manual_peripheral_setup_needed)
    is_manual_peripheral_setup_needed        0x000161b1   Thumb Code    94  system_nrf51.o(i.is_manual_peripheral_setup_needed)
    i.is_step                                0x00016214   Section        0  step.o(i.is_step)
    i.list_deletions_handler                 0x000162a0   Section        0  app_timer.o(i.list_deletions_handler)
    list_deletions_handler                   0x000162a1   Thumb Code   174  app_timer.o(i.list_deletions_handler)
    i.list_insertions_handler                0x00016360   Section        0  app_timer.o(i.list_insertions_handler)
    list_insertions_handler                  0x00016361   Thumb Code   260  app_timer.o(i.list_insertions_handler)
    i.main                                   0x0001647c   Section        0  main.o(i.main)
    i.malloc                                 0x000165a0   Section        0  malloc.o(i.malloc)
    i.manuf_specific_data_encode             0x0001660c   Section        0  ble_advdata.o(i.manuf_specific_data_encode)
    manuf_specific_data_encode               0x0001660d   Thumb Code   106  ble_advdata.o(i.manuf_specific_data_encode)
    i.mode_switch                            0x00016678   Section        0  step.o(i.mode_switch)
    i.name_encode                            0x000166e0   Section        0  ble_advdata.o(i.name_encode)
    name_encode                              0x000166e1   Thumb Code   150  ble_advdata.o(i.name_encode)
    i.nrf_gpio_cfg_input                     0x00016776   Section        0  simple_uart.o(i.nrf_gpio_cfg_input)
    nrf_gpio_cfg_input                       0x00016777   Thumb Code    20  simple_uart.o(i.nrf_gpio_cfg_input)
    i.nrf_gpio_cfg_output                    0x0001678a   Section        0  simple_uart.o(i.nrf_gpio_cfg_output)
    nrf_gpio_cfg_output                      0x0001678b   Thumb Code    18  simple_uart.o(i.nrf_gpio_cfg_output)
    i.nrf_gpio_cfg_sense_input               0x0001679c   Section        0  main.o(i.nrf_gpio_cfg_sense_input)
    nrf_gpio_cfg_sense_input                 0x0001679d   Thumb Code    24  main.o(i.nrf_gpio_cfg_sense_input)
    i.nrf_gpio_pin_clear                     0x000167b4   Section        0  main.o(i.nrf_gpio_pin_clear)
    nrf_gpio_pin_clear                       0x000167b5   Thumb Code    10  main.o(i.nrf_gpio_pin_clear)
    i.nrf_gpio_pin_set                       0x000167c4   Section        0  main.o(i.nrf_gpio_pin_set)
    nrf_gpio_pin_set                         0x000167c5   Thumb Code    10  main.o(i.nrf_gpio_pin_set)
    i.on_ble_evt                             0x000167d4   Section        0  main.o(i.on_ble_evt)
    on_ble_evt                               0x000167d5   Thumb Code   246  main.o(i.on_ble_evt)
    i.on_command_handler                     0x0001690c   Section        0  main.o(i.on_command_handler)
    i.on_conn_params_evt                     0x00016ec4   Section        0  data_transfer.o(i.on_conn_params_evt)
    on_conn_params_evt                       0x00016ec5   Thumb Code    46  data_transfer.o(i.on_conn_params_evt)
    i.on_conn_params_update                  0x00016f0c   Section        0  ble_conn_params.o(i.on_conn_params_update)
    on_conn_params_update                    0x00016f0d   Thumb Code    20  ble_conn_params.o(i.on_conn_params_update)
    i.on_connect                             0x00016f24   Section        0  ble_nus.o(i.on_connect)
    on_connect                               0x00016f25   Thumb Code     6  ble_nus.o(i.on_connect)
    i.on_connect                             0x00016f2c   Section        0  ble_conn_params.o(i.on_connect)
    on_connect                               0x00016f2d   Thumb Code    42  ble_conn_params.o(i.on_connect)
    i.on_disconnect                          0x00016f68   Section        0  ble_nus.o(i.on_disconnect)
    on_disconnect                            0x00016f69   Thumb Code     8  ble_nus.o(i.on_disconnect)
    i.on_disconnect                          0x00016f70   Section        0  ble_conn_params.o(i.on_disconnect)
    on_disconnect                            0x00016f71   Thumb Code    50  ble_conn_params.o(i.on_disconnect)
    i.on_write                               0x00016fb4   Section        0  ble_nus.o(i.on_write)
    on_write                                 0x00016fb5   Thumb Code    68  ble_nus.o(i.on_write)
    i.on_write                               0x00016ff8   Section        0  ble_conn_params.o(i.on_write)
    on_write                                 0x00016ff9   Thumb Code    84  ble_conn_params.o(i.on_write)
    i.power_manage                           0x00017054   Section        0  main.o(i.power_manage)
    power_manage                             0x00017055   Thumb Code    46  main.o(i.power_manage)
    i.process_cmd                            0x00017094   Section        0  pstorage.o(i.process_cmd)
    process_cmd                              0x00017095   Thumb Code   154  pstorage.o(i.process_cmd)
    i.pstorage_sys_event_handler             0x00017134   Section        0  pstorage.o(i.pstorage_sys_event_handler)
    i.rs5c372a_init                          0x0001719c   Section        0  rtc.o(i.rs5c372a_init)
    i.rs5c372a_register_write                0x000171b8   Section        0  rtc.o(i.rs5c372a_register_write)
    i.rs5c372a_registers_read                0x000171dc   Section        0  rtc.o(i.rs5c372a_registers_read)
    i.rs5c372a_registers_write               0x0001722c   Section        0  rtc.o(i.rs5c372a_registers_write)
    i.rtc1_counter_get                       0x00017278   Section        0  app_timer.o(i.rtc1_counter_get)
    rtc1_counter_get                         0x00017279   Thumb Code     6  app_timer.o(i.rtc1_counter_get)
    i.rtc1_init                              0x00017284   Section        0  app_timer.o(i.rtc1_init)
    rtc1_init                                0x00017285   Thumb Code    18  app_timer.o(i.rtc1_init)
    i.rtc1_start                             0x0001729c   Section        0  app_timer.o(i.rtc1_start)
    rtc1_start                               0x0001729d   Thumb Code    42  app_timer.o(i.rtc1_start)
    i.rtc1_stop                              0x000172d0   Section        0  app_timer.o(i.rtc1_stop)
    rtc1_stop                                0x000172d1   Thumb Code    42  app_timer.o(i.rtc1_stop)
    i.rtc_init                               0x00017308   Section        0  rtc.o(i.rtc_init)
    i.rx_char_add                            0x00017378   Section        0  ble_nus.o(i.rx_char_add)
    rx_char_add                              0x00017379   Thumb Code   292  ble_nus.o(i.rx_char_add)
    i.sec_params_init                        0x0001749c   Section        0  data_transfer.o(i.sec_params_init)
    sec_params_init                          0x0001749d   Thumb Code    66  data_transfer.o(i.sec_params_init)
    i.sensor_level_meas_timeout_handler      0x000174e4   Section        0  main.o(i.sensor_level_meas_timeout_handler)
    sensor_level_meas_timeout_handler        0x000174e5   Thumb Code    24  main.o(i.sensor_level_meas_timeout_handler)
    i.sensor_start                           0x00017500   Section        0  sensor.o(i.sensor_start)
    i.service_data_encode                    0x000175b0   Section        0  ble_advdata.o(i.service_data_encode)
    service_data_encode                      0x000175b1   Thumb Code   140  ble_advdata.o(i.service_data_encode)
    i.services_init                          0x0001763c   Section        0  data_transfer.o(i.services_init)
    services_init                            0x0001763d   Thumb Code    50  data_transfer.o(i.services_init)
    i.show_time                              0x0001768c   Section        0  rtc.o(i.show_time)
    i.simple_uart_config                     0x000176a8   Section        0  simple_uart.o(i.simple_uart_config)
    i.simple_uart_get                        0x00017714   Section        0  simple_uart.o(i.simple_uart_get)
    i.simple_uart_put                        0x00017734   Section        0  simple_uart.o(i.simple_uart_put)
    i.simple_uart_putlen                     0x00017754   Section        0  simple_uart.o(i.simple_uart_putlen)
    i.simple_uart_putstring                  0x0001777a   Section        0  simple_uart.o(i.simple_uart_putstring)
    i.softdevice_assertion_handler           0x0001779a   Section        0  softdevice_handler.o(i.softdevice_assertion_handler)
    i.softdevice_ble_evt_handler_set         0x000177ac   Section        0  softdevice_handler.o(i.softdevice_ble_evt_handler_set)
    i.softdevice_handler_init                0x000177c4   Section        0  softdevice_handler.o(i.softdevice_handler_init)
    i.softdevice_handler_sd_disable          0x0001782c   Section        0  softdevice_handler.o(i.softdevice_handler_sd_disable)
    i.softdevice_sys_evt_handler_set         0x00017848   Section        0  softdevice_handler.o(i.softdevice_sys_evt_handler_set)
    i.srdata_check                           0x00017860   Section        0  ble_advdata.o(i.srdata_check)
    srdata_check                             0x00017861   Thumb Code    16  ble_advdata.o(i.srdata_check)
    i.step_init                              0x00017870   Section        0  step.o(i.step_init)
    i.step_mode_run                          0x0001789c   Section        0  step.o(i.step_mode_run)
    i.step_write2flash                       0x00017ac0   Section        0  step.o(i.step_write2flash)
    i.sys_evt_dispatch                       0x00017c34   Section        0  main.o(i.sys_evt_dispatch)
    sys_evt_dispatch                         0x00017c35   Thumb Code    12  main.o(i.sys_evt_dispatch)
    i.system_off_mode_enter                  0x00017c40   Section        0  main.o(i.system_off_mode_enter)
    system_off_mode_enter                    0x00017c41   Thumb Code    62  main.o(i.system_off_mode_enter)
    i.ticks_diff_get                         0x00017ca8   Section        0  app_timer.o(i.ticks_diff_get)
    ticks_diff_get                           0x00017ca9   Thumb Code    10  app_timer.o(i.ticks_diff_get)
    i.time_display                           0x00017cb4   Section        0  rtc.o(i.time_display)
    i.time_reset                             0x00017d10   Section        0  rtc.o(i.time_reset)
    i.timeout_handler_exec                   0x00017d3c   Section        0  app_timer.o(i.timeout_handler_exec)
    timeout_handler_exec                     0x00017d3d   Thumb Code    60  app_timer.o(i.timeout_handler_exec)
    i.timer_list_handler                     0x00017da0   Section        0  app_timer.o(i.timer_list_handler)
    timer_list_handler                       0x00017da1   Thumb Code    70  app_timer.o(i.timer_list_handler)
    i.timer_list_handler_sched               0x00017df0   Section        0  app_timer.o(i.timer_list_handler_sched)
    timer_list_handler_sched                 0x00017df1   Thumb Code    10  app_timer.o(i.timer_list_handler_sched)
    i.timer_list_insert                      0x00017dfc   Section        0  app_timer.o(i.timer_list_insert)
    timer_list_insert                        0x00017dfd   Thumb Code   206  app_timer.o(i.timer_list_insert)
    i.timer_list_remove                      0x00017ed4   Section        0  app_timer.o(i.timer_list_remove)
    timer_list_remove                        0x00017ed5   Thumb Code   150  app_timer.o(i.timer_list_remove)
    i.timer_start_op_schedule                0x00017f74   Section        0  app_timer.o(i.timer_start_op_schedule)
    timer_start_op_schedule                  0x00017f75   Thumb Code    80  app_timer.o(i.timer_start_op_schedule)
    i.timer_stop_op_schedule                 0x00017fc8   Section        0  app_timer.o(i.timer_stop_op_schedule)
    timer_stop_op_schedule                   0x00017fc9   Thumb Code    58  app_timer.o(i.timer_stop_op_schedule)
    i.timer_timeouts_check                   0x00018008   Section        0  app_timer.o(i.timer_timeouts_check)
    timer_timeouts_check                     0x00018009   Thumb Code   128  app_timer.o(i.timer_timeouts_check)
    i.timer_timeouts_check_sched             0x000180a0   Section        0  app_timer.o(i.timer_timeouts_check_sched)
    timer_timeouts_check_sched               0x000180a1   Thumb Code    10  app_timer.o(i.timer_timeouts_check_sched)
    i.timers_init                            0x000180ac   Section        0  main.o(i.timers_init)
    timers_init                              0x000180ad   Thumb Code    88  main.o(i.timers_init)
    i.timers_start                           0x0001811c   Section        0  main.o(i.timers_start)
    timers_start                             0x0001811d   Thumb Code    60  main.o(i.timers_start)
    i.timers_stop                            0x00018194   Section        0  main.o(i.timers_stop)
    timers_stop                              0x00018195   Thumb Code    56  main.o(i.timers_stop)
    i.transfer_config                        0x00018204   Section        0  data_transfer.o(i.transfer_config)
    i.transfer_end                           0x00018226   Section        0  data_transfer.o(i.transfer_end)
    i.transfer_identify                      0x0001822a   Section        0  data_transfer.o(i.transfer_identify)
    i.transfer_mode_run                      0x00018230   Section        0  main.o(i.transfer_mode_run)
    transfer_mode_run                        0x00018231   Thumb Code    32  main.o(i.transfer_mode_run)
    i.transfer_start                         0x00018274   Section        0  data_transfer.o(i.transfer_start)
    i.transfer_test                          0x00018280   Section        0  data_transfer.o(i.transfer_test)
    i.twi_master_clear_bus                   0x0001830c   Section        0  twi_hw_master_sd_4_4.o(i.twi_master_clear_bus)
    twi_master_clear_bus                     0x0001830d   Thumb Code   204  twi_hw_master_sd_4_4.o(i.twi_master_clear_bus)
    i.twi_master_init                        0x000183e4   Section        0  twi_hw_master_sd_4_4.o(i.twi_master_init)
    i.twi_master_read                        0x0001847c   Section        0  twi_hw_master_sd_4_4.o(i.twi_master_read)
    twi_master_read                          0x0001847d   Thumb Code   196  twi_hw_master_sd_4_4.o(i.twi_master_read)
    i.twi_master_transfer                    0x00018550   Section        0  twi_hw_master_sd_4_4.o(i.twi_master_transfer)
    i.twi_master_write                       0x00018598   Section        0  twi_hw_master_sd_4_4.o(i.twi_master_write)
    twi_master_write                         0x00018599   Thumb Code   134  twi_hw_master_sd_4_4.o(i.twi_master_write)
    i.tx_char_add                            0x00018630   Section        0  ble_nus.o(i.tx_char_add)
    tx_char_add                              0x00018631   Thumb Code   210  ble_nus.o(i.tx_char_add)
    i.tx_power_level_encode                  0x00018702   Section        0  ble_advdata.o(i.tx_power_level_encode)
    tx_power_level_encode                    0x00018703   Thumb Code    48  ble_advdata.o(i.tx_power_level_encode)
    i.uart_data_handler                      0x00018734   Section        0  data_transfer.o(i.uart_data_handler)
    i.uint16_encode                          0x00018758   Section        0  ble_advdata.o(i.uint16_encode)
    uint16_encode                            0x00018759   Thumb Code    18  ble_advdata.o(i.uint16_encode)
    i.uint8_array_encode                     0x0001876a   Section        0  ble_advdata.o(i.uint8_array_encode)
    uint8_array_encode                       0x0001876b   Thumb Code    82  ble_advdata.o(i.uint8_array_encode)
    i.update_timeout_handler                 0x000187bc   Section        0  ble_conn_params.o(i.update_timeout_handler)
    update_timeout_handler                   0x000187bd   Thumb Code   136  ble_conn_params.o(i.update_timeout_handler)
    i.user_id_get                            0x00018858   Section        0  app_timer.o(i.user_id_get)
    user_id_get                              0x00018859   Thumb Code    34  app_timer.o(i.user_id_get)
    i.user_op_alloc                          0x0001887a   Section        0  app_timer.o(i.user_op_alloc)
    user_op_alloc                            0x0001887b   Thumb Code    44  app_timer.o(i.user_op_alloc)
    i.user_op_enque                          0x000188a6   Section        0  app_timer.o(i.user_op_enque)
    user_op_enque                            0x000188a7   Thumb Code     4  app_timer.o(i.user_op_enque)
    i.uuid_list_encode                       0x000188aa   Section        0  ble_advdata.o(i.uuid_list_encode)
    uuid_list_encode                         0x000188ab   Thumb Code    64  ble_advdata.o(i.uuid_list_encode)
    i.uuid_list_sized_encode                 0x000188ea   Section        0  ble_advdata.o(i.uuid_list_sized_encode)
    uuid_list_sized_encode                   0x000188eb   Thumb Code   196  ble_advdata.o(i.uuid_list_sized_encode)
    .constdata                               0x000189b0   Section        4  data_transfer.o(.constdata)
    .constdata                               0x000189b4   Section       16  ble_nus.o(.constdata)
    .data                                    0x20002000   Section        4  system_nrf51.o(.data)
    __tagsym$$used                           0x20002000   Number         0  system_nrf51.o(.data)
    .data                                    0x20002004   Section       46  main.o(.data)
    m_conn_handle                            0x20002004   Data           2  main.o(.data)
    m_sec_params                             0x2000200a   Data           6  main.o(.data)
    m_sensor_timer_id                        0x20002010   Data           4  main.o(.data)
    .data                                    0x20002034   Section        4  step.o(.data)
    .data                                    0x20002038   Section        1  rtc.o(.data)
    m_device_address                         0x20002038   Data           1  rtc.o(.data)
    .data                                    0x2000203c   Section       14  data_transfer.o(.data)
    m_conn_handle                            0x2000203c   Data           2  data_transfer.o(.data)
    nus_init                                 0x20002040   Data           4  data_transfer.o(.data)
    m_sec_params                             0x20002044   Data           6  data_transfer.o(.data)
    .data                                    0x2000204c   Section       36  app_timer.o(.data)
    mp_nodes                                 0x2000204c   Data           4  app_timer.o(.data)
    m_node_array_size                        0x20002050   Data           1  app_timer.o(.data)
    m_user_array_size                        0x20002051   Data           1  app_timer.o(.data)
    mp_users                                 0x20002054   Data           4  app_timer.o(.data)
    m_timer_id_head                          0x20002058   Data           4  app_timer.o(.data)
    m_ticks_latest                           0x2000205c   Data           4  app_timer.o(.data)
    m_ticks_elapsed                          0x20002060   Data           8  app_timer.o(.data)
    m_ticks_elapsed_q_read_ind               0x20002068   Data           1  app_timer.o(.data)
    m_ticks_elapsed_q_write_ind              0x20002069   Data           1  app_timer.o(.data)
    m_evt_schedule_func                      0x2000206c   Data           4  app_timer.o(.data)
    .data                                    0x20002070   Section        1  ble_flash.o(.data)
    m_radio_active                           0x20002070   Data           1  ble_flash.o(.data)
    .data                                    0x20002074   Section        8  ble_debug_assert_handler.o(.data)
    s_line_num                               0x20002074   Data           2  ble_debug_assert_handler.o(.data)
    s_error_code                             0x20002078   Data           4  ble_debug_assert_handler.o(.data)
    .data                                    0x2000207c   Section       28  ble_conn_params.o(.data)
    m_change_param                           0x2000207c   Data           1  ble_conn_params.o(.data)
    m_preferred_conn_params                  0x2000207e   Data           8  ble_conn_params.o(.data)
    m_update_count                           0x20002086   Data           1  ble_conn_params.o(.data)
    m_conn_handle                            0x20002088   Data           2  ble_conn_params.o(.data)
    m_current_conn_params                    0x2000208a   Data           8  ble_conn_params.o(.data)
    m_conn_params_timer_id                   0x20002094   Data           4  ble_conn_params.o(.data)
    .data                                    0x20002098   Section       24  softdevice_handler.o(.data)
    m_softdevice_enabled                     0x20002098   Data           1  softdevice_handler.o(.data)
    m_evt_schedule_func                      0x2000209c   Data           4  softdevice_handler.o(.data)
    m_evt_buffer                             0x200020a0   Data           4  softdevice_handler.o(.data)
    m_ble_evt_buffer_size                    0x200020a4   Data           2  softdevice_handler.o(.data)
    m_ble_evt_handler                        0x200020a8   Data           4  softdevice_handler.o(.data)
    m_sys_evt_handler                        0x200020ac   Data           4  softdevice_handler.o(.data)
    .data                                    0x200020b0   Section        4  mvars.o(.data)
    .data                                    0x200020b4   Section        4  mvars.o(.data)
    .bss                                     0x200020b8   Section      916  main.o(.bss)
    m_auth_status                            0x200020b8   Data          50  main.o(.bss)
    EVT_BUFFER                               0x200020ec   Data          80  main.o(.bss)
    APP_TIMER_BUF                            0x2000213c   Data         688  main.o(.bss)
    m_nus                                    0x200023ec   Data          28  main.o(.bss)
    .bss                                     0x2000244c   Section       48  step.o(.bss)
    .bss                                     0x2000247c   Section      128  ble_debug_assert_handler.o(.bss)
    s_file_name                              0x2000247c   Data         128  ble_debug_assert_handler.o(.bss)
    .bss                                     0x200024fc   Section       28  ble_conn_params.o(.bss)
    m_conn_params_config                     0x200024fc   Data          28  ble_conn_params.o(.bss)
    .bss                                     0x20002518   Section      876  pstorage.o(.bss)
    m_cmd_queue                              0x20002518   Data         844  pstorage.o(.bss)
    m_app_table                              0x20002864   Data          32  pstorage.o(.bss)
    HEAP                                     0x20002888   Section     2048  arm_startup_nrf51.o(HEAP)
    STACK                                    0x20003088   Section     2048  arm_startup_nrf51.o(STACK)

    Global Symbols

    Symbol Name                              Value     Ov Type        Size  Object(Section)

    BuildAttributes$$THM_ISAv3M$S$PE$A:L22$X:L11$S22$IEEE1$IW$USESV6$~STKCKD$USESV7$~SHL$OSPACE$ROPI$EBA8$MICROLIB$REQ8$PRES8$EABIv2 0x00000000   Number         0  anon$$obj.o ABSOLUTE
    __ARM_use_no_argv                        0x00000000   Number         0  main.o ABSOLUTE
    _printf_a                                0x00000000   Number         0  stubs.o ABSOLUTE
    _printf_c                                0x00000000   Number         0  stubs.o ABSOLUTE
    _printf_charcount                        0x00000000   Number         0  stubs.o ABSOLUTE
    _printf_d                                0x00000000   Number         0  stubs.o ABSOLUTE
    _printf_e                                0x00000000   Number         0  stubs.o ABSOLUTE
    _printf_f                                0x00000000   Number         0  stubs.o ABSOLUTE
    _printf_flags                            0x00000000   Number         0  stubs.o ABSOLUTE
    _printf_fp_dec                           0x00000000   Number         0  stubs.o ABSOLUTE
    _printf_fp_hex                           0x00000000   Number         0  stubs.o ABSOLUTE
    _printf_g                                0x00000000   Number         0  stubs.o ABSOLUTE
    _printf_i                                0x00000000   Number         0  stubs.o ABSOLUTE
    _printf_int_dec                          0x00000000   Number         0  stubs.o ABSOLUTE
    _printf_l                                0x00000000   Number         0  stubs.o ABSOLUTE
    _printf_lc                               0x00000000   Number         0  stubs.o ABSOLUTE
    _printf_ll                               0x00000000   Number         0  stubs.o ABSOLUTE
    _printf_lld                              0x00000000   Number         0  stubs.o ABSOLUTE
    _printf_lli                              0x00000000   Number         0  stubs.o ABSOLUTE
    _printf_llo                              0x00000000   Number         0  stubs.o ABSOLUTE
    _printf_llu                              0x00000000   Number         0  stubs.o ABSOLUTE
    _printf_llx                              0x00000000   Number         0  stubs.o ABSOLUTE
    _printf_longlong_dec                     0x00000000   Number         0  stubs.o ABSOLUTE
    _printf_longlong_hex                     0x00000000   Number         0  stubs.o ABSOLUTE
    _printf_longlong_oct                     0x00000000   Number         0  stubs.o ABSOLUTE
    _printf_ls                               0x00000000   Number         0  stubs.o ABSOLUTE
    _printf_mbtowc                           0x00000000   Number         0  stubs.o ABSOLUTE
    _printf_n                                0x00000000   Number         0  stubs.o ABSOLUTE
    _printf_o                                0x00000000   Number         0  stubs.o ABSOLUTE
    _printf_p                                0x00000000   Number         0  stubs.o ABSOLUTE
    _printf_percent                          0x00000000   Number         0  stubs.o ABSOLUTE
    _printf_pre_padding                      0x00000000   Number         0  stubs.o ABSOLUTE
    _printf_return_value                     0x00000000   Number         0  stubs.o ABSOLUTE
    _printf_s                                0x00000000   Number         0  stubs.o ABSOLUTE
    _printf_sizespec                         0x00000000   Number         0  stubs.o ABSOLUTE
    _printf_str                              0x00000000   Number         0  stubs.o ABSOLUTE
    _printf_truncate_signed                  0x00000000   Number         0  stubs.o ABSOLUTE
    _printf_truncate_unsigned                0x00000000   Number         0  stubs.o ABSOLUTE
    _printf_u                                0x00000000   Number         0  stubs.o ABSOLUTE
    _printf_wc                               0x00000000   Number         0  stubs.o ABSOLUTE
    _printf_wctomb                           0x00000000   Number         0  stubs.o ABSOLUTE
    _printf_widthprec                        0x00000000   Number         0  stubs.o ABSOLUTE
    _printf_x                                0x00000000   Number         0  stubs.o ABSOLUTE
    __cpp_initialize__aeabi_                  - Undefined Weak Reference
    __cxa_finalize                            - Undefined Weak Reference
    __decompress                              - Undefined Weak Reference
    _clock_init                               - Undefined Weak Reference
    _microlib_exit                            - Undefined Weak Reference
    __Vectors_Size                           0x000000c0   Number         0  arm_startup_nrf51.o ABSOLUTE
    __Vectors                                0x00014000   Data           4  arm_startup_nrf51.o(RESET)
    __Vectors_End                            0x000140c0   Data           0  arm_startup_nrf51.o(RESET)
    __main                                   0x000140c1   Thumb Code     0  entry.o(.ARM.Collect$$$$00000000)
    _main_stk                                0x000140c1   Thumb Code     0  entry2.o(.ARM.Collect$$$$00000001)
    _main_scatterload                        0x000140c5   Thumb Code     0  entry5.o(.ARM.Collect$$$$00000004)
    __main_after_scatterload                 0x000140c9   Thumb Code     0  entry5.o(.ARM.Collect$$$$00000004)
    _main_clock                              0x000140c9   Thumb Code     0  entry7b.o(.ARM.Collect$$$$00000008)
    _main_cpp_init                           0x000140c9   Thumb Code     0  entry8b.o(.ARM.Collect$$$$0000000A)
    _main_init                               0x000140c9   Thumb Code     0  entry9a.o(.ARM.Collect$$$$0000000B)
    __rt_final_cpp                           0x000140d1   Thumb Code     0  entry10a.o(.ARM.Collect$$$$0000000D)
    __rt_final_exit                          0x000140d1   Thumb Code     0  entry11a.o(.ARM.Collect$$$$0000000F)
    __asm___11_app_timer_c_cd27f9c3__nrf_delay_us 0x000140d5   Thumb Code    30  app_timer.o(.emb_text)
    __asm___22_twi_hw_master_SD_4_4_c_959ec897__nrf_delay_us 0x000140f5   Thumb Code    30  twi_hw_master_sd_4_4.o(.emb_text)
    Reset_Handler                            0x00014115   Thumb Code    18  arm_startup_nrf51.o(.text)
    NMI_Handler                              0x00014127   Thumb Code     2  arm_startup_nrf51.o(.text)
    HardFault_Handler                        0x00014129   Thumb Code     2  arm_startup_nrf51.o(.text)
    SVC_Handler                              0x0001412b   Thumb Code     2  arm_startup_nrf51.o(.text)
    PendSV_Handler                           0x0001412d   Thumb Code     2  arm_startup_nrf51.o(.text)
    SysTick_Handler                          0x0001412f   Thumb Code     2  arm_startup_nrf51.o(.text)
    CCM_AAR_IRQHandler                       0x00014131   Thumb Code     0  arm_startup_nrf51.o(.text)
    ECB_IRQHandler                           0x00014131   Thumb Code     0  arm_startup_nrf51.o(.text)
    GPIOTE_IRQHandler                        0x00014131   Thumb Code     0  arm_startup_nrf51.o(.text)
    LPCOMP_COMP_IRQHandler                   0x00014131   Thumb Code     0  arm_startup_nrf51.o(.text)
    POWER_CLOCK_IRQHandler                   0x00014131   Thumb Code     0  arm_startup_nrf51.o(.text)
    QDEC_IRQHandler                          0x00014131   Thumb Code     0  arm_startup_nrf51.o(.text)
    RADIO_IRQHandler                         0x00014131   Thumb Code     0  arm_startup_nrf51.o(.text)
    RNG_IRQHandler                           0x00014131   Thumb Code     0  arm_startup_nrf51.o(.text)
    RTC0_IRQHandler                          0x00014131   Thumb Code     0  arm_startup_nrf51.o(.text)
    SPI0_TWI0_IRQHandler                     0x00014131   Thumb Code     0  arm_startup_nrf51.o(.text)
    SPI1_TWI1_IRQHandler                     0x00014131   Thumb Code     0  arm_startup_nrf51.o(.text)
    SWI1_IRQHandler                          0x00014131   Thumb Code     0  arm_startup_nrf51.o(.text)
    SWI3_IRQHandler                          0x00014131   Thumb Code     0  arm_startup_nrf51.o(.text)
    SWI4_IRQHandler                          0x00014131   Thumb Code     0  arm_startup_nrf51.o(.text)
    SWI5_IRQHandler                          0x00014131   Thumb Code     0  arm_startup_nrf51.o(.text)
    TEMP_IRQHandler                          0x00014131   Thumb Code     0  arm_startup_nrf51.o(.text)
    TIMER0_IRQHandler                        0x00014131   Thumb Code     0  arm_startup_nrf51.o(.text)
    TIMER1_IRQHandler                        0x00014131   Thumb Code     0  arm_startup_nrf51.o(.text)
    TIMER2_IRQHandler                        0x00014131   Thumb Code     0  arm_startup_nrf51.o(.text)
    UART0_IRQHandler                         0x00014131   Thumb Code     0  arm_startup_nrf51.o(.text)
    WDT_IRQHandler                           0x00014131   Thumb Code     0  arm_startup_nrf51.o(.text)
    __aeabi_uidiv                            0x00014141   Thumb Code     0  uidiv.o(.text)
    __aeabi_uidivmod                         0x00014141   Thumb Code    44  uidiv.o(.text)
    __aeabi_idiv                             0x0001416d   Thumb Code     0  idiv.o(.text)
    __aeabi_idivmod                          0x0001416d   Thumb Code    40  idiv.o(.text)
    __aeabi_memcpy                           0x00014195   Thumb Code    36  memcpya.o(.text)
    __aeabi_memcpy4                          0x00014195   Thumb Code     0  memcpya.o(.text)
    __aeabi_memcpy8                          0x00014195   Thumb Code     0  memcpya.o(.text)
    __aeabi_memset                           0x000141b9   Thumb Code    14  memseta.o(.text)
    __aeabi_memset4                          0x000141b9   Thumb Code     0  memseta.o(.text)
    __aeabi_memset8                          0x000141b9   Thumb Code     0  memseta.o(.text)
    __aeabi_memclr                           0x000141c7   Thumb Code     4  memseta.o(.text)
    __aeabi_memclr4                          0x000141c7   Thumb Code     0  memseta.o(.text)
    __aeabi_memclr8                          0x000141c7   Thumb Code     0  memseta.o(.text)
    _memset$wrapper                          0x000141cb   Thumb Code    18  memseta.o(.text)
    strncpy                                  0x000141dd   Thumb Code    26  strncpy.o(.text)
    strncmp                                  0x000141f7   Thumb Code    30  strncmp.o(.text)
    __aeabi_uldivmod                         0x00014215   Thumb Code    96  uldiv.o(.text)
    __scatterload                            0x00014275   Thumb Code    28  init.o(.text)
    __scatterload_rt2                        0x00014275   Thumb Code     0  init.o(.text)
    __aeabi_llsl                             0x00014299   Thumb Code    32  llshl.o(.text)
    _ll_shift_l                              0x00014299   Thumb Code     0  llshl.o(.text)
    __aeabi_llsr                             0x000142b9   Thumb Code    34  llushr.o(.text)
    _ll_ushift_r                             0x000142b9   Thumb Code     0  llushr.o(.text)
    ADC_GPIO_set                             0x000142db   Thumb Code    24  sensor.o(i.ADC_GPIO_set)
    ADC_IRQHandler                           0x000142f5   Thumb Code    62  sensor.o(i.ADC_IRQHandler)
    RTC1_IRQHandler                          0x000143f5   Thumb Code    34  app_timer.o(i.RTC1_IRQHandler)
    SWI0_IRQHandler                          0x0001441d   Thumb Code     8  app_timer.o(i.SWI0_IRQHandler)
    SWI2_IRQHandler                          0x00014425   Thumb Code    52  softdevice_handler.o(i.SWI2_IRQHandler)
    SystemInit                               0x00014489   Thumb Code    38  system_nrf51.o(i.SystemInit)
    W1_flash_words_read                      0x000144c1   Thumb Code    72  ble_flash.o(i.W1_flash_words_read)
    W1_flash_words_read2                     0x0001450d   Thumb Code    74  ble_flash.o(i.W1_flash_words_read2)
    W1_flash_words_write                     0x0001455d   Thumb Code    66  ble_flash.o(i.W1_flash_words_write)
    W1_flash_write_prepare                   0x0001459f   Thumb Code    12  main.o(i.W1_flash_write_prepare)
    W1_flash_write_restore                   0x000145ab   Thumb Code    12  main.o(i.W1_flash_write_restore)
    W1_softdevice_handler_sd_enable          0x000145b7   Thumb Code     8  main.o(i.W1_softdevice_handler_sd_enable)
    W1_transfer_data                         0x000145c1   Thumb Code   188  data_transfer.o(i.W1_transfer_data)
    __0sprintf$8                             0x000146ed   Thumb Code    36  printf8.o(i.__0sprintf$8)
    __1sprintf$8                             0x000146ed   Thumb Code     0  printf8.o(i.__0sprintf$8)
    __2sprintf                               0x000146ed   Thumb Code     0  printf8.o(i.__0sprintf$8)
    __scatterload_copy                       0x00014715   Thumb Code    14  handlers.o(i.__scatterload_copy)
    __scatterload_null                       0x00014723   Thumb Code     2  handlers.o(i.__scatterload_null)
    __scatterload_zeroinit                   0x00014725   Thumb Code    14  handlers.o(i.__scatterload_zeroinit)
    app_error_handler                        0x00014e35   Thumb Code    26  main.o(i.app_error_handler)
    app_timer_create                         0x00014ec5   Thumb Code   108  app_timer.o(i.app_timer_create)
    app_timer_init                           0x00014f39   Thumb Code   202  app_timer.o(i.app_timer_init)
    app_timer_start                          0x00015029   Thumb Code    98  app_timer.o(i.app_timer_start)
    app_timer_stop                           0x00015095   Thumb Code    60  app_timer.o(i.app_timer_stop)
    array_ncpy                               0x00015123   Thumb Code    24  main.o(i.array_ncpy)
    assert_nrf_callback                      0x0001513d   Thumb Code    18  main.o(i.assert_nrf_callback)
    ble_advdata_set                          0x00015155   Thumb Code   122  ble_advdata.o(i.ble_advdata_set)
    ble_conn_params_init                     0x000151d1   Thumb Code    90  ble_conn_params.o(i.ble_conn_params_init)
    ble_conn_params_on_ble_evt               0x00015249   Thumb Code    62  ble_conn_params.o(i.ble_conn_params_on_ble_evt)
    ble_debug_assert_handler                 0x00015289   Thumb Code    46  ble_debug_assert_handler.o(i.ble_debug_assert_handler)
    ble_flash_crc16_compute                  0x000152e5   Thumb Code    64  ble_flash.o(i.ble_flash_crc16_compute)
    ble_flash_page_read                      0x00015329   Thumb Code   112  ble_flash.o(i.ble_flash_page_read)
    ble_flash_page_write                     0x0001539d   Thumb Code   120  ble_flash.o(i.ble_flash_page_write)
    ble_nus_init                             0x00015419   Thumb Code   116  ble_nus.o(i.ble_nus_init)
    ble_nus_on_ble_evt                       0x00015491   Thumb Code    58  ble_nus.o(i.ble_nus_on_ble_evt)
    ble_nus_send_string                      0x000154cb   Thumb Code    68  ble_nus.o(i.ble_nus_send_string)
    ble_transfer_data                        0x0001559d   Thumb Code    50  main.o(i.ble_transfer_data)
    check_step                               0x000155f1   Thumb Code    64  main.o(i.check_step)
    check_timeout                            0x00015649   Thumb Code    48  main.o(i.check_timeout)
    device_info_update                       0x000159ed   Thumb Code   306  step.o(i.device_info_update)
    device_init                              0x00015b99   Thumb Code   344  step.o(i.device_init)
    free                                     0x00015f59   Thumb Code    80  malloc.o(i.free)
    get_time                                 0x0001604d   Thumb Code    36  rtc.o(i.get_time)
    intern_softdevice_events_execute         0x00016071   Thumb Code   168  softdevice_handler.o(i.intern_softdevice_events_execute)
    is_step                                  0x00016215   Thumb Code   126  step.o(i.is_step)
    main                                     0x0001647d   Thumb Code   202  main.o(i.main)
    malloc                                   0x000165a1   Thumb Code    92  malloc.o(i.malloc)
    mode_switch                              0x00016679   Thumb Code    38  step.o(i.mode_switch)
    on_command_handler                       0x0001690d   Thumb Code   748  main.o(i.on_command_handler)
    pstorage_sys_event_handler               0x00017135   Thumb Code    98  pstorage.o(i.pstorage_sys_event_handler)
    rs5c372a_init                            0x0001719d   Thumb Code    24  rtc.o(i.rs5c372a_init)
    rs5c372a_register_write                  0x000171b9   Thumb Code    32  rtc.o(i.rs5c372a_register_write)
    rs5c372a_registers_read                  0x000171dd   Thumb Code    76  rtc.o(i.rs5c372a_registers_read)
    rs5c372a_registers_write                 0x0001722d   Thumb Code    72  rtc.o(i.rs5c372a_registers_write)
    rtc_init                                 0x00017309   Thumb Code    74  rtc.o(i.rtc_init)
    sensor_start                             0x00017501   Thumb Code   142  sensor.o(i.sensor_start)
    show_time                                0x0001768d   Thumb Code    26  rtc.o(i.show_time)
    simple_uart_config                       0x000176a9   Thumb Code    90  simple_uart.o(i.simple_uart_config)
    simple_uart_get                          0x00017715   Thumb Code    24  simple_uart.o(i.simple_uart_get)
    simple_uart_put                          0x00017735   Thumb Code    22  simple_uart.o(i.simple_uart_put)
    simple_uart_putlen                       0x00017755   Thumb Code    38  simple_uart.o(i.simple_uart_putlen)
    simple_uart_putstring                    0x0001777b   Thumb Code    32  simple_uart.o(i.simple_uart_putstring)
    softdevice_assertion_handler             0x0001779b   Thumb Code    18  softdevice_handler.o(i.softdevice_assertion_handler)
    softdevice_ble_evt_handler_set           0x000177ad   Thumb Code    18  softdevice_handler.o(i.softdevice_ble_evt_handler_set)
    softdevice_handler_init                  0x000177c5   Thumb Code    82  softdevice_handler.o(i.softdevice_handler_init)
    softdevice_handler_sd_disable            0x0001782d   Thumb Code    24  softdevice_handler.o(i.softdevice_handler_sd_disable)
    softdevice_sys_evt_handler_set           0x00017849   Thumb Code    18  softdevice_handler.o(i.softdevice_sys_evt_handler_set)
    step_init                                0x00017871   Thumb Code    44  step.o(i.step_init)
    step_mode_run                            0x0001789d   Thumb Code   344  step.o(i.step_mode_run)
    step_write2flash                         0x00017ac1   Thumb Code   242  step.o(i.step_write2flash)
    time_display                             0x00017cb5   Thumb Code    50  rtc.o(i.time_display)
    time_reset                               0x00017d11   Thumb Code    36  rtc.o(i.time_reset)
    transfer_config                          0x00018205   Thumb Code    34  data_transfer.o(i.transfer_config)
    transfer_end                             0x00018227   Thumb Code     4  data_transfer.o(i.transfer_end)
    transfer_identify                        0x0001822b   Thumb Code     4  data_transfer.o(i.transfer_identify)
    transfer_start                           0x00018275   Thumb Code    12  data_transfer.o(i.transfer_start)
    transfer_test                            0x00018281   Thumb Code    90  data_transfer.o(i.transfer_test)
    twi_master_init                          0x000183e5   Thumb Code   110  twi_hw_master_sd_4_4.o(i.twi_master_init)
    twi_master_transfer                      0x00018551   Thumb Code    68  twi_hw_master_sd_4_4.o(i.twi_master_transfer)
    uart_data_handler                        0x00018735   Thumb Code    32  data_transfer.o(i.uart_data_handler)
    Region$$Table$$Base                      0x000189c4   Number         0  anon$$obj.o(Region$$Table)
    Region$$Table$$Limit                     0x000189d4   Number         0  anon$$obj.o(Region$$Table)
    SystemCoreClock                          0x20002000   Data           4  system_nrf51.o(.data)
    next_transfer_page                       0x20002006   Data           1  main.o(.data)
    last_transfer_page                       0x20002007   Data           1  main.o(.data)
    T_end_roll                               0x20002008   Data           1  main.o(.data)
    time                                     0x20002014   Data           7  main.o(.data)
    step                                     0x2000201c   Data           8  main.o(.data)
    data_storage                             0x20002024   Data           8  main.o(.data)
    device_config_main                       0x2000202c   Data           4  main.o(.data)
    power_off_flag                           0x20002030   Data           1  main.o(.data)
    permission_agree                         0x20002031   Data           1  main.o(.data)
    W1_step_buffer                           0x20002034   Data           4  step.o(.data)
    __microlib_freelist                      0x200020b0   Data           4  mvars.o(.data)
    __microlib_freelist_initialised          0x200020b4   Data           4  mvars.o(.data)
    step_buffer                              0x20002408   Data          41  main.o(.bss)
    step_count                               0x20002434   Data          24  main.o(.bss)
    device_config                            0x2000244c   Data          48  step.o(.bss)
    __heap_base                              0x20002888   Data           0  arm_startup_nrf51.o(HEAP)
    __heap_limit                             0x20003088   Data           0  arm_startup_nrf51.o(HEAP)
    __initial_sp                             0x20003888   Data           0  arm_startup_nrf51.o(STACK)



==============================================================================

Memory Map of the image

  Image Entry point : 0x000140c1

  Load Region LR_IROM1 (Base: 0x00014000, Size: 0x00004a8c, Max: 0x0002b000, ABSOLUTE)

    Execution Region ER_IROM1 (Base: 0x00014000, Size: 0x000049d4, Max: 0x0002b000, ABSOLUTE)

    Base Addr    Size         Type   Attr      Idx    E Section Name        Object

    0x00014000   0x000000c0   Data   RO            3    RESET               arm_startup_nrf51.o
    0x000140c0   0x00000000   Code   RO         1721  * .ARM.Collect$$$$00000000  mc_p.l(entry.o)
    0x000140c0   0x00000004   Code   RO         2027    .ARM.Collect$$$$00000001  mc_p.l(entry2.o)
    0x000140c4   0x00000004   Code   RO         2030    .ARM.Collect$$$$00000004  mc_p.l(entry5.o)
    0x000140c8   0x00000000   Code   RO         2032    .ARM.Collect$$$$00000008  mc_p.l(entry7b.o)
    0x000140c8   0x00000000   Code   RO         2034    .ARM.Collect$$$$0000000A  mc_p.l(entry8b.o)
    0x000140c8   0x00000008   Code   RO         2035    .ARM.Collect$$$$0000000B  mc_p.l(entry9a.o)
    0x000140d0   0x00000000   Code   RO         2037    .ARM.Collect$$$$0000000D  mc_p.l(entry10a.o)
    0x000140d0   0x00000000   Code   RO         2039    .ARM.Collect$$$$0000000F  mc_p.l(entry11a.o)
    0x000140d0   0x00000004   Code   RO         2028    .ARM.Collect$$$$00002712  mc_p.l(entry2.o)
    0x000140d4   0x0000001e   Code   RO          917    .emb_text           app_timer.o
    0x000140f2   0x00000002   PAD
    0x000140f4   0x0000001e   Code   RO         1421    .emb_text           twi_hw_master_sd_4_4.o
    0x00014112   0x00000002   PAD
    0x00014114   0x0000002c   Code   RO            4    .text               arm_startup_nrf51.o
    0x00014140   0x0000002c   Code   RO         1724    .text               mc_p.l(uidiv.o)
    0x0001416c   0x00000028   Code   RO         1726    .text               mc_p.l(idiv.o)
    0x00014194   0x00000024   Code   RO         1728    .text               mc_p.l(memcpya.o)
    0x000141b8   0x00000024   Code   RO         1730    .text               mc_p.l(memseta.o)
    0x000141dc   0x0000001a   Code   RO         1732    .text               mc_p.l(strncpy.o)
    0x000141f6   0x0000001e   Code   RO         1734    .text               mc_p.l(strncmp.o)
    0x00014214   0x00000060   Code   RO         2044    .text               mc_p.l(uldiv.o)
    0x00014274   0x00000024   Code   RO         2059    .text               mc_p.l(init.o)
    0x00014298   0x00000020   Code   RO         2062    .text               mc_p.l(llshl.o)
    0x000142b8   0x00000022   Code   RO         2064    .text               mc_p.l(llushr.o)
    0x000142da   0x00000018   Code   RO          394    i.ADC_GPIO_set      sensor.o
    0x000142f2   0x00000002   PAD
    0x000142f4   0x0000004c   Code   RO          395    i.ADC_IRQHandler    sensor.o
    0x00014340   0x00000014   Code   RO          918    i.NVIC_ClearPendingIRQ  app_timer.o
    0x00014354   0x00000014   Code   RO          919    i.NVIC_EnableIRQ    app_timer.o
    0x00014368   0x00000014   Code   RO          920    i.NVIC_SetPendingIRQ  app_timer.o
    0x0001437c   0x00000078   Code   RO          921    i.NVIC_SetPriority  app_timer.o
    0x000143f4   0x00000028   Code   RO          922    i.RTC1_IRQHandler   app_timer.o
    0x0001441c   0x00000008   Code   RO          923    i.SWI0_IRQHandler   app_timer.o
    0x00014424   0x00000064   Code   RO         1665    i.SWI2_IRQHandler   softdevice_handler.o
    0x00014488   0x00000038   Code   RO           13    i.SystemInit        system_nrf51.o
    0x000144c0   0x0000004c   Code   RO         1207    i.W1_flash_words_read  ble_flash.o
    0x0001450c   0x00000050   Code   RO         1208    i.W1_flash_words_read2  ble_flash.o
    0x0001455c   0x00000042   Code   RO         1209    i.W1_flash_words_write  ble_flash.o
    0x0001459e   0x0000000c   Code   RO           85    i.W1_flash_write_prepare  main.o
    0x000145aa   0x0000000c   Code   RO           86    i.W1_flash_write_restore  main.o
    0x000145b6   0x00000008   Code   RO           87    i.W1_softdevice_handler_sd_enable  main.o
    0x000145be   0x00000002   PAD
    0x000145c0   0x0000012c   Code   RO          672    i.W1_transfer_data  data_transfer.o
    0x000146ec   0x00000028   Code   RO         1947    i.__0sprintf$8      mc_p.l(printf8.o)
    0x00014714   0x0000000e   Code   RO         2075    i.__scatterload_copy  mc_p.l(handlers.o)
    0x00014722   0x00000002   Code   RO         2076    i.__scatterload_null  mc_p.l(handlers.o)
    0x00014724   0x0000000e   Code   RO         2077    i.__scatterload_zeroinit  mc_p.l(handlers.o)
    0x00014732   0x00000002   PAD
    0x00014734   0x00000430   Code   RO         1952    i._printf_core      mc_p.l(printf8.o)
    0x00014b64   0x00000020   Code   RO         1953    i._printf_post_padding  mc_p.l(printf8.o)
    0x00014b84   0x0000002c   Code   RO         1954    i._printf_pre_padding  mc_p.l(printf8.o)
    0x00014bb0   0x0000000a   Code   RO         1956    i._sputc            mc_p.l(printf8.o)
    0x00014bba   0x0000012e   Code   RO         1472    i.adv_data_encode   ble_advdata.o
    0x00014ce8   0x00000020   Code   RO         1473    i.advdata_check     ble_advdata.o
    0x00014d08   0x00000080   Code   RO          674    i.advertising_init  data_transfer.o
    0x00014d88   0x00000054   Code   RO           88    i.advertising_start  main.o
    0x00014ddc   0x00000058   Code   RO          675    i.advertising_start  data_transfer.o
    0x00014e34   0x0000001a   Code   RO           89    i.app_error_handler  main.o
    0x00014e4e   0x00000002   PAD
    0x00014e50   0x00000074   Code   RO         1568    i.app_notify        pstorage.o
    0x00014ec4   0x00000074   Code   RO          926    i.app_timer_create  app_timer.o
    0x00014f38   0x000000f0   Code   RO          927    i.app_timer_init    app_timer.o
    0x00015028   0x0000006c   Code   RO          928    i.app_timer_start   app_timer.o
    0x00015094   0x00000044   Code   RO          929    i.app_timer_stop    app_timer.o
    0x000150d8   0x0000004a   Code   RO         1474    i.appearance_encode  ble_advdata.o
    0x00015122   0x00000018   Code   RO           90    i.array_ncpy        main.o
    0x0001513a   0x00000002   PAD
    0x0001513c   0x00000018   Code   RO           91    i.assert_nrf_callback  main.o
    0x00015154   0x0000007a   Code   RO         1475    i.ble_advdata_set   ble_advdata.o
    0x000151ce   0x00000002   PAD
    0x000151d0   0x00000078   Code   RO         1333    i.ble_conn_params_init  ble_conn_params.o
    0x00015248   0x0000003e   Code   RO         1334    i.ble_conn_params_on_ble_evt  ble_conn_params.o
    0x00015286   0x00000002   PAD
    0x00015288   0x0000003c   Code   RO         1310    i.ble_debug_assert_handler  ble_debug_assert_handler.o
    0x000152c4   0x00000020   Code   RO           92    i.ble_evt_dispatch  main.o
    0x000152e4   0x00000044   Code   RO         1211    i.ble_flash_crc16_compute  ble_flash.o
    0x00015328   0x00000074   Code   RO         1215    i.ble_flash_page_read  ble_flash.o
    0x0001539c   0x0000007c   Code   RO         1216    i.ble_flash_page_write  ble_flash.o
    0x00015418   0x00000078   Code   RO          822    i.ble_nus_init      ble_nus.o
    0x00015490   0x0000003a   Code   RO          823    i.ble_nus_on_ble_evt  ble_nus.o
    0x000154ca   0x00000044   Code   RO          824    i.ble_nus_send_string  ble_nus.o
    0x0001550e   0x00000002   PAD
    0x00015510   0x0000008c   Code   RO           93    i.ble_stack_init    main.o
    0x0001559c   0x00000044   Code   RO           94    i.ble_transfer_data  main.o
    0x000155e0   0x0000000e   Code   RO           95    i.buttons_init      main.o
    0x000155ee   0x00000002   PAD
    0x000155f0   0x00000058   Code   RO           96    i.check_step        main.o
    0x00015648   0x0000003c   Code   RO           97    i.check_timeout     main.o
    0x00015684   0x00000058   Code   RO         1569    i.cmd_queue_dequeue  pstorage.o
    0x000156dc   0x00000044   Code   RO         1572    i.cmd_queue_init_element  pstorage.o
    0x00015720   0x0000008c   Code   RO          931    i.compare_reg_update  app_timer.o
    0x000157ac   0x0000005c   Code   RO         1476    i.conn_int_check    ble_advdata.o
    0x00015808   0x0000005c   Code   RO         1477    i.conn_int_encode   ble_advdata.o
    0x00015864   0x00000028   Code   RO          676    i.conn_params_error_handler  data_transfer.o
    0x0001588c   0x00000070   Code   RO          677    i.conn_params_init  data_transfer.o
    0x000158fc   0x00000094   Code   RO         1336    i.conn_params_negotiation  ble_conn_params.o
    0x00015990   0x0000005c   Code   RO          932    i.current_int_priority_get  app_timer.o
    0x000159ec   0x000001ac   Code   RO          485    i.device_info_update  step.o
    0x00015b98   0x00000234   Code   RO          486    i.device_init       step.o
    0x00015dcc   0x00000064   Code   RO          933    i.elapsed_ticks_acquire  app_timer.o
    0x00015e30   0x0000006c   Code   RO          934    i.expired_timers_handler  app_timer.o
    0x00015e9c   0x00000038   Code   RO         1218    i.flash_page_erase  ble_flash.o
    0x00015ed4   0x00000038   Code   RO         1219    i.flash_word_unprotected_write  ble_flash.o
    0x00015f0c   0x0000004c   Code   RO         1220    i.flash_word_write  ble_flash.o
    0x00015f58   0x00000054   Code   RO         1999    i.free              mc_p.l(malloc.o)
    0x00015fac   0x000000a0   Code   RO          679    i.gap_params_init   data_transfer.o
    0x0001604c   0x00000024   Code   RO          591    i.get_time          rtc.o
    0x00016070   0x000000e8   Code   RO         1666    i.intern_softdevice_events_execute  softdevice_handler.o
    0x00016158   0x00000024   Code   RO         1337    i.is_conn_params_ok  ble_conn_params.o
    0x0001617c   0x00000034   Code   RO           14    i.is_disabled_in_debug_needed  system_nrf51.o
    0x000161b0   0x00000064   Code   RO           15    i.is_manual_peripheral_setup_needed  system_nrf51.o
    0x00016214   0x0000008c   Code   RO          488    i.is_step           step.o
    0x000162a0   0x000000c0   Code   RO          935    i.list_deletions_handler  app_timer.o
    0x00016360   0x0000011c   Code   RO          936    i.list_insertions_handler  app_timer.o
    0x0001647c   0x00000124   Code   RO           99    i.main              main.o
    0x000165a0   0x0000006c   Code   RO         2000    i.malloc            mc_p.l(malloc.o)
    0x0001660c   0x0000006a   Code   RO         1478    i.manuf_specific_data_encode  ble_advdata.o
    0x00016676   0x00000002   PAD
    0x00016678   0x00000068   Code   RO          490    i.mode_switch       step.o
    0x000166e0   0x00000096   Code   RO         1479    i.name_encode       ble_advdata.o
    0x00016776   0x00000014   Code   RO         1141    i.nrf_gpio_cfg_input  simple_uart.o
    0x0001678a   0x00000012   Code   RO         1142    i.nrf_gpio_cfg_output  simple_uart.o
    0x0001679c   0x00000018   Code   RO          100    i.nrf_gpio_cfg_sense_input  main.o
    0x000167b4   0x00000010   Code   RO          101    i.nrf_gpio_pin_clear  main.o
    0x000167c4   0x00000010   Code   RO          102    i.nrf_gpio_pin_set  main.o
    0x000167d4   0x00000138   Code   RO          103    i.on_ble_evt        main.o
    0x0001690c   0x000005b8   Code   RO          104    i.on_command_handler  main.o
    0x00016ec4   0x00000048   Code   RO          681    i.on_conn_params_evt  data_transfer.o
    0x00016f0c   0x00000018   Code   RO         1338    i.on_conn_params_update  ble_conn_params.o
    0x00016f24   0x00000006   Code   RO          825    i.on_connect        ble_nus.o
    0x00016f2a   0x00000002   PAD
    0x00016f2c   0x0000003c   Code   RO         1339    i.on_connect        ble_conn_params.o
    0x00016f68   0x00000008   Code   RO          826    i.on_disconnect     ble_nus.o
    0x00016f70   0x00000044   Code   RO         1340    i.on_disconnect     ble_conn_params.o
    0x00016fb4   0x00000044   Code   RO          827    i.on_write          ble_nus.o
    0x00016ff8   0x0000005c   Code   RO         1341    i.on_write          ble_conn_params.o
    0x00017054   0x00000040   Code   RO          105    i.power_manage      main.o
    0x00017094   0x000000a0   Code   RO         1574    i.process_cmd       pstorage.o
    0x00017134   0x00000068   Code   RO         1581    i.pstorage_sys_event_handler  pstorage.o
    0x0001719c   0x0000001c   Code   RO          592    i.rs5c372a_init     rtc.o
    0x000171b8   0x00000024   Code   RO          594    i.rs5c372a_register_write  rtc.o
    0x000171dc   0x00000050   Code   RO          595    i.rs5c372a_registers_read  rtc.o
    0x0001722c   0x0000004c   Code   RO          596    i.rs5c372a_registers_write  rtc.o
    0x00017278   0x0000000c   Code   RO          937    i.rtc1_counter_get  app_timer.o
    0x00017284   0x00000018   Code   RO          938    i.rtc1_init         app_timer.o
    0x0001729c   0x00000034   Code   RO          939    i.rtc1_start        app_timer.o
    0x000172d0   0x00000038   Code   RO          940    i.rtc1_stop         app_timer.o
    0x00017308   0x00000070   Code   RO          597    i.rtc_init          rtc.o
    0x00017378   0x00000124   Code   RO          828    i.rx_char_add       ble_nus.o
    0x0001749c   0x00000048   Code   RO          682    i.sec_params_init   data_transfer.o
    0x000174e4   0x0000001c   Code   RO          107    i.sensor_level_meas_timeout_handler  main.o
    0x00017500   0x000000b0   Code   RO          397    i.sensor_start      sensor.o
    0x000175b0   0x0000008c   Code   RO         1480    i.service_data_encode  ble_advdata.o
    0x0001763c   0x00000050   Code   RO          683    i.services_init     data_transfer.o
    0x0001768c   0x0000001a   Code   RO          599    i.show_time         rtc.o
    0x000176a6   0x00000002   PAD
    0x000176a8   0x0000006c   Code   RO         1143    i.simple_uart_config  simple_uart.o
    0x00017714   0x00000020   Code   RO         1144    i.simple_uart_get   simple_uart.o
    0x00017734   0x00000020   Code   RO         1146    i.simple_uart_put   simple_uart.o
    0x00017754   0x00000026   Code   RO         1147    i.simple_uart_putlen  simple_uart.o
    0x0001777a   0x00000020   Code   RO         1148    i.simple_uart_putstring  simple_uart.o
    0x0001779a   0x00000012   Code   RO         1667    i.softdevice_assertion_handler  softdevice_handler.o
    0x000177ac   0x00000018   Code   RO         1668    i.softdevice_ble_evt_handler_set  softdevice_handler.o
    0x000177c4   0x00000068   Code   RO         1669    i.softdevice_handler_init  softdevice_handler.o
    0x0001782c   0x0000001c   Code   RO         1670    i.softdevice_handler_sd_disable  softdevice_handler.o
    0x00017848   0x00000018   Code   RO         1671    i.softdevice_sys_evt_handler_set  softdevice_handler.o
    0x00017860   0x00000010   Code   RO         1481    i.srdata_check      ble_advdata.o
    0x00017870   0x0000002c   Code   RO          491    i.step_init         step.o
    0x0001789c   0x00000224   Code   RO          492    i.step_mode_run     step.o
    0x00017ac0   0x00000174   Code   RO          493    i.step_write2flash  step.o
    0x00017c34   0x0000000c   Code   RO          108    i.sys_evt_dispatch  main.o
    0x00017c40   0x00000068   Code   RO          109    i.system_off_mode_enter  main.o
    0x00017ca8   0x0000000a   Code   RO          941    i.ticks_diff_get    app_timer.o
    0x00017cb2   0x00000002   PAD
    0x00017cb4   0x0000005c   Code   RO          600    i.time_display      rtc.o
    0x00017d10   0x0000002c   Code   RO          601    i.time_reset        rtc.o
    0x00017d3c   0x00000064   Code   RO          942    i.timeout_handler_exec  app_timer.o
    0x00017da0   0x00000050   Code   RO          943    i.timer_list_handler  app_timer.o
    0x00017df0   0x0000000a   Code   RO          944    i.timer_list_handler_sched  app_timer.o
    0x00017dfa   0x00000002   PAD
    0x00017dfc   0x000000d8   Code   RO          945    i.timer_list_insert  app_timer.o
    0x00017ed4   0x000000a0   Code   RO          946    i.timer_list_remove  app_timer.o
    0x00017f74   0x00000054   Code   RO          947    i.timer_start_op_schedule  app_timer.o
    0x00017fc8   0x00000040   Code   RO          949    i.timer_stop_op_schedule  app_timer.o
    0x00018008   0x00000098   Code   RO          950    i.timer_timeouts_check  app_timer.o
    0x000180a0   0x0000000a   Code   RO          951    i.timer_timeouts_check_sched  app_timer.o
    0x000180aa   0x00000002   PAD
    0x000180ac   0x00000070   Code   RO          110    i.timers_init       main.o
    0x0001811c   0x00000078   Code   RO          111    i.timers_start      main.o
    0x00018194   0x00000070   Code   RO          112    i.timers_stop       main.o
    0x00018204   0x00000022   Code   RO          684    i.transfer_config   data_transfer.o
    0x00018226   0x00000004   Code   RO          685    i.transfer_end      data_transfer.o
    0x0001822a   0x00000004   Code   RO          686    i.transfer_identify  data_transfer.o
    0x0001822e   0x00000002   PAD
    0x00018230   0x00000044   Code   RO          113    i.transfer_mode_run  main.o
    0x00018274   0x0000000c   Code   RO          687    i.transfer_start    data_transfer.o
    0x00018280   0x0000008c   Code   RO          688    i.transfer_test     data_transfer.o
    0x0001830c   0x000000d8   Code   RO         1422    i.twi_master_clear_bus  twi_hw_master_sd_4_4.o
    0x000183e4   0x00000098   Code   RO         1423    i.twi_master_init   twi_hw_master_sd_4_4.o
    0x0001847c   0x000000d4   Code   RO         1424    i.twi_master_read   twi_hw_master_sd_4_4.o
    0x00018550   0x00000048   Code   RO         1425    i.twi_master_transfer  twi_hw_master_sd_4_4.o
    0x00018598   0x00000098   Code   RO         1426    i.twi_master_write  twi_hw_master_sd_4_4.o
    0x00018630   0x000000d2   Code   RO          829    i.tx_char_add       ble_nus.o
    0x00018702   0x00000030   Code   RO         1482    i.tx_power_level_encode  ble_advdata.o
    0x00018732   0x00000002   PAD
    0x00018734   0x00000024   Code   RO          689    i.uart_data_handler  data_transfer.o
    0x00018758   0x00000012   Code   RO         1483    i.uint16_encode     ble_advdata.o
    0x0001876a   0x00000052   Code   RO         1484    i.uint8_array_encode  ble_advdata.o
    0x000187bc   0x0000009c   Code   RO         1342    i.update_timeout_handler  ble_conn_params.o
    0x00018858   0x00000022   Code   RO          952    i.user_id_get       app_timer.o
    0x0001887a   0x0000002c   Code   RO          953    i.user_op_alloc     app_timer.o
    0x000188a6   0x00000004   Code   RO          954    i.user_op_enque     app_timer.o
    0x000188aa   0x00000040   Code   RO         1485    i.uuid_list_encode  ble_advdata.o
    0x000188ea   0x000000c4   Code   RO         1486    i.uuid_list_sized_encode  ble_advdata.o
    0x000189ae   0x00000002   PAD
    0x000189b0   0x00000004   Data   RO          690    .constdata          data_transfer.o
    0x000189b4   0x00000010   Data   RO          830    .constdata          ble_nus.o
    0x000189c4   0x00000010   Data   RO         2073    Region$$Table       anon$$obj.o


    Execution Region RW_IRAM1 (Base: 0x20002000, Size: 0x00001888, Max: 0x00002000, ABSOLUTE, UNINIT)

    Base Addr    Size         Type   Attr      Idx    E Section Name        Object

    0x20002000   0x00000004   Data   RW           16    .data               system_nrf51.o
    0x20002004   0x0000002e   Data   RW          115    .data               main.o
    0x20002032   0x00000002   PAD
    0x20002034   0x00000004   Data   RW          497    .data               step.o
    0x20002038   0x00000001   Data   RW          602    .data               rtc.o
    0x20002039   0x00000003   PAD
    0x2000203c   0x0000000e   Data   RW          691    .data               data_transfer.o
    0x2000204a   0x00000002   PAD
    0x2000204c   0x00000024   Data   RW          955    .data               app_timer.o
    0x20002070   0x00000001   Data   RW         1221    .data               ble_flash.o
    0x20002071   0x00000003   PAD
    0x20002074   0x00000008   Data   RW         1312    .data               ble_debug_assert_handler.o
    0x2000207c   0x0000001c   Data   RW         1344    .data               ble_conn_params.o
    0x20002098   0x00000018   Data   RW         1672    .data               softdevice_handler.o
    0x200020b0   0x00000004   Data   RW         2046    .data               mc_p.l(mvars.o)
    0x200020b4   0x00000004   Data   RW         2047    .data               mc_p.l(mvars.o)
    0x200020b8   0x00000394   Zero   RW          114    .bss                main.o
    0x2000244c   0x00000030   Zero   RW          496    .bss                step.o
    0x2000247c   0x00000080   Zero   RW         1311    .bss                ble_debug_assert_handler.o
    0x200024fc   0x0000001c   Zero   RW         1343    .bss                ble_conn_params.o
    0x20002518   0x0000036c   Zero   RW         1582    .bss                pstorage.o
    0x20002884   0x00000004   PAD
    0x20002888   0x00000800   Zero   RW            2    HEAP                arm_startup_nrf51.o
    0x20003088   0x00000800   Zero   RW            1    STACK               arm_startup_nrf51.o


==============================================================================

Image component sizes


      Code (inc. data)   RO Data    RW Data    ZI Data      Debug   Object Name

      2818        332          0         36          0      28723   app_timer.o
        44         14        192          0       4096        604   arm_startup_nrf51.o
      1534          4          0          0          0      13562   ble_advdata.o
       766        126          0         28         28      13576   ble_conn_params.o
        60         14          0          8        128       1079   ble_debug_assert_handler.o
       718         52          0          1          0       6839   ble_flash.o
       830          4         16          0          0       5578   ble_nus.o
      1282        362          4         14          0       9673   data_transfer.o
      3336       1226          0         46        916      55004   main.o
       536         28          0          0        876       7093   pstorage.o
       530        104          0          1          0       4821   rtc.o
       276         48          0          0          0      30771   sensor.o
       280         36          0          0          0       5574   simple_uart.o
       530        150          0         24          0       5196   softdevice_handler.o
      2200        756          0          4         48       7754   step.o
       208         28          0          4          0      21979   system_nrf51.o
       834         92          0          0          0       4012   twi_hw_master_sd_4_4.o

    ----------------------------------------------------------------------
     16820       3376        228        176       6096     221838   Object Totals
         0          0         16          0          0          0   (incl. Generated)
        38          0          0         10          4          0   (incl. Padding)

    ----------------------------------------------------------------------

      Code (inc. data)   RO Data    RW Data    ZI Data      Debug   Library Member Name

         0          0          0          0          0          0   entry.o
         0          0          0          0          0          0   entry10a.o
         0          0          0          0          0          0   entry11a.o
         8          4          0          0          0          0   entry2.o
         4          0          0          0          0          0   entry5.o
         0          0          0          0          0          0   entry7b.o
         0          0          0          0          0          0   entry8b.o
         8          4          0          0          0          0   entry9a.o
        30          0          0          0          0          0   handlers.o
        40          0          0          0          0         72   idiv.o
        36          8          0          0          0         68   init.o
        32          0          0          0          0         68   llshl.o
        34          0          0          0          0         68   llushr.o
       192         20          0          0          0        144   malloc.o
        36          0          0          0          0         60   memcpya.o
        36          0          0          0          0        100   memseta.o
         0          0          0          8          0          0   mvars.o
      1198         50          0          0          0        384   printf8.o
        30          0          0          0          0         72   strncmp.o
        26          0          0          0          0         68   strncpy.o
        44          0          0          0          0         72   uidiv.o
        96          0          0          0          0         84   uldiv.o

    ----------------------------------------------------------------------
      1852         86          0          8          0       1260   Library Totals
         2          0          0          0          0          0   (incl. Padding)

    ----------------------------------------------------------------------

      Code (inc. data)   RO Data    RW Data    ZI Data      Debug   Library Name

      1850         86          0          8          0       1260   mc_p.l

    ----------------------------------------------------------------------
      1852         86          0          8          0       1260   Library Totals

    ----------------------------------------------------------------------

==============================================================================


      Code (inc. data)   RO Data    RW Data    ZI Data      Debug   

     18672       3462        228        184       6096     215242   Grand Totals
     18672       3462        228        184       6096     215242   ELF Image Totals
     18672       3462        228        184          0          0   ROM Totals

==============================================================================

    Total RO  Size (Code + RO Data)                18900 (  18.46kB)
    Total RW  Size (RW Data + ZI Data)              6280 (   6.13kB)
    Total ROM Size (Code + RO Data + RW Data)      19084 (  18.64kB)

==============================================================================

