<html>
<body>
<pre>
<h1>µVision Build Log</h1>
<h2>Project:</h2>
D:\MyProject\W1FW.001\arm\uart_example.uvproj
Project File Date:  03/02/2014

<h2>Output:</h2>
Rebuild target 'nrf51822_xxaa_s110 (256K)'
Clean started - Project: 'uart_example'
   deleting intermediate output files for target 'nrf51822_xxaa_s110 (256K)'
assembling arm_startup_nrf51.s...
compiling system_nrf51.c...
compiling main.c...
..\main.c(16): error:  #5: cannot open source input file "board-W1.h": No such file or directory
compiling sensor.c...
sensor.c(16): error:  #5: cannot open source input file "sensor.h": No such file or directory
compiling step.c...
..\step.c(9): error:  #5: cannot open source input file "step.h": No such file or directory
compiling rtc.c...
..\rtc.c(10): error:  #5: cannot open source input file "rtc.h": No such file or directory
compiling data_transfer.c...
..\data_transfer.c(10): error:  #5: cannot open source input file "rtc.h": No such file or directory
compiling flash.c...
..\flash.c(9): error:  #5: cannot open source input file "step.h": No such file or directory
compiling ble_nus.c...
..\ble_nus.c(13): error:  #5: cannot open source input file "ble_nus.h": No such file or directory
compiling ble_error_log.c...
..\Include\app_common\pstorage.h(28): error:  #5: cannot open source input file "pstorage_pl.h": No such file or directory
compiling app_timer.c...
compiling simple_uart.c...
compiling ble_flash.c...
..\service\ble_flash.c(312): warning:  #9-D: nested comment is not allowed
..\service\ble_flash.c(318): warning:  #9-D: nested comment is not allowed
compiling ble_debug_assert_handler.c...
compiling ble_conn_params.c...
compiling twi_hw_master_SD_4_4.c...
..\twi_hw_master_SD_4_4.c(17): error:  #5: cannot open source input file "twi_master_config.h": No such file or directory
compiling ble_advdata.c...
compiling pstorage.c...
..\Include\app_common\pstorage.h(28): error:  #5: cannot open source input file "pstorage_pl.h": No such file or directory
compiling softdevice_handler.c...
".\_build\uart_example_arm.axf" - 10 Errors, 2 Warning(s).

*** Performing Cross-Module-Optimization:
*** Feedback file '.\_build\uart_example_arm.fed' not found.
Target not created
Rebuild target 'nrf51822_xxaa_s110 (256K)'
Clean started - Project: 'uart_example'
   deleting intermediate output files for target 'nrf51822_xxaa_s110 (256K)'
assembling arm_startup_nrf51.s...
compiling system_nrf51.c...
compiling main.c...
..\main.c(396): warning:  #177-D: function "is_first_start" was declared but never referenced
compiling sensor.c...
compiling step.c...
..\step.c(252): warning:  #223-D: function "sprintf" declared implicitly
..\step.c(217): warning:  #177-D: variable "word_count" was declared but never referenced
..\step.c(408): warning:  #223-D: function "sprintf" declared implicitly
compiling rtc.c...
compiling data_transfer.c...
..\data_transfer.c(324): warning:  #223-D: function "W1_flash_words_read2" declared implicitly
..\data_transfer.c(49): warning:  #550-D: variable "m_sec_params" was set but never used
compiling flash.c...
compiling ble_nus.c...
compiling ble_error_log.c...
compiling app_timer.c...
compiling simple_uart.c...
compiling ble_flash.c...
..\service\ble_flash.c(312): warning:  #9-D: nested comment is not allowed
..\service\ble_flash.c(318): warning:  #9-D: nested comment is not allowed
compiling ble_debug_assert_handler.c...
compiling ble_conn_params.c...
compiling twi_hw_master_SD_4_4.c...
compiling ble_advdata.c...
compiling pstorage.c...
compiling softdevice_handler.c...
linking...
Program Size: Code=18672 RO-data=228 RW-data=184 ZI-data=6096  
".\_build\uart_example_arm.axf" - 0 Errors, 8 Warning(s).

*** Performing Cross-Module-Optimization:
compiling system_nrf51.c...
compiling main.c...
..\main.c(396): warning:  #177-D: function "is_first_start" was declared but never referenced
compiling sensor.c...
compiling step.c...
..\step.c(252): warning:  #223-D: function "sprintf" declared implicitly
..\step.c(217): warning:  #177-D: variable "word_count" was declared but never referenced
..\step.c(408): warning:  #223-D: function "sprintf" declared implicitly
compiling rtc.c...
compiling data_transfer.c...
..\data_transfer.c(324): warning:  #223-D: function "W1_flash_words_read2" declared implicitly
..\data_transfer.c(49): warning:  #550-D: variable "m_sec_params" was set but never used
compiling flash.c...
compiling ble_nus.c...
compiling ble_error_log.c...
compiling app_timer.c...
compiling simple_uart.c...
compiling ble_flash.c...
..\service\ble_flash.c(312): warning:  #9-D: nested comment is not allowed
..\service\ble_flash.c(318): warning:  #9-D: nested comment is not allowed
compiling ble_debug_assert_handler.c...
compiling ble_conn_params.c...
compiling twi_hw_master_SD_4_4.c...
compiling ble_advdata.c...
compiling pstorage.c...
compiling softdevice_handler.c...
linking...
Program Size: Code=18672 RO-data=228 RW-data=184 ZI-data=6096  
FromELF: creating hex file...
".\_build\uart_example_arm.axf" - 0 Errors, 8 Warning(s).
*** Completed Cross-Module-Optimization after 2 iteration(s).
Rebuild target 'nrf51822_xxaa_s110 (256K)'
Clean started - Project: 'uart_example'
   deleting intermediate output files for target 'nrf51822_xxaa_s110 (256K)'
assembling arm_startup_nrf51.s...
compiling system_nrf51.c...
compiling main.c...
..\main.c(396): warning:  #177-D: function "is_first_start" was declared but never referenced
compiling sensor.c...
compiling step.c...
..\step.c(252): warning:  #223-D: function "sprintf" declared implicitly
..\step.c(217): warning:  #177-D: variable "word_count" was declared but never referenced
..\step.c(408): warning:  #223-D: function "sprintf" declared implicitly
compiling rtc.c...
compiling data_transfer.c...
..\data_transfer.c(49): warning:  #550-D: variable "m_sec_params" was set but never used
compiling flash.c...
compiling ble_nus.c...
compiling ble_error_log.c...
compiling app_timer.c...
compiling simple_uart.c...
compiling ble_flash.c...
..\service\ble_flash.c(312): warning:  #9-D: nested comment is not allowed
..\service\ble_flash.c(318): warning:  #9-D: nested comment is not allowed
compiling ble_debug_assert_handler.c...
compiling ble_conn_params.c...
compiling twi_hw_master_SD_4_4.c...
compiling ble_advdata.c...
compiling pstorage.c...
compiling softdevice_handler.c...
linking...
Program Size: Code=18672 RO-data=228 RW-data=184 ZI-data=6096  
".\_build\uart_example_arm.axf" - 0 Errors, 7 Warning(s).

*** Performing Cross-Module-Optimization:
compiling system_nrf51.c...
compiling main.c...
..\main.c(396): warning:  #177-D: function "is_first_start" was declared but never referenced
compiling sensor.c...
compiling step.c...
..\step.c(252): warning:  #223-D: function "sprintf" declared implicitly
..\step.c(217): warning:  #177-D: variable "word_count" was declared but never referenced
..\step.c(408): warning:  #223-D: function "sprintf" declared implicitly
compiling rtc.c...
compiling data_transfer.c...
..\data_transfer.c(49): warning:  #550-D: variable "m_sec_params" was set but never used
compiling flash.c...
compiling ble_nus.c...
compiling ble_error_log.c...
compiling app_timer.c...
compiling simple_uart.c...
compiling ble_flash.c...
..\service\ble_flash.c(312): warning:  #9-D: nested comment is not allowed
..\service\ble_flash.c(318): warning:  #9-D: nested comment is not allowed
compiling ble_debug_assert_handler.c...
compiling ble_conn_params.c...
compiling twi_hw_master_SD_4_4.c...
compiling ble_advdata.c...
compiling pstorage.c...
compiling softdevice_handler.c...
linking...
Program Size: Code=18672 RO-data=228 RW-data=184 ZI-data=6096  
FromELF: creating hex file...
".\_build\uart_example_arm.axf" - 0 Errors, 7 Warning(s).
*** Completed Cross-Module-Optimization after 2 iteration(s).
Rebuild target 'nrf51822_xxaa_s110 (256K)'
Clean started - Project: 'uart_example'
   deleting intermediate output files for target 'nrf51822_xxaa_s110 (256K)'
assembling arm_startup_nrf51.s...
compiling system_nrf51.c...
compiling main.c...
..\main.c(396): warning:  #177-D: function "is_first_start" was declared but never referenced
compiling sensor.c...
compiling step.c...
..\step.c(252): warning:  #223-D: function "sprintf" declared implicitly
..\step.c(217): warning:  #177-D: variable "word_count" was declared but never referenced
..\step.c(408): warning:  #223-D: function "sprintf" declared implicitly
compiling rtc.c...
compiling data_transfer.c...
..\data_transfer.c(49): warning:  #550-D: variable "m_sec_params" was set but never used
compiling flash.c...
compiling ble_nus.c...
compiling ble_error_log.c...
compiling app_timer.c...
compiling simple_uart.c...
compiling ble_flash.c...
..\service\ble_flash.c(312): warning:  #9-D: nested comment is not allowed
..\service\ble_flash.c(318): warning:  #9-D: nested comment is not allowed
compiling ble_debug_assert_handler.c...
compiling ble_conn_params.c...
compiling twi_hw_master_SD_4_4.c...
compiling ble_advdata.c...
compiling pstorage.c...
compiling softdevice_handler.c...
linking...
Program Size: Code=18672 RO-data=228 RW-data=184 ZI-data=6096  
".\_build\W1FW.axf" - 0 Errors, 7 Warning(s).

*** Performing Cross-Module-Optimization:
compiling system_nrf51.c...
compiling main.c...
..\main.c(396): warning:  #177-D: function "is_first_start" was declared but never referenced
compiling sensor.c...
compiling step.c...
..\step.c(252): warning:  #223-D: function "sprintf" declared implicitly
..\step.c(217): warning:  #177-D: variable "word_count" was declared but never referenced
..\step.c(408): warning:  #223-D: function "sprintf" declared implicitly
compiling rtc.c...
compiling data_transfer.c...
..\data_transfer.c(49): warning:  #550-D: variable "m_sec_params" was set but never used
compiling flash.c...
compiling ble_nus.c...
compiling ble_error_log.c...
compiling app_timer.c...
compiling simple_uart.c...
compiling ble_flash.c...
..\service\ble_flash.c(312): warning:  #9-D: nested comment is not allowed
..\service\ble_flash.c(318): warning:  #9-D: nested comment is not allowed
compiling ble_debug_assert_handler.c...
compiling ble_conn_params.c...
compiling twi_hw_master_SD_4_4.c...
compiling ble_advdata.c...
compiling pstorage.c...
compiling softdevice_handler.c...
linking...
Program Size: Code=18672 RO-data=228 RW-data=184 ZI-data=6096  
FromELF: creating hex file...
".\_build\W1FW.axf" - 0 Errors, 7 Warning(s).
*** Completed Cross-Module-Optimization after 2 iteration(s).
