<html>
<body>
<pre>
<h1>µVision Build Log</h1>
<h2>Project:</h2>
D:\MyProject\SourceCode\History\W1FW.002d\arm\uart_example.uvproj
Project File Date:  03/23/2014

<h2>Output:</h2>
Rebuild target 'nrf51822_xxaa_s110 (256K)'
Clean started - Project: 'uart_example'
   deleting intermediate output files for target 'nrf51822_xxaa_s110 (256K)'
assembling arm_startup_nrf51.s...
compiling system_nrf51.c...
compiling main.c...
..\main.c(360): warning:  #177-D: function "buttons_init" was declared but never referenced
..\main.c(489): warning:  #177-D: function "sensor_timers_start" was declared but never referenced
..\main.c(504): warning:  #177-D: function "battery_timers_start" was declared but never referenced
..\main.c(534): warning:  #177-D: function "sensor_timers_stop" was declared but never referenced
compiling sensor.c...
compiling step.c...
..\step.c(307): warning:  #223-D: function "sprintf" declared implicitly
..\step.c(465): warning:  #223-D: function "sprintf" declared implicitly
compiling rtc.c...
compiling data_transfer.c...
..\data_transfer.c(50): warning:  #550-D: variable "m_sec_params" was set but never used
compiling flash.c...
compiling ble_nus.c...
compiling ble_dis.c...
compiling ble_bas.c...
compiling ble_error_log.c...
compiling app_timer.c...
compiling simple_uart.c...
compiling ble_flash.c...
compiling ble_debug_assert_handler.c...
compiling ble_conn_params.c...
compiling twi_hw_master_SD_4_4.c...
compiling ble_advdata.c...
compiling pstorage.c...
compiling softdevice_handler.c...
compiling ble_srv_common.c...
linking...
Program Size: Code=20716 RO-data=228 RW-data=252 ZI-data=6132  
".\_build\W1FW.axf" - 0 Errors, 7 Warning(s).

*** Performing Cross-Module-Optimization:
compiling system_nrf51.c...
compiling main.c...
..\main.c(360): warning:  #177-D: function "buttons_init" was declared but never referenced
..\main.c(489): warning:  #177-D: function "sensor_timers_start" was declared but never referenced
..\main.c(504): warning:  #177-D: function "battery_timers_start" was declared but never referenced
..\main.c(534): warning:  #177-D: function "sensor_timers_stop" was declared but never referenced
compiling sensor.c...
compiling step.c...
..\step.c(307): warning:  #223-D: function "sprintf" declared implicitly
..\step.c(465): warning:  #223-D: function "sprintf" declared implicitly
compiling rtc.c...
compiling data_transfer.c...
..\data_transfer.c(50): warning:  #550-D: variable "m_sec_params" was set but never used
compiling flash.c...
compiling ble_nus.c...
compiling ble_dis.c...
compiling ble_bas.c...
compiling ble_error_log.c...
compiling app_timer.c...
compiling simple_uart.c...
compiling ble_flash.c...
compiling ble_debug_assert_handler.c...
compiling ble_conn_params.c...
compiling twi_hw_master_SD_4_4.c...
compiling ble_advdata.c...
compiling pstorage.c...
compiling softdevice_handler.c...
compiling ble_srv_common.c...
linking...
Program Size: Code=20716 RO-data=228 RW-data=252 ZI-data=6132  
FromELF: creating hex file...
".\_build\W1FW.axf" - 0 Errors, 7 Warning(s).
*** Completed Cross-Module-Optimization after 2 iteration(s).
Load "D:\\MyProject\\SourceCode\\History\\W1FW.002d\\arm\\_build\\W1FW.axf" 
Set JLink Project File to "D:\MyProject\SourceCode\History\W1FW.002d\arm\JLinkSettings.ini"
* JLink Info: Device "NRF51822_XXAA" selected (257 KB flash, 8 KB RAM).
 
JLink info:
------------
DLL: V4.68a, compiled Apr 12 2013 13:26:50
Firmware: J-Link ARM V8 compiled Nov 25 2013 19:20:08
Hardware: V8.00
S/N : 17935099 
Feature(s) : RDI,FlashDL,FlashBP,JFlash 
 
Load "D:\\MyProject\\SourceCode\\History\\W1FW.002d\\arm\\_build\\W1FW.axf" 
Set JLink Project File to "D:\MyProject\SourceCode\History\W1FW.002d\arm\JLinkSettings.ini"
* JLink Info: Device "NRF51822_XXAA" selected (257 KB flash, 8 KB RAM).
 
JLink info:
------------
DLL: V4.68a, compiled Apr 12 2013 13:26:50
Firmware: J-Link ARM V8 compiled Nov 25 2013 19:20:08
Hardware: V8.00
S/N : 17935099 
Feature(s) : RDI,FlashDL,FlashBP,JFlash 
 
* JLink Info: Found SWD-DP with ID 0x0BB11477
* JLink Info: FPUnit: 4 code (BP) slots and 0 literal slots
* JLink Info: Found Cortex-M0 r0p0, Little endian.
ROMTableAddr = 0xE00FF003
 
Target info:
------------
Device: nRF51822_xxAA
VTarget = 3.287V
State of Pins: 
TCK: 0, TDI: 0, TDO: 1, TMS: 1, TRES: 1, TRST: 1
Hardware-Breakpoints: 4
Software-Breakpoints: 8192
Watchpoints:          2
JTAG speed: 2000 kHz
 
Erase Done.
Programming Done.
Verify OK.
Application running ...
Rebuild target 'nrf51822_xxaa_s110 (256K)'
Clean started - Project: 'uart_example'
   deleting intermediate output files for target 'nrf51822_xxaa_s110 (256K)'
assembling arm_startup_nrf51.s...
compiling system_nrf51.c...
compiling main.c...
..\main.c(360): warning:  #177-D: function "buttons_init" was declared but never referenced
..\main.c(489): warning:  #177-D: function "sensor_timers_start" was declared but never referenced
..\main.c(504): warning:  #177-D: function "battery_timers_start" was declared but never referenced
..\main.c(534): warning:  #177-D: function "sensor_timers_stop" was declared but never referenced
compiling sensor.c...
compiling step.c...
..\step.c(307): warning:  #223-D: function "sprintf" declared implicitly
..\step.c(465): warning:  #223-D: function "sprintf" declared implicitly
compiling rtc.c...
compiling data_transfer.c...
..\data_transfer.c(50): warning:  #550-D: variable "m_sec_params" was set but never used
compiling flash.c...
compiling ble_nus.c...
compiling ble_dis.c...
compiling ble_bas.c...
compiling ble_error_log.c...
compiling app_timer.c...
compiling simple_uart.c...
compiling ble_flash.c...
compiling ble_debug_assert_handler.c...
compiling ble_conn_params.c...
compiling twi_hw_master_SD_4_4.c...
compiling ble_advdata.c...
compiling pstorage.c...
compiling softdevice_handler.c...
compiling ble_srv_common.c...
linking...
Program Size: Code=20872 RO-data=228 RW-data=252 ZI-data=6132  
".\_build\W1FW.axf" - 0 Errors, 7 Warning(s).

*** Performing Cross-Module-Optimization:
compiling system_nrf51.c...
compiling main.c...
..\main.c(360): warning:  #177-D: function "buttons_init" was declared but never referenced
..\main.c(489): warning:  #177-D: function "sensor_timers_start" was declared but never referenced
..\main.c(504): warning:  #177-D: function "battery_timers_start" was declared but never referenced
..\main.c(534): warning:  #177-D: function "sensor_timers_stop" was declared but never referenced
compiling sensor.c...
compiling step.c...
..\step.c(307): warning:  #223-D: function "sprintf" declared implicitly
..\step.c(465): warning:  #223-D: function "sprintf" declared implicitly
compiling rtc.c...
compiling data_transfer.c...
..\data_transfer.c(50): warning:  #550-D: variable "m_sec_params" was set but never used
compiling flash.c...
compiling ble_nus.c...
compiling ble_dis.c...
compiling ble_bas.c...
compiling ble_error_log.c...
compiling app_timer.c...
compiling simple_uart.c...
compiling ble_flash.c...
compiling ble_debug_assert_handler.c...
compiling ble_conn_params.c...
compiling twi_hw_master_SD_4_4.c...
compiling ble_advdata.c...
compiling pstorage.c...
compiling softdevice_handler.c...
compiling ble_srv_common.c...
linking...
Program Size: Code=20872 RO-data=228 RW-data=252 ZI-data=6132  
FromELF: creating hex file...
".\_build\W1FW.axf" - 0 Errors, 7 Warning(s).
*** Completed Cross-Module-Optimization after 2 iteration(s).
Load "D:\\MyProject\\SourceCode\\History\\W1FW.002d\\arm\\_build\\W1FW.axf" 
Set JLink Project File to "D:\MyProject\SourceCode\History\W1FW.002d\arm\JLinkSettings.ini"
* JLink Info: Device "NRF51822_XXAA" selected (257 KB flash, 8 KB RAM).
 
JLink info:
------------
DLL: V4.68a, compiled Apr 12 2013 13:26:50
Firmware: J-Link ARM V8 compiled Nov 25 2013 19:20:08
Hardware: V8.00
S/N : 17935099 
Feature(s) : RDI,FlashDL,FlashBP,JFlash 
 
* JLink Info: Found SWD-DP with ID 0x0BB11477
* JLink Info: FPUnit: 4 code (BP) slots and 0 literal slots
* JLink Info: Found Cortex-M0 r0p0, Little endian.
ROMTableAddr = 0xE00FF003
 
Target info:
------------
Device: nRF51822_xxAA
VTarget = 3.287V
State of Pins: 
TCK: 0, TDI: 0, TDO: 0, TMS: 1, TRES: 1, TRST: 1
Hardware-Breakpoints: 4
Software-Breakpoints: 8192
Watchpoints:          2
JTAG speed: 2000 kHz
 
Erase Done.
Programming Done.
Verify OK.
Application running ...
Rebuild target 'nrf51822_xxaa_s110 (256K)'
Clean started - Project: 'uart_example'
   deleting intermediate output files for target 'nrf51822_xxaa_s110 (256K)'
assembling arm_startup_nrf51.s...
compiling system_nrf51.c...
compiling main.c...
..\main.c(360): warning:  #177-D: function "buttons_init" was declared but never referenced
..\main.c(411): warning:  #177-D: function "LPCOMP_end" was declared but never referenced
..\main.c(504): warning:  #177-D: function "battery_timers_start" was declared but never referenced
..\main.c(519): warning:  #177-D: function "step_timers_start" was declared but never referenced
compiling sensor.c...
compiling step.c...
..\step.c(307): warning:  #223-D: function "sprintf" declared implicitly
..\step.c(465): warning:  #223-D: function "sprintf" declared implicitly
compiling rtc.c...
compiling data_transfer.c...
..\data_transfer.c(50): warning:  #550-D: variable "m_sec_params" was set but never used
compiling flash.c...
compiling ble_nus.c...
compiling ble_dis.c...
compiling ble_bas.c...
compiling ble_error_log.c...
compiling app_timer.c...
compiling simple_uart.c...
compiling ble_flash.c...
compiling ble_debug_assert_handler.c...
compiling ble_conn_params.c...
compiling twi_hw_master_SD_4_4.c...
compiling ble_advdata.c...
compiling pstorage.c...
compiling softdevice_handler.c...
compiling ble_srv_common.c...
linking...
Program Size: Code=21848 RO-data=228 RW-data=252 ZI-data=6132  
".\_build\W1FW.axf" - 0 Errors, 7 Warning(s).

*** Performing Cross-Module-Optimization:
compiling system_nrf51.c...
compiling main.c...
..\main.c(360): warning:  #177-D: function "buttons_init" was declared but never referenced
..\main.c(411): warning:  #177-D: function "LPCOMP_end" was declared but never referenced
..\main.c(504): warning:  #177-D: function "battery_timers_start" was declared but never referenced
..\main.c(519): warning:  #177-D: function "step_timers_start" was declared but never referenced
compiling sensor.c...
compiling step.c...
..\step.c(307): warning:  #223-D: function "sprintf" declared implicitly
..\step.c(465): warning:  #223-D: function "sprintf" declared implicitly
compiling rtc.c...
compiling data_transfer.c...
..\data_transfer.c(50): warning:  #550-D: variable "m_sec_params" was set but never used
compiling flash.c...
compiling ble_nus.c...
compiling ble_dis.c...
compiling ble_bas.c...
compiling ble_error_log.c...
compiling app_timer.c...
compiling simple_uart.c...
compiling ble_flash.c...
compiling ble_debug_assert_handler.c...
compiling ble_conn_params.c...
compiling twi_hw_master_SD_4_4.c...
compiling ble_advdata.c...
compiling pstorage.c...
compiling softdevice_handler.c...
compiling ble_srv_common.c...
linking...
Program Size: Code=21848 RO-data=228 RW-data=252 ZI-data=6132  
FromELF: creating hex file...
".\_build\W1FW.axf" - 0 Errors, 7 Warning(s).
*** Completed Cross-Module-Optimization after 2 iteration(s).
Load "D:\\MyProject\\SourceCode\\History\\W1FW.002d\\arm\\_build\\W1FW.axf" 
Set JLink Project File to "D:\MyProject\SourceCode\History\W1FW.002d\arm\JLinkSettings.ini"
* JLink Info: Device "NRF51822_XXAA" selected (257 KB flash, 8 KB RAM).
 
JLink info:
------------
DLL: V4.68a, compiled Apr 12 2013 13:26:50
Firmware: J-Link ARM V8 compiled Nov 25 2013 19:20:08
Hardware: V8.00
S/N : 17935099 
Feature(s) : RDI,FlashDL,FlashBP,JFlash 
 
* JLink Info: Found SWD-DP with ID 0x0BB11477
* JLink Info: FPUnit: 4 code (BP) slots and 0 literal slots
* JLink Info: Found Cortex-M0 r0p0, Little endian.
ROMTableAddr = 0xE00FF003
 
Target info:
------------
Device: nRF51822_xxAA
VTarget = 3.287V
State of Pins: 
TCK: 0, TDI: 0, TDO: 0, TMS: 1, TRES: 1, TRST: 1
Hardware-Breakpoints: 4
Software-Breakpoints: 8192
Watchpoints:          2
JTAG speed: 2000 kHz
 
Erase Done.
Programming Done.
Verify OK.
Application running ...
Rebuild target 'nrf51822_xxaa_s110 (256K)'
Clean started - Project: 'uart_example'
   deleting intermediate output files for target 'nrf51822_xxaa_s110 (256K)'
assembling arm_startup_nrf51.s...
compiling system_nrf51.c...
compiling main.c...
..\main.c(360): warning:  #177-D: function "buttons_init" was declared but never referenced
..\main.c(411): warning:  #177-D: function "LPCOMP_end" was declared but never referenced
..\main.c(504): warning:  #177-D: function "battery_timers_start" was declared but never referenced
..\main.c(519): warning:  #177-D: function "step_timers_start" was declared but never referenced
compiling sensor.c...
compiling step.c...
..\step.c(307): warning:  #223-D: function "sprintf" declared implicitly
..\step.c(465): warning:  #223-D: function "sprintf" declared implicitly
compiling rtc.c...
compiling data_transfer.c...
..\data_transfer.c(50): warning:  #550-D: variable "m_sec_params" was set but never used
compiling flash.c...
compiling ble_nus.c...
compiling ble_dis.c...
compiling ble_bas.c...
compiling ble_error_log.c...
compiling app_timer.c...
compiling simple_uart.c...
compiling ble_flash.c...
compiling ble_debug_assert_handler.c...
compiling ble_conn_params.c...
compiling twi_hw_master_SD_4_4.c...
compiling ble_advdata.c...
compiling pstorage.c...
compiling softdevice_handler.c...
compiling ble_srv_common.c...
linking...
Program Size: Code=21848 RO-data=228 RW-data=252 ZI-data=6132  
".\_build\W1FW.axf" - 0 Errors, 7 Warning(s).

*** Performing Cross-Module-Optimization:
compiling system_nrf51.c...
compiling main.c...
..\main.c(360): warning:  #177-D: function "buttons_init" was declared but never referenced
..\main.c(411): warning:  #177-D: function "LPCOMP_end" was declared but never referenced
..\main.c(504): warning:  #177-D: function "battery_timers_start" was declared but never referenced
..\main.c(519): warning:  #177-D: function "step_timers_start" was declared but never referenced
compiling sensor.c...
compiling step.c...
..\step.c(307): warning:  #223-D: function "sprintf" declared implicitly
..\step.c(465): warning:  #223-D: function "sprintf" declared implicitly
compiling rtc.c...
compiling data_transfer.c...
..\data_transfer.c(50): warning:  #550-D: variable "m_sec_params" was set but never used
compiling flash.c...
compiling ble_nus.c...
compiling ble_dis.c...
compiling ble_bas.c...
compiling ble_error_log.c...
compiling app_timer.c...
compiling simple_uart.c...
compiling ble_flash.c...
compiling ble_debug_assert_handler.c...
compiling ble_conn_params.c...
compiling twi_hw_master_SD_4_4.c...
compiling ble_advdata.c...
compiling pstorage.c...
compiling softdevice_handler.c...
compiling ble_srv_common.c...
linking...
Program Size: Code=21848 RO-data=228 RW-data=252 ZI-data=6132  
FromELF: creating hex file...
".\_build\W1FW.axf" - 0 Errors, 7 Warning(s).
*** Completed Cross-Module-Optimization after 2 iteration(s).
Load "D:\\MyProject\\SourceCode\\History\\W1FW.002d\\arm\\_build\\W1FW.axf" 
Set JLink Project File to "D:\MyProject\SourceCode\History\W1FW.002d\arm\JLinkSettings.ini"
* JLink Info: Device "NRF51822_XXAA" selected (257 KB flash, 8 KB RAM).
 
JLink info:
------------
DLL: V4.68a, compiled Apr 12 2013 13:26:50
Firmware: J-Link ARM V8 compiled Nov 25 2013 19:20:08
Hardware: V8.00
S/N : 17935099 
Feature(s) : RDI,FlashDL,FlashBP,JFlash 
 
* JLink Info: Found SWD-DP with ID 0x0BB11477
* JLink Info: FPUnit: 4 code (BP) slots and 0 literal slots
* JLink Info: Found Cortex-M0 r0p0, Little endian.
ROMTableAddr = 0xE00FF003
 
Target info:
------------
Device: nRF51822_xxAA
VTarget = 3.287V
State of Pins: 
TCK: 0, TDI: 0, TDO: 0, TMS: 1, TRES: 1, TRST: 1
Hardware-Breakpoints: 4
Software-Breakpoints: 8192
Watchpoints:          2
JTAG speed: 2000 kHz
 
Erase Done.
Programming Done.
Verify OK.
Application running ...
Rebuild target 'nrf51822_xxaa_s110 (256K)'
Clean started - Project: 'uart_example'
   deleting intermediate output files for target 'nrf51822_xxaa_s110 (256K)'
assembling arm_startup_nrf51.s...
compiling system_nrf51.c...
compiling main.c...
..\main.c(361): warning:  #177-D: function "buttons_init" was declared but never referenced
..\main.c(412): warning:  #177-D: function "LPCOMP_end" was declared but never referenced
..\main.c(505): warning:  #177-D: function "battery_timers_start" was declared but never referenced
..\main.c(520): warning:  #177-D: function "step_timers_start" was declared but never referenced
compiling sensor.c...
compiling step.c...
..\step.c(307): warning:  #223-D: function "sprintf" declared implicitly
..\step.c(465): warning:  #223-D: function "sprintf" declared implicitly
compiling rtc.c...
compiling data_transfer.c...
..\data_transfer.c(50): warning:  #550-D: variable "m_sec_params" was set but never used
compiling flash.c...
compiling ble_nus.c...
compiling ble_dis.c...
compiling ble_bas.c...
compiling ble_error_log.c...
compiling app_timer.c...
compiling simple_uart.c...
compiling ble_flash.c...
compiling ble_debug_assert_handler.c...
compiling ble_conn_params.c...
compiling twi_hw_master_SD_4_4.c...
compiling ble_advdata.c...
compiling pstorage.c...
compiling softdevice_handler.c...
compiling ble_srv_common.c...
linking...
Program Size: Code=21876 RO-data=228 RW-data=252 ZI-data=6132  
".\_build\W1FW.axf" - 0 Errors, 7 Warning(s).

*** Performing Cross-Module-Optimization:
compiling system_nrf51.c...
compiling main.c...
..\main.c(361): warning:  #177-D: function "buttons_init" was declared but never referenced
..\main.c(412): warning:  #177-D: function "LPCOMP_end" was declared but never referenced
..\main.c(505): warning:  #177-D: function "battery_timers_start" was declared but never referenced
..\main.c(520): warning:  #177-D: function "step_timers_start" was declared but never referenced
compiling sensor.c...
compiling step.c...
..\step.c(307): warning:  #223-D: function "sprintf" declared implicitly
..\step.c(465): warning:  #223-D: function "sprintf" declared implicitly
compiling rtc.c...
compiling data_transfer.c...
..\data_transfer.c(50): warning:  #550-D: variable "m_sec_params" was set but never used
compiling flash.c...
compiling ble_nus.c...
compiling ble_dis.c...
compiling ble_bas.c...
compiling ble_error_log.c...
compiling app_timer.c...
compiling simple_uart.c...
compiling ble_flash.c...
compiling ble_debug_assert_handler.c...
compiling ble_conn_params.c...
compiling twi_hw_master_SD_4_4.c...
compiling ble_advdata.c...
compiling pstorage.c...
compiling softdevice_handler.c...
compiling ble_srv_common.c...
linking...
Program Size: Code=21876 RO-data=228 RW-data=252 ZI-data=6132  
FromELF: creating hex file...
".\_build\W1FW.axf" - 0 Errors, 7 Warning(s).
*** Completed Cross-Module-Optimization after 2 iteration(s).
Load "D:\\MyProject\\SourceCode\\History\\W1FW.002d\\arm\\_build\\W1FW.axf" 
Set JLink Project File to "D:\MyProject\SourceCode\History\W1FW.002d\arm\JLinkSettings.ini"
* JLink Info: Device "NRF51822_XXAA" selected (257 KB flash, 8 KB RAM).
 
JLink info:
------------
DLL: V4.68a, compiled Apr 12 2013 13:26:50
Firmware: J-Link ARM V8 compiled Nov 25 2013 19:20:08
Hardware: V8.00
S/N : 17935099 
Feature(s) : RDI,FlashDL,FlashBP,JFlash 
 
* JLink Info: Found SWD-DP with ID 0x0BB11477
* JLink Info: FPUnit: 4 code (BP) slots and 0 literal slots
* JLink Info: Found Cortex-M0 r0p0, Little endian.
ROMTableAddr = 0xE00FF003
 
Target info:
------------
Device: nRF51822_xxAA
VTarget = 3.287V
State of Pins: 
TCK: 0, TDI: 0, TDO: 0, TMS: 1, TRES: 1, TRST: 1
Hardware-Breakpoints: 4
Software-Breakpoints: 8192
Watchpoints:          2
JTAG speed: 2000 kHz
 
Erase Done.
Programming Done.
Verify OK.
Application running ...
Rebuild target 'nrf51822_xxaa_s110 (256K)'
Clean started - Project: 'uart_example'
   deleting intermediate output files for target 'nrf51822_xxaa_s110 (256K)'
assembling arm_startup_nrf51.s...
compiling system_nrf51.c...
compiling main.c...
..\main.c(361): warning:  #177-D: function "buttons_init" was declared but never referenced
..\main.c(412): warning:  #177-D: function "LPCOMP_end" was declared but never referenced
..\main.c(505): warning:  #177-D: function "battery_timers_start" was declared but never referenced
..\main.c(520): warning:  #177-D: function "step_timers_start" was declared but never referenced
compiling sensor.c...
compiling step.c...
..\step.c(307): warning:  #223-D: function "sprintf" declared implicitly
..\step.c(465): warning:  #223-D: function "sprintf" declared implicitly
compiling rtc.c...
compiling data_transfer.c...
..\data_transfer.c(50): warning:  #550-D: variable "m_sec_params" was set but never used
compiling flash.c...
compiling ble_nus.c...
compiling ble_dis.c...
compiling ble_bas.c...
compiling ble_error_log.c...
compiling app_timer.c...
compiling simple_uart.c...
compiling ble_flash.c...
compiling ble_debug_assert_handler.c...
compiling ble_conn_params.c...
compiling twi_hw_master_SD_4_4.c...
compiling ble_advdata.c...
compiling pstorage.c...
compiling softdevice_handler.c...
compiling ble_srv_common.c...
linking...
Program Size: Code=21900 RO-data=228 RW-data=252 ZI-data=6132  
".\_build\W1FW.axf" - 0 Errors, 7 Warning(s).

*** Performing Cross-Module-Optimization:
compiling system_nrf51.c...
compiling main.c...
..\main.c(361): warning:  #177-D: function "buttons_init" was declared but never referenced
..\main.c(412): warning:  #177-D: function "LPCOMP_end" was declared but never referenced
..\main.c(505): warning:  #177-D: function "battery_timers_start" was declared but never referenced
..\main.c(520): warning:  #177-D: function "step_timers_start" was declared but never referenced
compiling sensor.c...
compiling step.c...
..\step.c(307): warning:  #223-D: function "sprintf" declared implicitly
..\step.c(465): warning:  #223-D: function "sprintf" declared implicitly
compiling rtc.c...
compiling data_transfer.c...
..\data_transfer.c(50): warning:  #550-D: variable "m_sec_params" was set but never used
compiling flash.c...
compiling ble_nus.c...
compiling ble_dis.c...
compiling ble_bas.c...
compiling ble_error_log.c...
compiling app_timer.c...
compiling simple_uart.c...
compiling ble_flash.c...
compiling ble_debug_assert_handler.c...
compiling ble_conn_params.c...
compiling twi_hw_master_SD_4_4.c...
compiling ble_advdata.c...
compiling pstorage.c...
compiling softdevice_handler.c...
compiling ble_srv_common.c...
linking...
Program Size: Code=21900 RO-data=228 RW-data=252 ZI-data=6132  
FromELF: creating hex file...
".\_build\W1FW.axf" - 0 Errors, 7 Warning(s).
*** Completed Cross-Module-Optimization after 2 iteration(s).
Load "D:\\MyProject\\SourceCode\\History\\W1FW.002d\\arm\\_build\\W1FW.axf" 
Set JLink Project File to "D:\MyProject\SourceCode\History\W1FW.002d\arm\JLinkSettings.ini"
* JLink Info: Device "NRF51822_XXAA" selected (257 KB flash, 8 KB RAM).
 
JLink info:
------------
DLL: V4.68a, compiled Apr 12 2013 13:26:50
Firmware: J-Link ARM V8 compiled Nov 25 2013 19:20:08
Hardware: V8.00
S/N : 17935099 
Feature(s) : RDI,FlashDL,FlashBP,JFlash 
 
* JLink Info: Found SWD-DP with ID 0x0BB11477
* JLink Info: FPUnit: 4 code (BP) slots and 0 literal slots
* JLink Info: Found Cortex-M0 r0p0, Little endian.
ROMTableAddr = 0xE00FF003
 
Target info:
------------
Device: nRF51822_xxAA
VTarget = 3.287V
State of Pins: 
TCK: 0, TDI: 0, TDO: 0, TMS: 1, TRES: 1, TRST: 1
Hardware-Breakpoints: 4
Software-Breakpoints: 8192
Watchpoints:          2
JTAG speed: 2000 kHz
 
Erase Done.
Programming Done.
Verify OK.
Application running ...
Rebuild target 'nrf51822_xxaa_s110 (256K)'
Clean started - Project: 'uart_example'
   deleting intermediate output files for target 'nrf51822_xxaa_s110 (256K)'
assembling arm_startup_nrf51.s...
compiling system_nrf51.c...
compiling main.c...
..\main.c(361): warning:  #177-D: function "buttons_init" was declared but never referenced
..\main.c(412): warning:  #177-D: function "LPCOMP_end" was declared but never referenced
..\main.c(505): warning:  #177-D: function "battery_timers_start" was declared but never referenced
..\main.c(520): warning:  #177-D: function "step_timers_start" was declared but never referenced
compiling sensor.c...
compiling step.c...
..\step.c(307): warning:  #223-D: function "sprintf" declared implicitly
..\step.c(465): warning:  #223-D: function "sprintf" declared implicitly
compiling rtc.c...
compiling data_transfer.c...
..\data_transfer.c(50): warning:  #550-D: variable "m_sec_params" was set but never used
compiling flash.c...
compiling ble_nus.c...
compiling ble_dis.c...
compiling ble_bas.c...
compiling ble_error_log.c...
compiling app_timer.c...
compiling simple_uart.c...
compiling ble_flash.c...
compiling ble_debug_assert_handler.c...
compiling ble_conn_params.c...
compiling twi_hw_master_SD_4_4.c...
compiling ble_advdata.c...
compiling pstorage.c...
compiling softdevice_handler.c...
compiling ble_srv_common.c...
linking...
Program Size: Code=20884 RO-data=228 RW-data=252 ZI-data=6132  
".\_build\W1FW.axf" - 0 Errors, 7 Warning(s).

*** Performing Cross-Module-Optimization:
compiling system_nrf51.c...
compiling main.c...
..\main.c(361): warning:  #177-D: function "buttons_init" was declared but never referenced
..\main.c(412): warning:  #177-D: function "LPCOMP_end" was declared but never referenced
..\main.c(505): warning:  #177-D: function "battery_timers_start" was declared but never referenced
..\main.c(520): warning:  #177-D: function "step_timers_start" was declared but never referenced
compiling sensor.c...
compiling step.c...
..\step.c(307): warning:  #223-D: function "sprintf" declared implicitly
..\step.c(465): warning:  #223-D: function "sprintf" declared implicitly
compiling rtc.c...
compiling data_transfer.c...
..\data_transfer.c(50): warning:  #550-D: variable "m_sec_params" was set but never used
compiling flash.c...
compiling ble_nus.c...
compiling ble_dis.c...
compiling ble_bas.c...
compiling ble_error_log.c...
compiling app_timer.c...
compiling simple_uart.c...
compiling ble_flash.c...
compiling ble_debug_assert_handler.c...
compiling ble_conn_params.c...
compiling twi_hw_master_SD_4_4.c...
compiling ble_advdata.c...
compiling pstorage.c...
compiling softdevice_handler.c...
compiling ble_srv_common.c...
linking...
Program Size: Code=20884 RO-data=228 RW-data=252 ZI-data=6132  
FromELF: creating hex file...
".\_build\W1FW.axf" - 0 Errors, 7 Warning(s).
*** Completed Cross-Module-Optimization after 2 iteration(s).
Load "D:\\MyProject\\SourceCode\\History\\W1FW.002d\\arm\\_build\\W1FW.axf" 
Set JLink Project File to "D:\MyProject\SourceCode\History\W1FW.002d\arm\JLinkSettings.ini"
* JLink Info: Device "NRF51822_XXAA" selected (257 KB flash, 8 KB RAM).
 
JLink info:
------------
DLL: V4.68a, compiled Apr 12 2013 13:26:50
Firmware: J-Link ARM V8 compiled Nov 25 2013 19:20:08
Hardware: V8.00
S/N : 17935099 
Feature(s) : RDI,FlashDL,FlashBP,JFlash 
 
* JLink Info: Found SWD-DP with ID 0x0BB11477
* JLink Info: FPUnit: 4 code (BP) slots and 0 literal slots
* JLink Info: Found Cortex-M0 r0p0, Little endian.
ROMTableAddr = 0xE00FF003
 
Target info:
------------
Device: nRF51822_xxAA
VTarget = 3.287V
State of Pins: 
TCK: 0, TDI: 0, TDO: 0, TMS: 1, TRES: 1, TRST: 1
Hardware-Breakpoints: 4
Software-Breakpoints: 8192
Watchpoints:          2
JTAG speed: 2000 kHz
 
Erase Done.
Programming Done.
Verify OK.
Application running ...
Rebuild target 'nrf51822_xxaa_s110 (256K)'
Clean started - Project: 'uart_example'
   deleting intermediate output files for target 'nrf51822_xxaa_s110 (256K)'
assembling arm_startup_nrf51.s...
compiling system_nrf51.c...
compiling main.c...
..\main.c(361): warning:  #177-D: function "buttons_init" was declared but never referenced
..\main.c(412): warning:  #177-D: function "LPCOMP_end" was declared but never referenced
..\main.c(505): warning:  #177-D: function "battery_timers_start" was declared but never referenced
..\main.c(520): warning:  #177-D: function "step_timers_start" was declared but never referenced
compiling sensor.c...
compiling step.c...
..\step.c(307): warning:  #223-D: function "sprintf" declared implicitly
..\step.c(465): warning:  #223-D: function "sprintf" declared implicitly
compiling rtc.c...
compiling data_transfer.c...
..\data_transfer.c(50): warning:  #550-D: variable "m_sec_params" was set but never used
compiling flash.c...
compiling ble_nus.c...
compiling ble_dis.c...
compiling ble_bas.c...
compiling ble_error_log.c...
compiling app_timer.c...
compiling simple_uart.c...
compiling ble_flash.c...
compiling ble_debug_assert_handler.c...
compiling ble_conn_params.c...
compiling twi_hw_master_SD_4_4.c...
compiling ble_advdata.c...
compiling pstorage.c...
compiling softdevice_handler.c...
compiling ble_srv_common.c...
linking...
Program Size: Code=21900 RO-data=228 RW-data=252 ZI-data=6132  
".\_build\W1FW.axf" - 0 Errors, 7 Warning(s).

*** Performing Cross-Module-Optimization:
compiling system_nrf51.c...
compiling main.c...
..\main.c(361): warning:  #177-D: function "buttons_init" was declared but never referenced
..\main.c(412): warning:  #177-D: function "LPCOMP_end" was declared but never referenced
..\main.c(505): warning:  #177-D: function "battery_timers_start" was declared but never referenced
..\main.c(520): warning:  #177-D: function "step_timers_start" was declared but never referenced
compiling sensor.c...
compiling step.c...
..\step.c(307): warning:  #223-D: function "sprintf" declared implicitly
..\step.c(465): warning:  #223-D: function "sprintf" declared implicitly
compiling rtc.c...
compiling data_transfer.c...
..\data_transfer.c(50): warning:  #550-D: variable "m_sec_params" was set but never used
compiling flash.c...
compiling ble_nus.c...
compiling ble_dis.c...
compiling ble_bas.c...
compiling ble_error_log.c...
compiling app_timer.c...
compiling simple_uart.c...
compiling ble_flash.c...
compiling ble_debug_assert_handler.c...
compiling ble_conn_params.c...
compiling twi_hw_master_SD_4_4.c...
compiling ble_advdata.c...
compiling pstorage.c...
compiling softdevice_handler.c...
compiling ble_srv_common.c...
linking...
Program Size: Code=21900 RO-data=228 RW-data=252 ZI-data=6132  
FromELF: creating hex file...
".\_build\W1FW.axf" - 0 Errors, 7 Warning(s).
*** Completed Cross-Module-Optimization after 2 iteration(s).
Load "D:\\MyProject\\SourceCode\\History\\W1FW.002d\\arm\\_build\\W1FW.axf" 
Set JLink Project File to "D:\MyProject\SourceCode\History\W1FW.002d\arm\JLinkSettings.ini"
* JLink Info: Device "NRF51822_XXAA" selected (257 KB flash, 8 KB RAM).
 
JLink info:
------------
DLL: V4.68a, compiled Apr 12 2013 13:26:50
Firmware: J-Link ARM V8 compiled Nov 25 2013 19:20:08
Hardware: V8.00
S/N : 17935099 
Feature(s) : RDI,FlashDL,FlashBP,JFlash 
 
* JLink Info: Found SWD-DP with ID 0x0BB11477
* JLink Info: FPUnit: 4 code (BP) slots and 0 literal slots
* JLink Info: Found Cortex-M0 r0p0, Little endian.
ROMTableAddr = 0xE00FF003
 
Target info:
------------
Device: nRF51822_xxAA
VTarget = 3.287V
State of Pins: 
TCK: 0, TDI: 0, TDO: 0, TMS: 1, TRES: 1, TRST: 1
Hardware-Breakpoints: 4
Software-Breakpoints: 8192
Watchpoints:          2
JTAG speed: 2000 kHz
 
Erase Done.
Programming Done.
Verify OK.
Application running ...
Rebuild target 'nrf51822_xxaa_s110 (256K)'
Clean started - Project: 'uart_example'
   deleting intermediate output files for target 'nrf51822_xxaa_s110 (256K)'
assembling arm_startup_nrf51.s...
compiling system_nrf51.c...
compiling main.c...
..\main.c(361): warning:  #177-D: function "buttons_init" was declared but never referenced
..\main.c(412): warning:  #177-D: function "LPCOMP_end" was declared but never referenced
..\main.c(505): warning:  #177-D: function "battery_timers_start" was declared but never referenced
..\main.c(520): warning:  #177-D: function "step_timers_start" was declared but never referenced
compiling sensor.c...
compiling step.c...
..\step.c(307): warning:  #223-D: function "sprintf" declared implicitly
..\step.c(465): warning:  #223-D: function "sprintf" declared implicitly
compiling rtc.c...
compiling data_transfer.c...
..\data_transfer.c(50): warning:  #550-D: variable "m_sec_params" was set but never used
compiling flash.c...
compiling ble_nus.c...
compiling ble_dis.c...
compiling ble_bas.c...
compiling ble_error_log.c...
compiling app_timer.c...
compiling simple_uart.c...
compiling ble_flash.c...
compiling ble_debug_assert_handler.c...
compiling ble_conn_params.c...
compiling twi_hw_master_SD_4_4.c...
compiling ble_advdata.c...
compiling pstorage.c...
compiling softdevice_handler.c...
compiling ble_srv_common.c...
linking...
Program Size: Code=21960 RO-data=228 RW-data=252 ZI-data=6132  
".\_build\W1FW.axf" - 0 Errors, 7 Warning(s).

*** Performing Cross-Module-Optimization:
compiling system_nrf51.c...
compiling main.c...
..\main.c(361): warning:  #177-D: function "buttons_init" was declared but never referenced
..\main.c(412): warning:  #177-D: function "LPCOMP_end" was declared but never referenced
..\main.c(505): warning:  #177-D: function "battery_timers_start" was declared but never referenced
..\main.c(520): warning:  #177-D: function "step_timers_start" was declared but never referenced
compiling sensor.c...
compiling step.c...
..\step.c(307): warning:  #223-D: function "sprintf" declared implicitly
..\step.c(465): warning:  #223-D: function "sprintf" declared implicitly
compiling rtc.c...
compiling data_transfer.c...
..\data_transfer.c(50): warning:  #550-D: variable "m_sec_params" was set but never used
compiling flash.c...
compiling ble_nus.c...
compiling ble_dis.c...
compiling ble_bas.c...
compiling ble_error_log.c...
compiling app_timer.c...
compiling simple_uart.c...
compiling ble_flash.c...
compiling ble_debug_assert_handler.c...
compiling ble_conn_params.c...
compiling twi_hw_master_SD_4_4.c...
compiling ble_advdata.c...
compiling pstorage.c...
compiling softdevice_handler.c...
compiling ble_srv_common.c...
linking...
Program Size: Code=21960 RO-data=228 RW-data=252 ZI-data=6132  
FromELF: creating hex file...
".\_build\W1FW.axf" - 0 Errors, 7 Warning(s).
*** Completed Cross-Module-Optimization after 2 iteration(s).
Load "D:\\MyProject\\SourceCode\\History\\W1FW.002d\\arm\\_build\\W1FW.axf" 
Set JLink Project File to "D:\MyProject\SourceCode\History\W1FW.002d\arm\JLinkSettings.ini"
* JLink Info: Device "NRF51822_XXAA" selected (257 KB flash, 8 KB RAM).
 
JLink info:
------------
DLL: V4.68a, compiled Apr 12 2013 13:26:50
Firmware: J-Link ARM V8 compiled Nov 25 2013 19:20:08
Hardware: V8.00
S/N : 17935099 
Feature(s) : RDI,FlashDL,FlashBP,JFlash 
 
* JLink Info: Found SWD-DP with ID 0x0BB11477
* JLink Info: FPUnit: 4 code (BP) slots and 0 literal slots
* JLink Info: Found Cortex-M0 r0p0, Little endian.
ROMTableAddr = 0xE00FF003
 
Target info:
------------
Device: nRF51822_xxAA
VTarget = 3.287V
State of Pins: 
TCK: 0, TDI: 0, TDO: 0, TMS: 1, TRES: 1, TRST: 1
Hardware-Breakpoints: 4
Software-Breakpoints: 8192
Watchpoints:          2
JTAG speed: 2000 kHz
 
Erase Done.
Programming Done.
Verify OK.
Application running ...
Rebuild target 'nrf51822_xxaa_s110 (256K)'
Clean started - Project: 'uart_example'
   deleting intermediate output files for target 'nrf51822_xxaa_s110 (256K)'
assembling arm_startup_nrf51.s...
compiling system_nrf51.c...
compiling main.c...
..\main.c(361): warning:  #177-D: function "buttons_init" was declared but never referenced
..\main.c(412): warning:  #177-D: function "LPCOMP_end" was declared but never referenced
..\main.c(505): warning:  #177-D: function "battery_timers_start" was declared but never referenced
..\main.c(520): warning:  #177-D: function "step_timers_start" was declared but never referenced
compiling sensor.c...
compiling step.c...
..\step.c(307): warning:  #223-D: function "sprintf" declared implicitly
..\step.c(465): warning:  #223-D: function "sprintf" declared implicitly
..\step.c(398): warning:  #550-D: variable "last_increment" was set but never used
compiling rtc.c...
compiling data_transfer.c...
..\data_transfer.c(50): warning:  #550-D: variable "m_sec_params" was set but never used
compiling flash.c...
compiling ble_nus.c...
compiling ble_dis.c...
compiling ble_bas.c...
compiling ble_error_log.c...
compiling app_timer.c...
compiling simple_uart.c...
compiling ble_flash.c...
compiling ble_debug_assert_handler.c...
compiling ble_conn_params.c...
compiling twi_hw_master_SD_4_4.c...
compiling ble_advdata.c...
compiling pstorage.c...
compiling softdevice_handler.c...
compiling ble_srv_common.c...
linking...
Program Size: Code=21956 RO-data=228 RW-data=252 ZI-data=6132  
".\_build\W1FW.axf" - 0 Errors, 8 Warning(s).

*** Performing Cross-Module-Optimization:
compiling system_nrf51.c...
compiling main.c...
..\main.c(361): warning:  #177-D: function "buttons_init" was declared but never referenced
..\main.c(412): warning:  #177-D: function "LPCOMP_end" was declared but never referenced
..\main.c(505): warning:  #177-D: function "battery_timers_start" was declared but never referenced
..\main.c(520): warning:  #177-D: function "step_timers_start" was declared but never referenced
compiling sensor.c...
compiling step.c...
..\step.c(307): warning:  #223-D: function "sprintf" declared implicitly
..\step.c(465): warning:  #223-D: function "sprintf" declared implicitly
..\step.c(398): warning:  #550-D: variable "last_increment" was set but never used
compiling rtc.c...
compiling data_transfer.c...
..\data_transfer.c(50): warning:  #550-D: variable "m_sec_params" was set but never used
compiling flash.c...
compiling ble_nus.c...
compiling ble_dis.c...
compiling ble_bas.c...
compiling ble_error_log.c...
compiling app_timer.c...
compiling simple_uart.c...
compiling ble_flash.c...
compiling ble_debug_assert_handler.c...
compiling ble_conn_params.c...
compiling twi_hw_master_SD_4_4.c...
compiling ble_advdata.c...
compiling pstorage.c...
compiling softdevice_handler.c...
compiling ble_srv_common.c...
linking...
Program Size: Code=21956 RO-data=228 RW-data=252 ZI-data=6132  
FromELF: creating hex file...
".\_build\W1FW.axf" - 0 Errors, 8 Warning(s).
*** Completed Cross-Module-Optimization after 2 iteration(s).
Load "D:\\MyProject\\SourceCode\\History\\W1FW.002d\\arm\\_build\\W1FW.axf" 
Set JLink Project File to "D:\MyProject\SourceCode\History\W1FW.002d\arm\JLinkSettings.ini"
* JLink Info: Device "NRF51822_XXAA" selected (257 KB flash, 8 KB RAM).
 
JLink info:
------------
DLL: V4.68a, compiled Apr 12 2013 13:26:50
Firmware: J-Link ARM V8 compiled Nov 25 2013 19:20:08
Hardware: V8.00
S/N : 17935099 
Feature(s) : RDI,FlashDL,FlashBP,JFlash 
 
* JLink Info: Found SWD-DP with ID 0x0BB11477
* JLink Info: FPUnit: 4 code (BP) slots and 0 literal slots
* JLink Info: Found Cortex-M0 r0p0, Little endian.
ROMTableAddr = 0xE00FF003
 
Target info:
------------
Device: nRF51822_xxAA
VTarget = 3.287V
State of Pins: 
TCK: 0, TDI: 0, TDO: 0, TMS: 1, TRES: 1, TRST: 1
Hardware-Breakpoints: 4
Software-Breakpoints: 8192
Watchpoints:          2
JTAG speed: 2000 kHz
 
Erase Done.
Programming Done.
Verify OK.
Application running ...
Rebuild target 'nrf51822_xxaa_s110 (256K)'
Clean started - Project: 'uart_example'
   deleting intermediate output files for target 'nrf51822_xxaa_s110 (256K)'
assembling arm_startup_nrf51.s...
compiling system_nrf51.c...
compiling main.c...
..\main.c(369): warning:  #177-D: function "buttons_init" was declared but never referenced
..\main.c(420): warning:  #177-D: function "LPCOMP_end" was declared but never referenced
..\main.c(513): warning:  #177-D: function "battery_timers_start" was declared but never referenced
..\main.c(528): warning:  #177-D: function "step_timers_start" was declared but never referenced
compiling sensor.c...
compiling step.c...
..\step.c(307): warning:  #223-D: function "sprintf" declared implicitly
..\step.c(465): warning:  #223-D: function "sprintf" declared implicitly
..\step.c(398): warning:  #550-D: variable "last_increment" was set but never used
compiling rtc.c...
compiling data_transfer.c...
..\data_transfer.c(50): warning:  #550-D: variable "m_sec_params" was set but never used
compiling flash.c...
compiling ble_nus.c...
compiling ble_dis.c...
compiling ble_bas.c...
compiling ble_error_log.c...
compiling app_timer.c...
compiling simple_uart.c...
compiling ble_flash.c...
compiling ble_debug_assert_handler.c...
compiling ble_conn_params.c...
compiling twi_hw_master_SD_4_4.c...
compiling ble_advdata.c...
compiling pstorage.c...
compiling softdevice_handler.c...
compiling ble_srv_common.c...
linking...
Program Size: Code=22160 RO-data=228 RW-data=252 ZI-data=6132  
".\_build\W1FW.axf" - 0 Errors, 8 Warning(s).

*** Performing Cross-Module-Optimization:
compiling system_nrf51.c...
compiling main.c...
..\main.c(369): warning:  #177-D: function "buttons_init" was declared but never referenced
..\main.c(420): warning:  #177-D: function "LPCOMP_end" was declared but never referenced
..\main.c(513): warning:  #177-D: function "battery_timers_start" was declared but never referenced
..\main.c(528): warning:  #177-D: function "step_timers_start" was declared but never referenced
compiling sensor.c...
compiling step.c...
..\step.c(307): warning:  #223-D: function "sprintf" declared implicitly
..\step.c(465): warning:  #223-D: function "sprintf" declared implicitly
..\step.c(398): warning:  #550-D: variable "last_increment" was set but never used
compiling rtc.c...
compiling data_transfer.c...
..\data_transfer.c(50): warning:  #550-D: variable "m_sec_params" was set but never used
compiling flash.c...
compiling ble_nus.c...
compiling ble_dis.c...
compiling ble_bas.c...
compiling ble_error_log.c...
compiling app_timer.c...
compiling simple_uart.c...
compiling ble_flash.c...
compiling ble_debug_assert_handler.c...
compiling ble_conn_params.c...
compiling twi_hw_master_SD_4_4.c...
compiling ble_advdata.c...
compiling pstorage.c...
compiling softdevice_handler.c...
compiling ble_srv_common.c...
linking...
Program Size: Code=22160 RO-data=228 RW-data=252 ZI-data=6132  
FromELF: creating hex file...
".\_build\W1FW.axf" - 0 Errors, 8 Warning(s).
*** Completed Cross-Module-Optimization after 2 iteration(s).
Load "D:\\MyProject\\SourceCode\\History\\W1FW.002d\\arm\\_build\\W1FW.axf" 
Set JLink Project File to "D:\MyProject\SourceCode\History\W1FW.002d\arm\JLinkSettings.ini"
* JLink Info: Device "NRF51822_XXAA" selected (257 KB flash, 8 KB RAM).
 
JLink info:
------------
DLL: V4.68a, compiled Apr 12 2013 13:26:50
Firmware: J-Link ARM V8 compiled Nov 25 2013 19:20:08
Hardware: V8.00
S/N : 17935099 
Feature(s) : RDI,FlashDL,FlashBP,JFlash 
 
* JLink Info: Found SWD-DP with ID 0x0BB11477
* JLink Info: FPUnit: 4 code (BP) slots and 0 literal slots
* JLink Info: Found Cortex-M0 r0p0, Little endian.
ROMTableAddr = 0xE00FF003
 
Target info:
------------
Device: nRF51822_xxAA
VTarget = 3.287V
State of Pins: 
TCK: 0, TDI: 0, TDO: 0, TMS: 1, TRES: 1, TRST: 1
Hardware-Breakpoints: 4
Software-Breakpoints: 8192
Watchpoints:          2
JTAG speed: 2000 kHz
 
Erase Done.
Programming Done.
Verify OK.
Application running ...
Rebuild target 'nrf51822_xxaa_s110 (256K)'
Clean started - Project: 'uart_example'
   deleting intermediate output files for target 'nrf51822_xxaa_s110 (256K)'
assembling arm_startup_nrf51.s...
compiling system_nrf51.c...
compiling main.c...
..\main.c(1017): warning:  #111-D: statement is unreachable
..\main.c(369): warning:  #177-D: function "buttons_init" was declared but never referenced
..\main.c(420): warning:  #177-D: function "LPCOMP_end" was declared but never referenced
..\main.c(513): warning:  #177-D: function "battery_timers_start" was declared but never referenced
..\main.c(528): warning:  #177-D: function "step_timers_start" was declared but never referenced
compiling sensor.c...
compiling step.c...
..\step.c(307): warning:  #223-D: function "sprintf" declared implicitly
..\step.c(465): warning:  #223-D: function "sprintf" declared implicitly
..\step.c(398): warning:  #550-D: variable "last_increment" was set but never used
compiling rtc.c...
compiling data_transfer.c...
..\data_transfer.c(50): warning:  #550-D: variable "m_sec_params" was set but never used
compiling flash.c...
compiling ble_nus.c...
compiling ble_dis.c...
compiling ble_bas.c...
compiling ble_error_log.c...
compiling app_timer.c...
compiling simple_uart.c...
compiling ble_flash.c...
compiling ble_debug_assert_handler.c...
compiling ble_conn_params.c...
compiling twi_hw_master_SD_4_4.c...
compiling ble_advdata.c...
compiling pstorage.c...
compiling softdevice_handler.c...
compiling ble_srv_common.c...
linking...
Program Size: Code=22108 RO-data=228 RW-data=252 ZI-data=6132  
".\_build\W1FW.axf" - 0 Errors, 9 Warning(s).

*** Performing Cross-Module-Optimization:
compiling system_nrf51.c...
compiling main.c...
..\main.c(1017): warning:  #111-D: statement is unreachable
..\main.c(369): warning:  #177-D: function "buttons_init" was declared but never referenced
..\main.c(420): warning:  #177-D: function "LPCOMP_end" was declared but never referenced
..\main.c(513): warning:  #177-D: function "battery_timers_start" was declared but never referenced
..\main.c(528): warning:  #177-D: function "step_timers_start" was declared but never referenced
compiling sensor.c...
compiling step.c...
..\step.c(307): warning:  #223-D: function "sprintf" declared implicitly
..\step.c(465): warning:  #223-D: function "sprintf" declared implicitly
..\step.c(398): warning:  #550-D: variable "last_increment" was set but never used
compiling rtc.c...
compiling data_transfer.c...
..\data_transfer.c(50): warning:  #550-D: variable "m_sec_params" was set but never used
compiling flash.c...
compiling ble_nus.c...
compiling ble_dis.c...
compiling ble_bas.c...
compiling ble_error_log.c...
compiling app_timer.c...
compiling simple_uart.c...
compiling ble_flash.c...
compiling ble_debug_assert_handler.c...
compiling ble_conn_params.c...
compiling twi_hw_master_SD_4_4.c...
compiling ble_advdata.c...
compiling pstorage.c...
compiling softdevice_handler.c...
compiling ble_srv_common.c...
linking...
Program Size: Code=22108 RO-data=228 RW-data=252 ZI-data=6132  
FromELF: creating hex file...
".\_build\W1FW.axf" - 0 Errors, 9 Warning(s).
*** Completed Cross-Module-Optimization after 2 iteration(s).
Rebuild target 'nrf51822_xxaa_s110 (256K)'
Clean started - Project: 'uart_example'
   deleting intermediate output files for target 'nrf51822_xxaa_s110 (256K)'
assembling arm_startup_nrf51.s...
compiling system_nrf51.c...
compiling main.c...
..\main.c(1018): warning:  #111-D: statement is unreachable
..\main.c(369): warning:  #177-D: function "buttons_init" was declared but never referenced
..\main.c(420): warning:  #177-D: function "LPCOMP_end" was declared but never referenced
..\main.c(513): warning:  #177-D: function "battery_timers_start" was declared but never referenced
..\main.c(528): warning:  #177-D: function "step_timers_start" was declared but never referenced
compiling sensor.c...
compiling step.c...
..\step.c(307): warning:  #223-D: function "sprintf" declared implicitly
..\step.c(465): warning:  #223-D: function "sprintf" declared implicitly
..\step.c(398): warning:  #550-D: variable "last_increment" was set but never used
compiling rtc.c...
compiling data_transfer.c...
..\data_transfer.c(50): warning:  #550-D: variable "m_sec_params" was set but never used
compiling flash.c...
compiling ble_nus.c...
compiling ble_dis.c...
compiling ble_bas.c...
compiling ble_error_log.c...
compiling app_timer.c...
compiling simple_uart.c...
compiling ble_flash.c...
compiling ble_debug_assert_handler.c...
compiling ble_conn_params.c...
compiling twi_hw_master_SD_4_4.c...
compiling ble_advdata.c...
compiling pstorage.c...
compiling softdevice_handler.c...
compiling ble_srv_common.c...
linking...
Program Size: Code=22116 RO-data=228 RW-data=252 ZI-data=6132  
".\_build\W1FW.axf" - 0 Errors, 9 Warning(s).

*** Performing Cross-Module-Optimization:
compiling system_nrf51.c...
compiling main.c...
..\main.c(1018): warning:  #111-D: statement is unreachable
..\main.c(369): warning:  #177-D: function "buttons_init" was declared but never referenced
..\main.c(420): warning:  #177-D: function "LPCOMP_end" was declared but never referenced
..\main.c(513): warning:  #177-D: function "battery_timers_start" was declared but never referenced
..\main.c(528): warning:  #177-D: function "step_timers_start" was declared but never referenced
compiling sensor.c...
compiling step.c...
..\step.c(307): warning:  #223-D: function "sprintf" declared implicitly
..\step.c(465): warning:  #223-D: function "sprintf" declared implicitly
..\step.c(398): warning:  #550-D: variable "last_increment" was set but never used
compiling rtc.c...
compiling data_transfer.c...
..\data_transfer.c(50): warning:  #550-D: variable "m_sec_params" was set but never used
compiling flash.c...
compiling ble_nus.c...
compiling ble_dis.c...
compiling ble_bas.c...
compiling ble_error_log.c...
compiling app_timer.c...
compiling simple_uart.c...
compiling ble_flash.c...
compiling ble_debug_assert_handler.c...
compiling ble_conn_params.c...
compiling twi_hw_master_SD_4_4.c...
compiling ble_advdata.c...
compiling pstorage.c...
compiling softdevice_handler.c...
compiling ble_srv_common.c...
linking...
Program Size: Code=22116 RO-data=228 RW-data=252 ZI-data=6132  
FromELF: creating hex file...
".\_build\W1FW.axf" - 0 Errors, 9 Warning(s).
*** Completed Cross-Module-Optimization after 2 iteration(s).
Load "D:\\MyProject\\SourceCode\\History\\W1FW.002d\\arm\\_build\\W1FW.axf" 
Set JLink Project File to "D:\MyProject\SourceCode\History\W1FW.002d\arm\JLinkSettings.ini"
* JLink Info: Device "NRF51822_XXAA" selected (257 KB flash, 8 KB RAM).
 
JLink info:
------------
DLL: V4.68a, compiled Apr 12 2013 13:26:50
Firmware: J-Link ARM V8 compiled Nov 25 2013 19:20:08
Hardware: V8.00
S/N : 17935099 
Feature(s) : RDI,FlashDL,FlashBP,JFlash 
 
* JLink Info: Found SWD-DP with ID 0x0BB11477
* JLink Info: FPUnit: 4 code (BP) slots and 0 literal slots
* JLink Info: Found Cortex-M0 r0p0, Little endian.
ROMTableAddr = 0xE00FF003
 
Target info:
------------
Device: nRF51822_xxAA
VTarget = 3.287V
State of Pins: 
TCK: 0, TDI: 0, TDO: 0, TMS: 1, TRES: 1, TRST: 1
Hardware-Breakpoints: 4
Software-Breakpoints: 8192
Watchpoints:          2
JTAG speed: 2000 kHz
 
Erase Done.
Programming Done.
Verify OK.
Application running ...
Rebuild target 'nrf51822_xxaa_s110 (256K)'
Clean started - Project: 'uart_example'
   deleting intermediate output files for target 'nrf51822_xxaa_s110 (256K)'
assembling arm_startup_nrf51.s...
compiling system_nrf51.c...
compiling main.c...
..\main.c(1013): warning:  #111-D: statement is unreachable
..\main.c(369): warning:  #177-D: function "buttons_init" was declared but never referenced
..\main.c(420): warning:  #177-D: function "LPCOMP_end" was declared but never referenced
..\main.c(513): warning:  #177-D: function "battery_timers_start" was declared but never referenced
..\main.c(528): warning:  #177-D: function "step_timers_start" was declared but never referenced
compiling sensor.c...
compiling step.c...
..\step.c(307): warning:  #223-D: function "sprintf" declared implicitly
..\step.c(465): warning:  #223-D: function "sprintf" declared implicitly
..\step.c(398): warning:  #550-D: variable "last_increment" was set but never used
compiling rtc.c...
compiling data_transfer.c...
..\data_transfer.c(50): warning:  #550-D: variable "m_sec_params" was set but never used
compiling flash.c...
compiling ble_nus.c...
compiling ble_dis.c...
compiling ble_bas.c...
compiling ble_error_log.c...
compiling app_timer.c...
compiling simple_uart.c...
compiling ble_flash.c...
compiling ble_debug_assert_handler.c...
compiling ble_conn_params.c...
compiling twi_hw_master_SD_4_4.c...
compiling ble_advdata.c...
compiling pstorage.c...
compiling softdevice_handler.c...
compiling ble_srv_common.c...
linking...
Program Size: Code=22100 RO-data=228 RW-data=252 ZI-data=6132  
".\_build\W1FW.axf" - 0 Errors, 9 Warning(s).

*** Performing Cross-Module-Optimization:
compiling system_nrf51.c...
compiling main.c...
..\main.c(1013): warning:  #111-D: statement is unreachable
..\main.c(369): warning:  #177-D: function "buttons_init" was declared but never referenced
..\main.c(420): warning:  #177-D: function "LPCOMP_end" was declared but never referenced
..\main.c(513): warning:  #177-D: function "battery_timers_start" was declared but never referenced
..\main.c(528): warning:  #177-D: function "step_timers_start" was declared but never referenced
compiling sensor.c...
compiling step.c...
..\step.c(307): warning:  #223-D: function "sprintf" declared implicitly
..\step.c(465): warning:  #223-D: function "sprintf" declared implicitly
..\step.c(398): warning:  #550-D: variable "last_increment" was set but never used
compiling rtc.c...
compiling data_transfer.c...
..\data_transfer.c(50): warning:  #550-D: variable "m_sec_params" was set but never used
compiling flash.c...
compiling ble_nus.c...
compiling ble_dis.c...
compiling ble_bas.c...
compiling ble_error_log.c...
compiling app_timer.c...
compiling simple_uart.c...
compiling ble_flash.c...
compiling ble_debug_assert_handler.c...
compiling ble_conn_params.c...
compiling twi_hw_master_SD_4_4.c...
compiling ble_advdata.c...
compiling pstorage.c...
compiling softdevice_handler.c...
compiling ble_srv_common.c...
linking...
Program Size: Code=22100 RO-data=228 RW-data=252 ZI-data=6132  
FromELF: creating hex file...
".\_build\W1FW.axf" - 0 Errors, 9 Warning(s).
*** Completed Cross-Module-Optimization after 2 iteration(s).
Load "D:\\MyProject\\SourceCode\\History\\W1FW.002d\\arm\\_build\\W1FW.axf" 
Set JLink Project File to "D:\MyProject\SourceCode\History\W1FW.002d\arm\JLinkSettings.ini"
* JLink Info: Device "NRF51822_XXAA" selected (257 KB flash, 8 KB RAM).
 
JLink info:
------------
DLL: V4.68a, compiled Apr 12 2013 13:26:50
Firmware: J-Link ARM V8 compiled Nov 25 2013 19:20:08
Hardware: V8.00
S/N : 17935099 
Feature(s) : RDI,FlashDL,FlashBP,JFlash 
 
* JLink Info: Found SWD-DP with ID 0x0BB11477
* JLink Info: FPUnit: 4 code (BP) slots and 0 literal slots
* JLink Info: Found Cortex-M0 r0p0, Little endian.
ROMTableAddr = 0xE00FF003
 
Target info:
------------
Device: nRF51822_xxAA
VTarget = 3.287V
State of Pins: 
TCK: 0, TDI: 0, TDO: 0, TMS: 1, TRES: 1, TRST: 1
Hardware-Breakpoints: 4
Software-Breakpoints: 8192
Watchpoints:          2
JTAG speed: 2000 kHz
 
Erase Done.
Programming Done.
Verify OK.
Application running ...
Load "D:\\MyProject\\SourceCode\\History\\W1FW.002d\\arm\\_build\\W1FW.axf" 
Set JLink Project File to "D:\MyProject\SourceCode\History\W1FW.002d\arm\JLinkSettings.ini"
* JLink Info: Device "NRF51822_XXAA" selected (257 KB flash, 8 KB RAM).
 
JLink info:
------------
DLL: V4.68a, compiled Apr 12 2013 13:26:50
Firmware: J-Link ARM V8 compiled Nov 25 2013 19:20:08
Hardware: V8.00
S/N : 17935099 
Feature(s) : RDI,FlashDL,FlashBP,JFlash 
 
* JLink Info: Found SWD-DP with ID 0x0BB11477
* JLink Info: FPUnit: 4 code (BP) slots and 0 literal slots
* JLink Info: Found Cortex-M0 r0p0, Little endian.
ROMTableAddr = 0xE00FF003
 
Target info:
------------
Device: nRF51822_xxAA
VTarget = 3.287V
State of Pins: 
TCK: 0, TDI: 0, TDO: 0, TMS: 1, TRES: 1, TRST: 1
Hardware-Breakpoints: 4
Software-Breakpoints: 8192
Watchpoints:          2
JTAG speed: 2000 kHz
 
Erase Done.
Programming Done.
Verify OK.
Application running ...
Rebuild target 'nrf51822_xxaa_s110 (256K)'
Clean started - Project: 'uart_example'
   deleting intermediate output files for target 'nrf51822_xxaa_s110 (256K)'
assembling arm_startup_nrf51.s...
compiling system_nrf51.c...
compiling main.c...
..\main.c(1013): warning:  #111-D: statement is unreachable
..\main.c(369): warning:  #177-D: function "buttons_init" was declared but never referenced
..\main.c(420): warning:  #177-D: function "LPCOMP_end" was declared but never referenced
..\main.c(513): warning:  #177-D: function "battery_timers_start" was declared but never referenced
..\main.c(528): warning:  #177-D: function "step_timers_start" was declared but never referenced
compiling sensor.c...
compiling step.c...
..\step.c(307): warning:  #223-D: function "sprintf" declared implicitly
..\step.c(465): warning:  #223-D: function "sprintf" declared implicitly
..\step.c(398): warning:  #550-D: variable "last_increment" was set but never used
compiling rtc.c...
compiling data_transfer.c...
..\data_transfer.c(50): warning:  #550-D: variable "m_sec_params" was set but never used
compiling flash.c...
compiling ble_nus.c...
compiling ble_dis.c...
compiling ble_bas.c...
compiling ble_error_log.c...
compiling app_timer.c...
compiling simple_uart.c...
compiling ble_flash.c...
compiling ble_debug_assert_handler.c...
compiling ble_conn_params.c...
compiling twi_hw_master_SD_4_4.c...
compiling ble_advdata.c...
compiling pstorage.c...
compiling softdevice_handler.c...
compiling ble_srv_common.c...
linking...
Program Size: Code=22096 RO-data=228 RW-data=252 ZI-data=6132  
".\_build\W1FW.axf" - 0 Errors, 9 Warning(s).

*** Performing Cross-Module-Optimization:
compiling system_nrf51.c...
compiling main.c...
..\main.c(1013): warning:  #111-D: statement is unreachable
..\main.c(369): warning:  #177-D: function "buttons_init" was declared but never referenced
..\main.c(420): warning:  #177-D: function "LPCOMP_end" was declared but never referenced
..\main.c(513): warning:  #177-D: function "battery_timers_start" was declared but never referenced
..\main.c(528): warning:  #177-D: function "step_timers_start" was declared but never referenced
compiling sensor.c...
compiling step.c...
..\step.c(307): warning:  #223-D: function "sprintf" declared implicitly
..\step.c(465): warning:  #223-D: function "sprintf" declared implicitly
..\step.c(398): warning:  #550-D: variable "last_increment" was set but never used
compiling rtc.c...
compiling data_transfer.c...
..\data_transfer.c(50): warning:  #550-D: variable "m_sec_params" was set but never used
compiling flash.c...
compiling ble_nus.c...
compiling ble_dis.c...
compiling ble_bas.c...
compiling ble_error_log.c...
compiling app_timer.c...
compiling simple_uart.c...
compiling ble_flash.c...
compiling ble_debug_assert_handler.c...
compiling ble_conn_params.c...
compiling twi_hw_master_SD_4_4.c...
compiling ble_advdata.c...
compiling pstorage.c...
compiling softdevice_handler.c...
compiling ble_srv_common.c...
linking...
Program Size: Code=22096 RO-data=228 RW-data=252 ZI-data=6132  
FromELF: creating hex file...
".\_build\W1FW.axf" - 0 Errors, 9 Warning(s).
*** Completed Cross-Module-Optimization after 2 iteration(s).
Load "D:\\MyProject\\SourceCode\\History\\W1FW.002d\\arm\\_build\\W1FW.axf" 
Set JLink Project File to "D:\MyProject\SourceCode\History\W1FW.002d\arm\JLinkSettings.ini"
* JLink Info: Device "NRF51822_XXAA" selected (257 KB flash, 8 KB RAM).
 
JLink info:
------------
DLL: V4.68a, compiled Apr 12 2013 13:26:50
Firmware: J-Link ARM V8 compiled Nov 25 2013 19:20:08
Hardware: V8.00
S/N : 17935099 
Feature(s) : RDI,FlashDL,FlashBP,JFlash 
 
* JLink Info: Found SWD-DP with ID 0x0BB11477
* JLink Info: FPUnit: 4 code (BP) slots and 0 literal slots
* JLink Info: Found Cortex-M0 r0p0, Little endian.
ROMTableAddr = 0xE00FF003
 
Target info:
------------
Device: nRF51822_xxAA
VTarget = 3.287V
State of Pins: 
TCK: 0, TDI: 0, TDO: 0, TMS: 1, TRES: 1, TRST: 1
Hardware-Breakpoints: 4
Software-Breakpoints: 8192
Watchpoints:          2
JTAG speed: 2000 kHz
 
Erase Done.
Programming Done.
Verify OK.
Application running ...
Rebuild target 'nrf51822_xxaa_s110 (256K)'
Clean started - Project: 'uart_example'
   deleting intermediate output files for target 'nrf51822_xxaa_s110 (256K)'
assembling arm_startup_nrf51.s...
compiling system_nrf51.c...
compiling main.c...
..\main.c(1014): warning:  #111-D: statement is unreachable
..\main.c(370): warning:  #177-D: function "buttons_init" was declared but never referenced
..\main.c(421): warning:  #177-D: function "LPCOMP_end" was declared but never referenced
..\main.c(514): warning:  #177-D: function "battery_timers_start" was declared but never referenced
..\main.c(529): warning:  #177-D: function "step_timers_start" was declared but never referenced
compiling sensor.c...
compiling step.c...
..\step.c(307): warning:  #223-D: function "sprintf" declared implicitly
..\step.c(465): warning:  #223-D: function "sprintf" declared implicitly
..\step.c(398): warning:  #550-D: variable "last_increment" was set but never used
compiling rtc.c...
compiling data_transfer.c...
..\data_transfer.c(50): warning:  #550-D: variable "m_sec_params" was set but never used
compiling flash.c...
compiling ble_nus.c...
compiling ble_dis.c...
compiling ble_bas.c...
compiling ble_error_log.c...
compiling app_timer.c...
compiling simple_uart.c...
compiling ble_flash.c...
compiling ble_debug_assert_handler.c...
compiling ble_conn_params.c...
compiling twi_hw_master_SD_4_4.c...
compiling ble_advdata.c...
compiling pstorage.c...
compiling softdevice_handler.c...
compiling ble_srv_common.c...
linking...
Program Size: Code=22096 RO-data=228 RW-data=252 ZI-data=6132  
".\_build\W1FW.axf" - 0 Errors, 9 Warning(s).

*** Performing Cross-Module-Optimization:
compiling system_nrf51.c...
compiling main.c...
..\main.c(1014): warning:  #111-D: statement is unreachable
..\main.c(370): warning:  #177-D: function "buttons_init" was declared but never referenced
..\main.c(421): warning:  #177-D: function "LPCOMP_end" was declared but never referenced
..\main.c(514): warning:  #177-D: function "battery_timers_start" was declared but never referenced
..\main.c(529): warning:  #177-D: function "step_timers_start" was declared but never referenced
compiling sensor.c...
compiling step.c...
..\step.c(307): warning:  #223-D: function "sprintf" declared implicitly
..\step.c(465): warning:  #223-D: function "sprintf" declared implicitly
..\step.c(398): warning:  #550-D: variable "last_increment" was set but never used
compiling rtc.c...
compiling data_transfer.c...
..\data_transfer.c(50): warning:  #550-D: variable "m_sec_params" was set but never used
compiling flash.c...
compiling ble_nus.c...
compiling ble_dis.c...
compiling ble_bas.c...
compiling ble_error_log.c...
compiling app_timer.c...
compiling simple_uart.c...
compiling ble_flash.c...
compiling ble_debug_assert_handler.c...
compiling ble_conn_params.c...
compiling twi_hw_master_SD_4_4.c...
compiling ble_advdata.c...
compiling pstorage.c...
compiling softdevice_handler.c...
compiling ble_srv_common.c...
linking...
Program Size: Code=22096 RO-data=228 RW-data=252 ZI-data=6132  
FromELF: creating hex file...
".\_build\W1FW.axf" - 0 Errors, 9 Warning(s).
*** Completed Cross-Module-Optimization after 2 iteration(s).
Load "D:\\MyProject\\SourceCode\\History\\W1FW.002d\\arm\\_build\\W1FW.axf" 
Set JLink Project File to "D:\MyProject\SourceCode\History\W1FW.002d\arm\JLinkSettings.ini"
* JLink Info: Device "NRF51822_XXAA" selected (257 KB flash, 8 KB RAM).
 
JLink info:
------------
DLL: V4.68a, compiled Apr 12 2013 13:26:50
Firmware: J-Link ARM V8 compiled Nov 25 2013 19:20:08
Hardware: V8.00
S/N : 17935099 
Feature(s) : RDI,FlashDL,FlashBP,JFlash 
 
* JLink Info: Found SWD-DP with ID 0x0BB11477
* JLink Info: FPUnit: 4 code (BP) slots and 0 literal slots
* JLink Info: Found Cortex-M0 r0p0, Little endian.
ROMTableAddr = 0xE00FF003
 
Target info:
------------
Device: nRF51822_xxAA
VTarget = 3.287V
State of Pins: 
TCK: 0, TDI: 0, TDO: 0, TMS: 1, TRES: 1, TRST: 1
Hardware-Breakpoints: 4
Software-Breakpoints: 8192
Watchpoints:          2
JTAG speed: 2000 kHz
 
Erase Done.
Programming Done.
Verify OK.
Application running ...
Load "D:\\MyProject\\SourceCode\\History\\W1FW.002d\\arm\\_build\\W1FW.axf" 
Set JLink Project File to "D:\MyProject\SourceCode\History\W1FW.002d\arm\JLinkSettings.ini"
* JLink Info: Device "NRF51822_XXAA" selected (257 KB flash, 8 KB RAM).
 
JLink info:
------------
DLL: V4.68a, compiled Apr 12 2013 13:26:50
Firmware: J-Link ARM V8 compiled Nov 25 2013 19:20:08
Hardware: V8.00
S/N : 17935099 
Feature(s) : RDI,FlashDL,FlashBP,JFlash 
 
* JLink Info: Found SWD-DP with ID 0x0BB11477
* JLink Info: FPUnit: 4 code (BP) slots and 0 literal slots
* JLink Info: Found Cortex-M0 r0p0, Little endian.
ROMTableAddr = 0xE00FF003
 
Target info:
------------
Device: nRF51822_xxAA
VTarget = 3.287V
State of Pins: 
TCK: 0, TDI: 0, TDO: 0, TMS: 1, TRES: 1, TRST: 1
Hardware-Breakpoints: 4
Software-Breakpoints: 8192
Watchpoints:          2
JTAG speed: 2000 kHz
 
Erase Done.
Programming Done.
Verify OK.
Application running ...
Rebuild target 'nrf51822_xxaa_s110 (256K)'
Clean started - Project: 'uart_example'
   deleting intermediate output files for target 'nrf51822_xxaa_s110 (256K)'
assembling arm_startup_nrf51.s...
compiling system_nrf51.c...
compiling main.c...
..\main.c(1021): warning:  #111-D: statement is unreachable
..\main.c(377): warning:  #177-D: function "buttons_init" was declared but never referenced
..\main.c(428): warning:  #177-D: function "LPCOMP_end" was declared but never referenced
..\main.c(521): warning:  #177-D: function "battery_timers_start" was declared but never referenced
..\main.c(536): warning:  #177-D: function "step_timers_start" was declared but never referenced
compiling sensor.c...
compiling step.c...
..\step.c(307): warning:  #223-D: function "sprintf" declared implicitly
..\step.c(466): warning:  #223-D: function "sprintf" declared implicitly
..\step.c(398): warning:  #550-D: variable "last_increment" was set but never used
compiling rtc.c...
compiling data_transfer.c...
..\data_transfer.c(50): warning:  #550-D: variable "m_sec_params" was set but never used
compiling flash.c...
compiling ble_nus.c...
compiling ble_dis.c...
compiling ble_bas.c...
compiling ble_error_log.c...
compiling app_timer.c...
compiling simple_uart.c...
compiling ble_flash.c...
compiling ble_debug_assert_handler.c...
compiling ble_conn_params.c...
compiling twi_hw_master_SD_4_4.c...
compiling ble_advdata.c...
compiling pstorage.c...
compiling softdevice_handler.c...
compiling ble_srv_common.c...
linking...
Program Size: Code=22132 RO-data=228 RW-data=252 ZI-data=6132  
".\_build\W1FW.axf" - 0 Errors, 9 Warning(s).

*** Performing Cross-Module-Optimization:
compiling system_nrf51.c...
compiling main.c...
..\main.c(1021): warning:  #111-D: statement is unreachable
..\main.c(377): warning:  #177-D: function "buttons_init" was declared but never referenced
..\main.c(428): warning:  #177-D: function "LPCOMP_end" was declared but never referenced
..\main.c(521): warning:  #177-D: function "battery_timers_start" was declared but never referenced
..\main.c(536): warning:  #177-D: function "step_timers_start" was declared but never referenced
compiling sensor.c...
compiling step.c...
..\step.c(307): warning:  #223-D: function "sprintf" declared implicitly
..\step.c(466): warning:  #223-D: function "sprintf" declared implicitly
..\step.c(398): warning:  #550-D: variable "last_increment" was set but never used
compiling rtc.c...
compiling data_transfer.c...
..\data_transfer.c(50): warning:  #550-D: variable "m_sec_params" was set but never used
compiling flash.c...
compiling ble_nus.c...
compiling ble_dis.c...
compiling ble_bas.c...
compiling ble_error_log.c...
compiling app_timer.c...
compiling simple_uart.c...
compiling ble_flash.c...
compiling ble_debug_assert_handler.c...
compiling ble_conn_params.c...
compiling twi_hw_master_SD_4_4.c...
compiling ble_advdata.c...
compiling pstorage.c...
compiling softdevice_handler.c...
compiling ble_srv_common.c...
linking...
Program Size: Code=22132 RO-data=228 RW-data=252 ZI-data=6132  
FromELF: creating hex file...
".\_build\W1FW.axf" - 0 Errors, 9 Warning(s).
*** Completed Cross-Module-Optimization after 2 iteration(s).
Load "D:\\MyProject\\SourceCode\\History\\W1FW.002d\\arm\\_build\\W1FW.axf" 
Set JLink Project File to "D:\MyProject\SourceCode\History\W1FW.002d\arm\JLinkSettings.ini"
* JLink Info: Device "NRF51822_XXAA" selected (257 KB flash, 8 KB RAM).
 
JLink info:
------------
DLL: V4.68a, compiled Apr 12 2013 13:26:50
Firmware: J-Link ARM V8 compiled Nov 25 2013 19:20:08
Hardware: V8.00
S/N : 17935099 
Feature(s) : RDI,FlashDL,FlashBP,JFlash 
 
* JLink Info: Found SWD-DP with ID 0x0BB11477
* JLink Info: FPUnit: 4 code (BP) slots and 0 literal slots
* JLink Info: Found Cortex-M0 r0p0, Little endian.
ROMTableAddr = 0xE00FF003
 
Target info:
------------
Device: nRF51822_xxAA
VTarget = 3.287V
State of Pins: 
TCK: 0, TDI: 0, TDO: 0, TMS: 1, TRES: 1, TRST: 1
Hardware-Breakpoints: 4
Software-Breakpoints: 8192
Watchpoints:          2
JTAG speed: 2000 kHz
 
Erase Done.
Programming Done.
Verify OK.
Application running ...
Load "D:\\MyProject\\SourceCode\\History\\W1FW.002d\\arm\\_build\\W1FW.axf" 
Set JLink Project File to "D:\MyProject\SourceCode\History\W1FW.002d\arm\JLinkSettings.ini"
* JLink Info: Device "NRF51822_XXAA" selected (257 KB flash, 8 KB RAM).
 
JLink info:
------------
DLL: V4.68a, compiled Apr 12 2013 13:26:50
Firmware: J-Link ARM V8 compiled Nov 25 2013 19:20:08
Hardware: V8.00
S/N : 17935099 
Feature(s) : RDI,FlashDL,FlashBP,JFlash 
 
* JLink Info: Found SWD-DP with ID 0x0BB11477
* JLink Info: FPUnit: 4 code (BP) slots and 0 literal slots
* JLink Info: Found Cortex-M0 r0p0, Little endian.
ROMTableAddr = 0xE00FF003
 
Target info:
------------
Device: nRF51822_xxAA
VTarget = 3.287V
State of Pins: 
TCK: 0, TDI: 0, TDO: 0, TMS: 1, TRES: 1, TRST: 1
Hardware-Breakpoints: 4
Software-Breakpoints: 8192
Watchpoints:          2
JTAG speed: 2000 kHz
 
Erase Done.
Programming Done.
Verify OK.
Application running ...
Rebuild target 'nrf51822_xxaa_s110 (256K)'
Clean started - Project: 'uart_example'
   deleting intermediate output files for target 'nrf51822_xxaa_s110 (256K)'
assembling arm_startup_nrf51.s...
compiling system_nrf51.c...
compiling main.c...
..\main.c(1020): warning:  #111-D: statement is unreachable
..\main.c(376): warning:  #177-D: function "buttons_init" was declared but never referenced
..\main.c(427): warning:  #177-D: function "LPCOMP_end" was declared but never referenced
..\main.c(520): warning:  #177-D: function "battery_timers_start" was declared but never referenced
..\main.c(535): warning:  #177-D: function "step_timers_start" was declared but never referenced
compiling sensor.c...
compiling step.c...
..\step.c(307): warning:  #223-D: function "sprintf" declared implicitly
..\step.c(460): warning:  #223-D: function "sprintf" declared implicitly
..\step.c(391): warning:  #550-D: variable "last_increment" was set but never used
compiling rtc.c...
compiling data_transfer.c...
..\data_transfer.c(50): warning:  #550-D: variable "m_sec_params" was set but never used
compiling flash.c...
compiling ble_nus.c...
compiling ble_dis.c...
compiling ble_bas.c...
compiling ble_error_log.c...
compiling app_timer.c...
compiling simple_uart.c...
compiling ble_flash.c...
compiling ble_debug_assert_handler.c...
compiling ble_conn_params.c...
compiling twi_hw_master_SD_4_4.c...
compiling ble_advdata.c...
compiling pstorage.c...
compiling softdevice_handler.c...
compiling ble_srv_common.c...
linking...
Program Size: Code=21992 RO-data=228 RW-data=256 ZI-data=6136  
".\_build\W1FW.axf" - 0 Errors, 9 Warning(s).

*** Performing Cross-Module-Optimization:
compiling system_nrf51.c...
compiling main.c...
..\main.c(1020): warning:  #111-D: statement is unreachable
..\main.c(376): warning:  #177-D: function "buttons_init" was declared but never referenced
..\main.c(427): warning:  #177-D: function "LPCOMP_end" was declared but never referenced
..\main.c(520): warning:  #177-D: function "battery_timers_start" was declared but never referenced
..\main.c(535): warning:  #177-D: function "step_timers_start" was declared but never referenced
compiling sensor.c...
compiling step.c...
..\step.c(307): warning:  #223-D: function "sprintf" declared implicitly
..\step.c(460): warning:  #223-D: function "sprintf" declared implicitly
..\step.c(391): warning:  #550-D: variable "last_increment" was set but never used
compiling rtc.c...
compiling data_transfer.c...
..\data_transfer.c(50): warning:  #550-D: variable "m_sec_params" was set but never used
compiling flash.c...
compiling ble_nus.c...
compiling ble_dis.c...
compiling ble_bas.c...
compiling ble_error_log.c...
compiling app_timer.c...
compiling simple_uart.c...
compiling ble_flash.c...
compiling ble_debug_assert_handler.c...
compiling ble_conn_params.c...
compiling twi_hw_master_SD_4_4.c...
compiling ble_advdata.c...
compiling pstorage.c...
compiling softdevice_handler.c...
compiling ble_srv_common.c...
linking...
Program Size: Code=21992 RO-data=228 RW-data=256 ZI-data=6136  
FromELF: creating hex file...
".\_build\W1FW.axf" - 0 Errors, 9 Warning(s).
*** Completed Cross-Module-Optimization after 2 iteration(s).
Rebuild target 'nrf51822_xxaa_s110 (256K)'
Clean started - Project: 'uart_example'
   deleting intermediate output files for target 'nrf51822_xxaa_s110 (256K)'
assembling arm_startup_nrf51.s...
compiling system_nrf51.c...
compiling main.c...
..\main.c(1020): warning:  #111-D: statement is unreachable
..\main.c(376): warning:  #177-D: function "buttons_init" was declared but never referenced
..\main.c(427): warning:  #177-D: function "LPCOMP_end" was declared but never referenced
..\main.c(520): warning:  #177-D: function "battery_timers_start" was declared but never referenced
..\main.c(535): warning:  #177-D: function "step_timers_start" was declared but never referenced
compiling sensor.c...
compiling step.c...
..\step.c(307): warning:  #223-D: function "sprintf" declared implicitly
..\step.c(460): warning:  #223-D: function "sprintf" declared implicitly
..\step.c(493): warning: At end of source:  #940-D: missing return statement at end of non-void function "step_mode_run"
..\step.c(493): error: At end of source:  #67: expected a "}"
compiling rtc.c...
compiling data_transfer.c...
..\data_transfer.c(50): warning:  #550-D: variable "m_sec_params" was set but never used
compiling flash.c...
compiling ble_nus.c...
compiling ble_dis.c...
compiling ble_bas.c...
compiling ble_error_log.c...
compiling app_timer.c...
compiling simple_uart.c...
compiling ble_flash.c...
compiling ble_debug_assert_handler.c...
compiling ble_conn_params.c...
compiling twi_hw_master_SD_4_4.c...
compiling ble_advdata.c...
compiling pstorage.c...
compiling softdevice_handler.c...
compiling ble_srv_common.c...
".\_build\W1FW.axf" - 1 Errors, 9 Warning(s).

*** Performing Cross-Module-Optimization:
*** Feedback file '.\_build\W1FW.fed' not found.
Target not created
Rebuild target 'nrf51822_xxaa_s110 (256K)'
Clean started - Project: 'uart_example'
   deleting intermediate output files for target 'nrf51822_xxaa_s110 (256K)'
assembling arm_startup_nrf51.s...
compiling system_nrf51.c...
compiling main.c...
..\main.c(1020): warning:  #111-D: statement is unreachable
..\main.c(376): warning:  #177-D: function "buttons_init" was declared but never referenced
..\main.c(427): warning:  #177-D: function "LPCOMP_end" was declared but never referenced
..\main.c(520): warning:  #177-D: function "battery_timers_start" was declared but never referenced
..\main.c(535): warning:  #177-D: function "step_timers_start" was declared but never referenced
compiling sensor.c...
compiling step.c...
..\step.c(307): warning:  #223-D: function "sprintf" declared implicitly
..\step.c(460): warning:  #223-D: function "sprintf" declared implicitly
compiling rtc.c...
compiling data_transfer.c...
..\data_transfer.c(50): warning:  #550-D: variable "m_sec_params" was set but never used
compiling flash.c...
compiling ble_nus.c...
compiling ble_dis.c...
compiling ble_bas.c...
compiling ble_error_log.c...
compiling app_timer.c...
compiling simple_uart.c...
compiling ble_flash.c...
compiling ble_debug_assert_handler.c...
compiling ble_conn_params.c...
compiling twi_hw_master_SD_4_4.c...
compiling ble_advdata.c...
compiling pstorage.c...
compiling softdevice_handler.c...
compiling ble_srv_common.c...
linking...
Program Size: Code=21996 RO-data=228 RW-data=256 ZI-data=6136  
".\_build\W1FW.axf" - 0 Errors, 8 Warning(s).

*** Performing Cross-Module-Optimization:
compiling system_nrf51.c...
compiling main.c...
..\main.c(1020): warning:  #111-D: statement is unreachable
..\main.c(376): warning:  #177-D: function "buttons_init" was declared but never referenced
..\main.c(427): warning:  #177-D: function "LPCOMP_end" was declared but never referenced
..\main.c(520): warning:  #177-D: function "battery_timers_start" was declared but never referenced
..\main.c(535): warning:  #177-D: function "step_timers_start" was declared but never referenced
compiling sensor.c...
compiling step.c...
..\step.c(307): warning:  #223-D: function "sprintf" declared implicitly
..\step.c(460): warning:  #223-D: function "sprintf" declared implicitly
compiling rtc.c...
compiling data_transfer.c...
..\data_transfer.c(50): warning:  #550-D: variable "m_sec_params" was set but never used
compiling flash.c...
compiling ble_nus.c...
compiling ble_dis.c...
compiling ble_bas.c...
compiling ble_error_log.c...
compiling app_timer.c...
compiling simple_uart.c...
compiling ble_flash.c...
compiling ble_debug_assert_handler.c...
compiling ble_conn_params.c...
compiling twi_hw_master_SD_4_4.c...
compiling ble_advdata.c...
compiling pstorage.c...
compiling softdevice_handler.c...
compiling ble_srv_common.c...
linking...
Program Size: Code=21996 RO-data=228 RW-data=256 ZI-data=6136  
FromELF: creating hex file...
".\_build\W1FW.axf" - 0 Errors, 8 Warning(s).
*** Completed Cross-Module-Optimization after 2 iteration(s).
Load "D:\\MyProject\\SourceCode\\History\\W1FW.002d\\arm\\_build\\W1FW.axf" 
Set JLink Project File to "D:\MyProject\SourceCode\History\W1FW.002d\arm\JLinkSettings.ini"
* JLink Info: Device "NRF51822_XXAA" selected (257 KB flash, 8 KB RAM).
 
JLink info:
------------
DLL: V4.68a, compiled Apr 12 2013 13:26:50
Firmware: J-Link ARM V8 compiled Nov 25 2013 19:20:08
Hardware: V8.00
S/N : 17935099 
Feature(s) : RDI,FlashDL,FlashBP,JFlash 
 
* JLink Info: Found SWD-DP with ID 0x0BB11477
* JLink Info: FPUnit: 4 code (BP) slots and 0 literal slots
* JLink Info: Found Cortex-M0 r0p0, Little endian.
ROMTableAddr = 0xE00FF003
 
Target info:
------------
Device: nRF51822_xxAA
VTarget = 3.287V
State of Pins: 
TCK: 0, TDI: 0, TDO: 0, TMS: 1, TRES: 1, TRST: 1
Hardware-Breakpoints: 4
Software-Breakpoints: 8192
Watchpoints:          2
JTAG speed: 2000 kHz
 
Erase Done.
Programming Done.
Verify OK.
Application running ...
Load "D:\\MyProject\\SourceCode\\History\\W1FW.002d\\arm\\_build\\W1FW.axf" 
Set JLink Project File to "D:\MyProject\SourceCode\History\W1FW.002d\arm\JLinkSettings.ini"
* JLink Info: Device "NRF51822_XXAA" selected (257 KB flash, 8 KB RAM).
 
JLink info:
------------
DLL: V4.68a, compiled Apr 12 2013 13:26:50
Firmware: J-Link ARM V8 compiled Nov 25 2013 19:20:08
Hardware: V8.00
S/N : 17935099 
Feature(s) : RDI,FlashDL,FlashBP,JFlash 
 
* JLink Info: Found SWD-DP with ID 0x0BB11477
* JLink Info: FPUnit: 4 code (BP) slots and 0 literal slots
* JLink Info: Found Cortex-M0 r0p0, Little endian.
ROMTableAddr = 0xE00FF003
 
Target info:
------------
Device: nRF51822_xxAA
VTarget = 3.287V
State of Pins: 
TCK: 0, TDI: 0, TDO: 0, TMS: 1, TRES: 1, TRST: 1
Hardware-Breakpoints: 4
Software-Breakpoints: 8192
Watchpoints:          2
JTAG speed: 2000 kHz
 
Erase Done.
Programming Done.
Verify OK.
Application running ...
Rebuild target 'nrf51822_xxaa_s110 (256K)'
Clean started - Project: 'uart_example'
   deleting intermediate output files for target 'nrf51822_xxaa_s110 (256K)'
assembling arm_startup_nrf51.s...
compiling system_nrf51.c...
compiling main.c...
..\main.c(1020): warning:  #111-D: statement is unreachable
..\main.c(376): warning:  #177-D: function "buttons_init" was declared but never referenced
..\main.c(427): warning:  #177-D: function "LPCOMP_end" was declared but never referenced
[...]
..\main.c(377): warning:  #177-D: function "buttons_init" was declared but never referenced
..\main.c(428): warning:  #177-D: function "LPCOMP_end" was declared but never referenced
..\main.c(521): warning:  #177-D: function "battery_timers_start" was declared but never referenced
..\main.c(536): warning:  #177-D: function "step_timers_start" was declared but never referenced
compiling sensor.c...
compiling step.c...
..\step.c(307): warning:  #223-D: function "sprintf" declared implicitly
..\step.c(460): warning:  #223-D: function "sprintf" declared implicitly
compiling rtc.c...
compiling data_transfer.c...
..\data_transfer.c(50): warning:  #550-D: variable "m_sec_params" was set but never used
compiling flash.c...
compiling ble_nus.c...
compiling ble_dis.c...
compiling ble_bas.c...
compiling ble_error_log.c...
compiling app_timer.c...
compiling simple_uart.c...
compiling ble_flash.c...
compiling ble_debug_assert_handler.c...
compiling ble_conn_params.c...
compiling twi_hw_master_SD_4_4.c...
compiling ble_advdata.c...
compiling pstorage.c...
compiling softdevice_handler.c...
compiling ble_srv_common.c...
linking...
Program Size: Code=22012 RO-data=228 RW-data=256 ZI-data=6136  
FromELF: creating hex file...
".\_build\W1FW.axf" - 0 Errors, 8 Warning(s).
*** Completed Cross-Module-Optimization after 2 iteration(s).
Load "D:\\MyProject\\SourceCode\\History\\W1FW.002d\\arm\\_build\\W1FW.axf" 
Set JLink Project File to "D:\MyProject\SourceCode\History\W1FW.002d\arm\JLinkSettings.ini"
* JLink Info: Device "NRF51822_XXAA" selected (257 KB flash, 8 KB RAM).
 
JLink info:
------------
DLL: V4.68a, compiled Apr 12 2013 13:26:50
Firmware: J-Link ARM V8 compiled Nov 25 2013 19:20:08
Hardware: V8.00
S/N : 17935099 
Feature(s) : RDI,FlashDL,FlashBP,JFlash 
 
* JLink Info: Found SWD-DP with ID 0x0BB11477
* JLink Info: FPUnit: 4 code (BP) slots and 0 literal slots
* JLink Info: Found Cortex-M0 r0p0, Little endian.
ROMTableAddr = 0xE00FF003
 
Target info:
------------
Device: nRF51822_xxAA
VTarget = 3.287V
State of Pins: 
TCK: 0, TDI: 0, TDO: 0, TMS: 1, TRES: 1, TRST: 1
Hardware-Breakpoints: 4
Software-Breakpoints: 8192
Watchpoints:          2
JTAG speed: 2000 kHz
 
Erase Done.
Programming Done.
Verify OK.
Application running ...
Load "D:\\MyProject\\SourceCode\\History\\W1FW.002d\\arm\\_build\\W1FW.axf" 
Set JLink Project File to "D:\MyProject\SourceCode\History\W1FW.002d\arm\JLinkSettings.ini"
* JLink Info: Device "NRF51822_XXAA" selected (257 KB flash, 8 KB RAM).
 
JLink info:
------------
DLL: V4.68a, compiled Apr 12 2013 13:26:50
Firmware: J-Link ARM V8 compiled Nov 25 2013 19:20:08
Hardware: V8.00
S/N : 17935099 
Feature(s) : RDI,FlashDL,FlashBP,JFlash 
 
* JLink Info: Found SWD-DP with ID 0x0BB11477
* JLink Info: FPUnit: 4 code (BP) slots and 0 literal slots
* JLink Info: Found Cortex-M0 r0p0, Little endian.
ROMTableAddr = 0xE00FF003
 
Target info:
------------
Device: nRF51822_xxAA
VTarget = 3.287V
State of Pins: 
TCK: 0, TDI: 0, TDO: 0, TMS: 1, TRES: 1, TRST: 1
Hardware-Breakpoints: 4
Software-Breakpoints: 8192
Watchpoints:          2
JTAG speed: 2000 kHz
 
Erase Done.
Programming Done.
Verify OK.
Application running ...
Load "D:\\MyProject\\SourceCode\\History\\W1FW.002d\\arm\\_build\\W1FW.axf" 
Set JLink Project File to "D:\MyProject\SourceCode\History\W1FW.002d\arm\JLinkSettings.ini"
* JLink Info: Device "NRF51822_XXAA" selected (257 KB flash, 8 KB RAM).
 
JLink info:
------------
DLL: V4.68a, compiled Apr 12 2013 13:26:50
Firmware: J-Link ARM V8 compiled Nov 25 2013 19:20:08
Hardware: V8.00
S/N : 17935099 
Feature(s) : RDI,FlashDL,FlashBP,JFlash 
 
* JLink Info: Found SWD-DP with ID 0x0BB11477
* JLink Info: FPUnit: 4 code (BP) slots and 0 literal slots
* JLink Info: Found Cortex-M0 r0p0, Little endian.
ROMTableAddr = 0xE00FF003
 
Target info:
------------
Device: nRF51822_xxAA
VTarget = 3.287V
State of Pins: 
TCK: 0, TDI: 0, TDO: 0, TMS: 1, TRES: 1, TRST: 1
Hardware-Breakpoints: 4
Software-Breakpoints: 8192
Watchpoints:          2
JTAG speed: 2000 kHz
 
Erase Done.
Programming Done.
Verify OK.
Application running ...
Rebuild target 'nrf51822_xxaa_s110 (256K)'
Clean started - Project: 'uart_example'
   deleting intermediate output files for target 'nrf51822_xxaa_s110 (256K)'
assembling arm_startup_nrf51.s...
compiling system_nrf51.c...
compiling main.c...
..\main.c(377): warning:  #177-D: function "buttons_init" was declared but never referenced
..\main.c(428): warning:  #177-D: function "LPCOMP_end" was declared but never referenced
..\main.c(521): warning:  #177-D: function "battery_timers_start" was declared but never referenced
..\main.c(536): warning:  #177-D: function "step_timers_start" was declared but never referenced
compiling sensor.c...
compiling step.c...
..\step.c(307): warning:  #223-D: function "sprintf" declared implicitly
..\step.c(460): warning:  #223-D: function "sprintf" declared implicitly
compiling rtc.c...
compiling data_transfer.c...
..\data_transfer.c(50): warning:  #550-D: variable "m_sec_params" was set but never used
compiling flash.c...
compiling ble_nus.c...
compiling ble_dis.c...
compiling ble_bas.c...
compiling ble_error_log.c...
compiling app_timer.c...
compiling simple_uart.c...
compiling ble_flash.c...
compiling ble_debug_assert_handler.c...
compiling ble_conn_params.c...
compiling twi_hw_master_SD_4_4.c...
compiling ble_advdata.c...
compiling pstorage.c...
compiling softdevice_handler.c...
compiling ble_srv_common.c...
linking...
Program Size: Code=22060 RO-data=228 RW-data=256 ZI-data=6136  
".\_build\W1FW.axf" - 0 Errors, 7 Warning(s).

*** Performing Cross-Module-Optimization:
compiling system_nrf51.c...
compiling main.c...
..\main.c(377): warning:  #177-D: function "buttons_init" was declared but never referenced
..\main.c(428): warning:  #177-D: function "LPCOMP_end" was declared but never referenced
..\main.c(521): warning:  #177-D: function "battery_timers_start" was declared but never referenced
..\main.c(536): warning:  #177-D: function "step_timers_start" was declared but never referenced
compiling sensor.c...
compiling step.c...
..\step.c(307): warning:  #223-D: function "sprintf" declared implicitly
..\step.c(460): warning:  #223-D: function "sprintf" declared implicitly
compiling rtc.c...
compiling data_transfer.c...
..\data_transfer.c(50): warning:  #550-D: variable "m_sec_params" was set but never used
compiling flash.c...
compiling ble_nus.c...
compiling ble_dis.c...
compiling ble_bas.c...
compiling ble_error_log.c...
compiling app_timer.c...
compiling simple_uart.c...
compiling ble_flash.c...
compiling ble_debug_assert_handler.c...
compiling ble_conn_params.c...
compiling twi_hw_master_SD_4_4.c...
compiling ble_advdata.c...
compiling pstorage.c...
compiling softdevice_handler.c...
compiling ble_srv_common.c...
linking...
Program Size: Code=22060 RO-data=228 RW-data=256 ZI-data=6136  
FromELF: creating hex file...
".\_build\W1FW.axf" - 0 Errors, 7 Warning(s).
*** Completed Cross-Module-Optimization after 2 iteration(s).
Load "D:\\MyProject\\SourceCode\\History\\W1FW.002d\\arm\\_build\\W1FW.axf" 
Set JLink Project File to "D:\MyProject\SourceCode\History\W1FW.002d\arm\JLinkSettings.ini"
* JLink Info: Device "NRF51822_XXAA" selected (257 KB flash, 8 KB RAM).
 
JLink info:
------------
DLL: V4.68a, compiled Apr 12 2013 13:26:50
Firmware: J-Link ARM V8 compiled Nov 25 2013 19:20:08
Hardware: V8.00
S/N : 17935099 
Feature(s) : RDI,FlashDL,FlashBP,JFlash 
 
* JLink Info: Found SWD-DP with ID 0x0BB11477
* JLink Info: FPUnit: 4 code (BP) slots and 0 literal slots
* JLink Info: Found Cortex-M0 r0p0, Little endian.
ROMTableAddr = 0xE00FF003
 
Target info:
------------
Device: nRF51822_xxAA
VTarget = 3.287V
State of Pins: 
TCK: 0, TDI: 0, TDO: 0, TMS: 1, TRES: 1, TRST: 1
Hardware-Breakpoints: 4
Software-Breakpoints: 8192
Watchpoints:          2
JTAG speed: 2000 kHz
 
***JLink Error: Can not read register 15 (R15) while CPU is running
**JLink Warning: CPU could not be halted
***JLink Error: Could not read memory location 0x20000000 when trying to clear soft RAM BP
***JLink Error: Can not read register 20 (CFBP) while CPU is running
**JLink Warning: CPU could not be halted
***JLink Error: CPU is not halted
***JLink Error: Can not read register 15 (R15) while CPU is running
**JLink Warning: CPU could not be halted
***JLink Error: Could not read memory location 0x20000000 when trying to clear soft RAM BP
Erase Failed!
***JLink Error: Could not read memory location 0x20000000 when trying to clear soft RAM BP
Load "D:\\MyProject\\SourceCode\\History\\W1FW.002d\\arm\\_build\\W1FW.axf" 
Set JLink Project File to "D:\MyProject\SourceCode\History\W1FW.002d\arm\JLinkSettings.ini"
* JLink Info: Device "NRF51822_XXAA" selected (257 KB flash, 8 KB RAM).
 
JLink info:
------------
DLL: V4.68a, compiled Apr 12 2013 13:26:50
Firmware: J-Link ARM V8 compiled Nov 25 2013 19:20:08
Hardware: V8.00
S/N : 17935099 
Feature(s) : RDI,FlashDL,FlashBP,JFlash 
 
* JLink Info: Found SWD-DP with ID 0x0BB11477
* JLink Info: FPUnit: 4 code (BP) slots and 0 literal slots
* JLink Info: Found Cortex-M0 r0p0, Little endian.
ROMTableAddr = 0xE00FF003
 
Target info:
------------
Device: nRF51822_xxAA
VTarget = 3.287V
State of Pins: 
TCK: 0, TDI: 0, TDO: 0, TMS: 1, TRES: 1, TRST: 1
Hardware-Breakpoints: 4
Software-Breakpoints: 8192
Watchpoints:          2
JTAG speed: 2000 kHz
 
Erase Done.
Programming Done.
Verify OK.
Application running ...
Rebuild target 'nrf51822_xxaa_s110 (256K)'
Clean started - Project: 'uart_example'
   deleting intermediate output files for target 'nrf51822_xxaa_s110 (256K)'
assembling arm_startup_nrf51.s...
compiling system_nrf51.c...
compiling main.c...
..\main.c(379): warning:  #177-D: function "buttons_init" was declared but never referenced
..\main.c(430): warning:  #177-D: function "LPCOMP_end" was declared but never referenced
..\main.c(523): warning:  #177-D: function "battery_timers_start" was declared but never referenced
..\main.c(538): warning:  #177-D: function "step_timers_start" was declared but never referenced
compiling sensor.c...
compiling step.c...
..\step.c(307): warning:  #223-D: function "sprintf" declared implicitly
..\step.c(460): warning:  #223-D: function "sprintf" declared implicitly
compiling rtc.c...
compiling data_transfer.c...
..\data_transfer.c(50): warning:  #550-D: variable "m_sec_params" was set but never used
compiling flash.c...
compiling ble_nus.c...
compiling ble_dis.c...
compiling ble_bas.c...
compiling ble_error_log.c...
compiling app_timer.c...
compiling simple_uart.c...
compiling ble_flash.c...
compiling ble_debug_assert_handler.c...
compiling ble_conn_params.c...
compiling twi_hw_master_SD_4_4.c...
compiling ble_advdata.c...
compiling pstorage.c...
compiling softdevice_handler.c...
compiling ble_srv_common.c...
linking...
Program Size: Code=22100 RO-data=228 RW-data=256 ZI-data=6136  
".\_build\W1FW.axf" - 0 Errors, 7 Warning(s).

*** Performing Cross-Module-Optimization:
compiling system_nrf51.c...
compiling main.c...
..\main.c(379): warning:  #177-D: function "buttons_init" was declared but never referenced
..\main.c(430): warning:  #177-D: function "LPCOMP_end" was declared but never referenced
..\main.c(523): warning:  #177-D: function "battery_timers_start" was declared but never referenced
..\main.c(538): warning:  #177-D: function "step_timers_start" was declared but never referenced
compiling sensor.c...
compiling step.c...
..\step.c(307): warning:  #223-D: function "sprintf" declared implicitly
..\step.c(460): warning:  #223-D: function "sprintf" declared implicitly
compiling rtc.c...
compiling data_transfer.c...
..\data_transfer.c(50): warning:  #550-D: variable "m_sec_params" was set but never used
compiling flash.c...
compiling ble_nus.c...
compiling ble_dis.c...
compiling ble_bas.c...
compiling ble_error_log.c...
compiling app_timer.c...
compiling simple_uart.c...
compiling ble_flash.c...
compiling ble_debug_assert_handler.c...
compiling ble_conn_params.c...
compiling twi_hw_master_SD_4_4.c...
compiling ble_advdata.c...
compiling pstorage.c...
compiling softdevice_handler.c...
compiling ble_srv_common.c...
linking...
Program Size: Code=22100 RO-data=228 RW-data=256 ZI-data=6136  
FromELF: creating hex file...
".\_build\W1FW.axf" - 0 Errors, 7 Warning(s).
*** Completed Cross-Module-Optimization after 2 iteration(s).
Load "D:\\MyProject\\SourceCode\\History\\W1FW.002d\\arm\\_build\\W1FW.axf" 
Set JLink Project File to "D:\MyProject\SourceCode\History\W1FW.002d\arm\JLinkSettings.ini"
* JLink Info: Device "NRF51822_XXAA" selected (257 KB flash, 8 KB RAM).
 
JLink info:
------------
DLL: V4.68a, compiled Apr 12 2013 13:26:50
Firmware: J-Link ARM V8 compiled Nov 25 2013 19:20:08
Hardware: V8.00
S/N : 17935099 
Feature(s) : RDI,FlashDL,FlashBP,JFlash 
 
* JLink Info: Found SWD-DP with ID 0x0BB11477
* JLink Info: FPUnit: 4 code (BP) slots and 0 literal slots
* JLink Info: Found Cortex-M0 r0p0, Little endian.
ROMTableAddr = 0xE00FF003
 
Target info:
------------
Device: nRF51822_xxAA
VTarget = 3.287V
State of Pins: 
TCK: 0, TDI: 0, TDO: 0, TMS: 1, TRES: 1, TRST: 1
Hardware-Breakpoints: 4
Software-Breakpoints: 8192
Watchpoints:          2
JTAG speed: 2000 kHz
 
Erase Done.
Programming Done.
Verify OK.
Application running ...
Build target 'nrf51822_xxaa_s110 (256K)'
Clean started - Project: 'uart_example'
   deleting intermediate output files for target 'nrf51822_xxaa_s110 (256K)'
assembling arm_startup_nrf51.s...
compiling system_nrf51.c...
compiling main.c...
..\main.c(383): warning:  #177-D: function "buttons_init" was declared but never referenced
..\main.c(434): warning:  #177-D: function "LPCOMP_end" was declared but never referenced
..\main.c(527): warning:  #177-D: function "battery_timers_start" was declared but never referenced
..\main.c(542): warning:  #177-D: function "step_timers_start" was declared but never referenced
compiling sensor.c...
compiling step.c...
..\step.c(307): warning:  #223-D: function "sprintf" declared implicitly
..\step.c(460): warning:  #223-D: function "sprintf" declared implicitly
compiling rtc.c...
compiling data_transfer.c...
..\data_transfer.c(50): warning:  #550-D: variable "m_sec_params" was set but never used
compiling flash.c...
compiling ble_nus.c...
compiling ble_dis.c...
compiling ble_bas.c...
compiling ble_error_log.c...
compiling app_timer.c...
compiling simple_uart.c...
compiling ble_flash.c...
compiling ble_debug_assert_handler.c...
compiling ble_conn_params.c...
compiling twi_hw_master_SD_4_4.c...
compiling ble_advdata.c...
compiling pstorage.c...
compiling softdevice_handler.c...
compiling ble_srv_common.c...
linking...
Program Size: Code=22096 RO-data=228 RW-data=256 ZI-data=6136  
".\_build\W1FW.axf" - 0 Errors, 7 Warning(s).

*** Performing Cross-Module-Optimization:
compiling system_nrf51.c...
compiling main.c...
..\main.c(383): warning:  #177-D: function "buttons_init" was declared but never referenced
..\main.c(434): warning:  #177-D: function "LPCOMP_end" was declared but never referenced
..\main.c(527): warning:  #177-D: function "battery_timers_start" was declared but never referenced
..\main.c(542): warning:  #177-D: function "step_timers_start" was declared but never referenced
compiling sensor.c...
compiling step.c...
..\step.c(307): warning:  #223-D: function "sprintf" declared implicitly
..\step.c(460): warning:  #223-D: function "sprintf" declared implicitly
compiling rtc.c...
compiling data_transfer.c...
..\data_transfer.c(50): warning:  #550-D: variable "m_sec_params" was set but never used
compiling flash.c...
compiling ble_nus.c...
compiling ble_dis.c...
compiling ble_bas.c...
compiling ble_error_log.c...
compiling app_timer.c...
compiling simple_uart.c...
compiling ble_flash.c...
compiling ble_debug_assert_handler.c...
compiling ble_conn_params.c...
compiling twi_hw_master_SD_4_4.c...
compiling ble_advdata.c...
compiling pstorage.c...
compiling softdevice_handler.c...
compiling ble_srv_common.c...
linking...
Program Size: Code=22096 RO-data=228 RW-data=256 ZI-data=6136  
FromELF: creating hex file...
".\_build\W1FW.axf" - 0 Errors, 7 Warning(s).
*** Completed Cross-Module-Optimization after 2 iteration(s).
Rebuild target 'nrf51822_xxaa_s110 (256K)'
Clean started - Project: 'uart_example'
   deleting intermediate output files for target 'nrf51822_xxaa_s110 (256K)'
assembling arm_startup_nrf51.s...
compiling system_nrf51.c...
compiling main.c...
..\main.c(383): warning:  #177-D: function "buttons_init" was declared but never referenced
..\main.c(434): warning:  #177-D: function "LPCOMP_end" was declared but never referenced
..\main.c(527): warning:  #177-D: function "battery_timers_start" was declared but never referenced
..\main.c(542): warning:  #177-D: function "step_timers_start" was declared but never referenced
compiling sensor.c...
compiling step.c...
..\step.c(307): warning:  #223-D: function "sprintf" declared implicitly
..\step.c(460): warning:  #223-D: function "sprintf" declared implicitly
compiling rtc.c...
compiling data_transfer.c...
..\data_transfer.c(50): warning:  #550-D: variable "m_sec_params" was set but never used
compiling flash.c...
compiling ble_nus.c...
compiling ble_dis.c...
compiling ble_bas.c...
compiling ble_error_log.c...
compiling app_timer.c...
compiling simple_uart.c...
compiling ble_flash.c...
compiling ble_debug_assert_handler.c...
compiling ble_conn_params.c...
compiling twi_hw_master_SD_4_4.c...
compiling ble_advdata.c...
compiling pstorage.c...
compiling softdevice_handler.c...
compiling ble_srv_common.c...
linking...
Program Size: Code=22096 RO-data=228 RW-data=256 ZI-data=6136  
".\_build\W1FW.axf" - 0 Errors, 7 Warning(s).

*** Performing Cross-Module-Optimization:
compiling system_nrf51.c...
compiling main.c...
..\main.c(383): warning:  #177-D: function "buttons_init" was declared but never referenced
..\main.c(434): warning:  #177-D: function "LPCOMP_end" was declared but never referenced
..\main.c(527): warning:  #177-D: function "battery_timers_start" was declared but never referenced
..\main.c(542): warning:  #177-D: function "step_timers_start" was declared but never referenced
compiling sensor.c...
compiling step.c...
..\step.c(307): warning:  #223-D: function "sprintf" declared implicitly
..\step.c(460): warning:  #223-D: function "sprintf" declared implicitly
compiling rtc.c...
compiling data_transfer.c...
..\data_transfer.c(50): warning:  #550-D: variable "m_sec_params" was set but never used
compiling flash.c...
compiling ble_nus.c...
compiling ble_dis.c...
compiling ble_bas.c...
compiling ble_error_log.c...
compiling app_timer.c...
compiling simple_uart.c...
compiling ble_flash.c...
compiling ble_debug_assert_handler.c...
compiling ble_conn_params.c...
compiling twi_hw_master_SD_4_4.c...
compiling ble_advdata.c...
compiling pstorage.c...
compiling softdevice_handler.c...
compiling ble_srv_common.c...
linking...
Program Size: Code=22096 RO-data=228 RW-data=256 ZI-data=6136  
FromELF: creating hex file...
".\_build\W1FW.axf" - 0 Errors, 7 Warning(s).
*** Completed Cross-Module-Optimization after 2 iteration(s).
Load "D:\\MyProject\\SourceCode\\History\\W1FW.002d\\arm\\_build\\W1FW.axf" 
Set JLink Project File to "D:\MyProject\SourceCode\History\W1FW.002d\arm\JLinkSettings.ini"
* JLink Info: Device "NRF51822_XXAA" selected (257 KB flash, 8 KB RAM).
 
JLink info:
------------
DLL: V4.68a, compiled Apr 12 2013 13:26:50
Firmware: J-Link ARM V8 compiled Nov 25 2013 19:20:08
Hardware: V8.00
S/N : 17935099 
Feature(s) : RDI,FlashDL,FlashBP,JFlash 
 
* JLink Info: Found SWD-DP with ID 0x0BB11477
* JLink Info: FPUnit: 4 code (BP) slots and 0 literal slots
* JLink Info: Found Cortex-M0 r0p0, Little endian.
ROMTableAddr = 0xE00FF003
 
Target info:
------------
Device: nRF51822_xxAA
VTarget = 3.287V
State of Pins: 
TCK: 0, TDI: 0, TDO: 0, TMS: 1, TRES: 1, TRST: 1
Hardware-Breakpoints: 4
Software-Breakpoints: 8192
Watchpoints:          2
JTAG speed: 2000 kHz
 
Erase Done.
Programming Done.
Verify OK.
Application running ...
