ARM Linker, 5.03 [Build 76] [MDK-ARM Standard]

==============================================================================

Section Cross References

    arm_startup_nrf51.o(RESET) refers to arm_startup_nrf51.o(STACK) for __initial_sp
    arm_startup_nrf51.o(RESET) refers to arm_startup_nrf51.o(.text) for Reset_Handler
    arm_startup_nrf51.o(RESET) refers to sensor.o(i.ADC_IRQHandler) for ADC_IRQHandler
    arm_startup_nrf51.o(RESET) refers to app_timer.o(i.RTC1_IRQHandler) for RTC1_IRQHandler
    arm_startup_nrf51.o(RESET) refers to main.o(i.LPCOMP_COMP_IRQHandler) for LPCOMP_COMP_IRQHandler
    arm_startup_nrf51.o(RESET) refers to app_timer.o(i.SWI0_IRQHandler) for SWI0_IRQHandler
    arm_startup_nrf51.o(RESET) refers to softdevice_handler.o(i.SWI2_IRQHandler) for SWI2_IRQHandler
    arm_startup_nrf51.o(.text) refers to system_nrf51.o(i.SystemInit) for SystemInit
    arm_startup_nrf51.o(.text) refers to entry.o(.ARM.Collect$$$$00000000) for __main
    system_nrf51.o(i.SystemCoreClockUpdate) refers to system_nrf51.o(.data) for SystemCoreClock
    system_nrf51.o(i.SystemInit) refers to system_nrf51.o(i.is_manual_peripheral_setup_needed) for is_manual_peripheral_setup_needed
    system_nrf51.o(i.SystemInit) refers to system_nrf51.o(i.is_disabled_in_debug_needed) for is_disabled_in_debug_needed
    main.o(i.LPCOMP_start) refers to simple_uart.o(i.simple_uart_putstring) for simple_uart_putstring
    main.o(i.W1_flash_write_prepare) refers to main.o(i.sensor_timers_stop) for sensor_timers_stop
    main.o(i.W1_flash_write_prepare) refers to softdevice_handler.o(i.softdevice_handler_sd_disable) for softdevice_handler_sd_disable
    main.o(i.W1_flash_write_restore) refers to main.o(i.W1_softdevice_handler_sd_enable) for W1_softdevice_handler_sd_enable
    main.o(i.W1_flash_write_restore) refers to main.o(i.sensor_timers_start) for sensor_timers_start
    main.o(i.W1_softdevice_handler_sd_enable) refers to main.o(i.ble_stack_init) for ble_stack_init
    main.o(i.app_error_handler) refers to main.o(i.nrf_gpio_pin_set) for nrf_gpio_pin_set
    main.o(i.app_error_handler) refers to ble_debug_assert_handler.o(i.ble_debug_assert_handler) for ble_debug_assert_handler
    main.o(i.assert_nrf_callback) refers to main.o(i.app_error_handler) for app_error_handler
    main.o(i.battery_level_meas_timeout_handler) refers to sensor.o(i.battery_start) for battery_start
    main.o(i.battery_timers_start) refers to simple_uart.o(i.simple_uart_putstring) for simple_uart_putstring
    main.o(i.battery_timers_start) refers to app_timer.o(i.app_timer_start) for app_timer_start
    main.o(i.battery_timers_start) refers to main.o(i.app_error_handler) for app_error_handler
    main.o(i.battery_timers_start) refers to main.o(.data) for m_battery_timer_id
    main.o(i.ble_evt_dispatch) refers to ble_conn_params.o(i.ble_conn_params_on_ble_evt) for ble_conn_params_on_ble_evt
    main.o(i.ble_evt_dispatch) refers to ble_nus.o(i.ble_nus_on_ble_evt) for ble_nus_on_ble_evt
    main.o(i.ble_evt_dispatch) refers to ble_bas.o(i.ble_bas_on_ble_evt) for ble_bas_on_ble_evt
    main.o(i.ble_evt_dispatch) refers to main.o(i.on_ble_evt) for on_ble_evt
    main.o(i.ble_evt_dispatch) refers to main.o(.bss) for m_nus
    main.o(i.ble_stack_init) refers to softdevice_handler.o(i.softdevice_handler_init) for softdevice_handler_init
    main.o(i.ble_stack_init) refers to main.o(i.app_error_handler) for app_error_handler
    main.o(i.ble_stack_init) refers to softdevice_handler.o(i.softdevice_ble_evt_handler_set) for softdevice_ble_evt_handler_set
    main.o(i.ble_stack_init) refers to softdevice_handler.o(i.softdevice_sys_evt_handler_set) for softdevice_sys_evt_handler_set
    main.o(i.ble_stack_init) refers to main.o(.bss) for EVT_BUFFER
    main.o(i.ble_stack_init) refers to main.o(i.ble_evt_dispatch) for ble_evt_dispatch
    main.o(i.ble_stack_init) refers to main.o(i.sys_evt_dispatch) for sys_evt_dispatch
    main.o(i.ble_transfer_data) refers to ble_nus.o(i.ble_nus_send_string) for ble_nus_send_string
    main.o(i.ble_transfer_data) refers to main.o(i.app_error_handler) for app_error_handler
    main.o(i.ble_transfer_data) refers to main.o(.bss) for m_nus
    main.o(i.buttons_init) refers to main.o(i.nrf_gpio_cfg_sense_input) for nrf_gpio_cfg_sense_input
    main.o(i.check_step) refers to step.o(i.is_step2) for is_step2
    main.o(i.check_step) refers to simple_uart.o(i.simple_uart_putstring) for simple_uart_putstring
    main.o(i.check_step) refers to main.o(i.ble_transfer_data) for ble_transfer_data
    main.o(i.check_step) refers to main.o(.bss) for step
    main.o(i.check_step) refers to main.o(.data) for real_time_flag
    main.o(i.check_step2) refers to simple_uart.o(i.simple_uart_putstring) for simple_uart_putstring
    main.o(i.check_step2) refers to printf8.o(i.__0sprintf$8) for __2sprintf
    main.o(i.check_step2) refers to main.o(.bss) for step
    main.o(i.check_step2) refers to main.o(.data) for permission_agree
[...]
    ..\\flash.c                              0x00000000   Number         0  flash.o ABSOLUTE
    ..\\main.c                               0x00000000   Number         0  main.o ABSOLUTE
    ..\\rtc.c                                0x00000000   Number         0  rtc.o ABSOLUTE
    ..\\sensor.c                             0x00000000   Number         0  sensor.o ABSOLUTE
    ..\\step.c                               0x00000000   Number         0  step.o ABSOLUTE
    ..\\twi_hw_master_SD_4_4.c               0x00000000   Number         0  twi_hw_master_sd_4_4.o ABSOLUTE
    ..\ble_flash.c                           0x00000000   Number         0  ble_flash.o ABSOLUTE
    ..\ble_nus.c                             0x00000000   Number         0  ble_nus.o ABSOLUTE
    ..\data_transfer.c                       0x00000000   Number         0  data_transfer.o ABSOLUTE
    ..\flash.c                               0x00000000   Number         0  flash.o ABSOLUTE
    ..\main.c                                0x00000000   Number         0  main.o ABSOLUTE
    ..\rtc.c                                 0x00000000   Number         0  rtc.o ABSOLUTE
    ..\sensor.c                              0x00000000   Number         0  sensor.o ABSOLUTE
    ..\step.c                                0x00000000   Number         0  step.o ABSOLUTE
    ..\twi_hw_master_SD_4_4.c                0x00000000   Number         0  twi_hw_master_sd_4_4.o ABSOLUTE
    cdrcmple.s                               0x00000000   Number         0  cdrcmple.o ABSOLUTE
    dc.s                                     0x00000000   Number         0  dc.o ABSOLUTE
    handlers.s                               0x00000000   Number         0  handlers.o ABSOLUTE
    init.s                                   0x00000000   Number         0  init.o ABSOLUTE
    RESET                                    0x00014000   Section      192  arm_startup_nrf51.o(RESET)
    .ARM.Collect$$$$00000000                 0x000140c0   Section        0  entry.o(.ARM.Collect$$$$00000000)
    .ARM.Collect$$$$00000001                 0x000140c0   Section        4  entry2.o(.ARM.Collect$$$$00000001)
    .ARM.Collect$$$$00000004                 0x000140c4   Section        4  entry5.o(.ARM.Collect$$$$00000004)
    .ARM.Collect$$$$00000008                 0x000140c8   Section        0  entry7b.o(.ARM.Collect$$$$00000008)
    .ARM.Collect$$$$0000000A                 0x000140c8   Section        0  entry8b.o(.ARM.Collect$$$$0000000A)
    .ARM.Collect$$$$0000000B                 0x000140c8   Section        8  entry9a.o(.ARM.Collect$$$$0000000B)
    .ARM.Collect$$$$0000000D                 0x000140d0   Section        0  entry10a.o(.ARM.Collect$$$$0000000D)
    .ARM.Collect$$$$0000000F                 0x000140d0   Section        0  entry11a.o(.ARM.Collect$$$$0000000F)
    .ARM.Collect$$$$00002712                 0x000140d0   Section        4  entry2.o(.ARM.Collect$$$$00002712)
    __lit__00000000                          0x000140d0   Data           4  entry2.o(.ARM.Collect$$$$00002712)
    .emb_text                                0x000140d4   Section       30  app_timer.o(.emb_text)
    .emb_text                                0x000140f4   Section       30  twi_hw_master_sd_4_4.o(.emb_text)
    .text                                    0x00014114   Section       44  arm_startup_nrf51.o(.text)
    .text                                    0x00014140   Section        0  uidiv.o(.text)
    .text                                    0x0001416c   Section        0  idiv.o(.text)
    .text                                    0x00014194   Section        0  memcpya.o(.text)
    .text                                    0x000141b8   Section        0  memseta.o(.text)
    .text                                    0x000141dc   Section        0  strncpy.o(.text)
    .text                                    0x000141f6   Section        0  strlen.o(.text)
    .text                                    0x00014204   Section        0  strncmp.o(.text)
    .text                                    0x00014222   Section        0  uldiv.o(.text)
    .text                                    0x00014284   Section       36  init.o(.text)
    .text                                    0x000142a8   Section        0  llshl.o(.text)
    .text                                    0x000142c8   Section        0  llushr.o(.text)
    i.ADC_IRQHandler                         0x000142ec   Section        0  sensor.o(i.ADC_IRQHandler)
    i.LPCOMP_COMP_IRQHandler                 0x000143d4   Section        0  main.o(i.LPCOMP_COMP_IRQHandler)
    i.LPCOMP_start                           0x000143f4   Section        0  main.o(i.LPCOMP_start)
    LPCOMP_start                             0x000143f5   Thumb Code    50  main.o(i.LPCOMP_start)
    i.NVIC_ClearPendingIRQ                   0x00014448   Section        0  app_timer.o(i.NVIC_ClearPendingIRQ)
    NVIC_ClearPendingIRQ                     0x00014449   Thumb Code    14  app_timer.o(i.NVIC_ClearPendingIRQ)
    i.NVIC_EnableIRQ                         0x0001445c   Section        0  app_timer.o(i.NVIC_EnableIRQ)
    NVIC_EnableIRQ                           0x0001445d   Thumb Code    14  app_timer.o(i.NVIC_EnableIRQ)
    i.NVIC_SetPendingIRQ                     0x00014470   Section        0  app_timer.o(i.NVIC_SetPendingIRQ)
    NVIC_SetPendingIRQ                       0x00014471   Thumb Code    14  app_timer.o(i.NVIC_SetPendingIRQ)
    i.NVIC_SetPriority                       0x00014484   Section        0  app_timer.o(i.NVIC_SetPriority)
    NVIC_SetPriority                         0x00014485   Thumb Code   110  app_timer.o(i.NVIC_SetPriority)
    i.RTC1_IRQHandler                        0x000144fc   Section        0  app_timer.o(i.RTC1_IRQHandler)
    i.SWI0_IRQHandler                        0x00014524   Section        0  app_timer.o(i.SWI0_IRQHandler)
    i.SWI2_IRQHandler                        0x0001452c   Section        0  softdevice_handler.o(i.SWI2_IRQHandler)
    i.SystemInit                             0x00014590   Section        0  system_nrf51.o(i.SystemInit)
    i.W1_flash_words_read                    0x000145c8   Section        0  ble_flash.o(i.W1_flash_words_read)
    i.W1_flash_words_read2                   0x00014614   Section        0  ble_flash.o(i.W1_flash_words_read2)
    i.W1_flash_words_write                   0x00014664   Section        0  ble_flash.o(i.W1_flash_words_write)
    i.W1_flash_write_prepare                 0x000146a6   Section        0  main.o(i.W1_flash_write_prepare)
    i.W1_flash_write_restore                 0x000146b2   Section        0  main.o(i.W1_flash_write_restore)
    i.W1_softdevice_handler_sd_enable        0x000146be   Section        0  main.o(i.W1_softdevice_handler_sd_enable)
    i.W1_transfer_data                       0x000146c8   Section        0  data_transfer.o(i.W1_transfer_data)
    i.__0sprintf$8                           0x0001482c   Section        0  printf8.o(i.__0sprintf$8)
    i.__scatterload_copy                     0x00014854   Section       14  handlers.o(i.__scatterload_copy)
    i.__scatterload_null                     0x00014862   Section        2  handlers.o(i.__scatterload_null)
    i.__scatterload_zeroinit                 0x00014864   Section       14  handlers.o(i.__scatterload_zeroinit)
    i._printf_core                           0x00014874   Section        0  printf8.o(i._printf_core)
    _printf_core                             0x00014875   Thumb Code  1072  printf8.o(i._printf_core)
    i._printf_post_padding                   0x00014ca4   Section        0  printf8.o(i._printf_post_padding)
    _printf_post_padding                     0x00014ca5   Thumb Code    32  printf8.o(i._printf_post_padding)
    i._printf_pre_padding                    0x00014cc4   Section        0  printf8.o(i._printf_pre_padding)
    _printf_pre_padding                      0x00014cc5   Thumb Code    44  printf8.o(i._printf_pre_padding)
    i._sputc                                 0x00014cf0   Section        0  printf8.o(i._sputc)
    _sputc                                   0x00014cf1   Thumb Code    10  printf8.o(i._sputc)
    i.adv_data_encode                        0x00014cfa   Section        0  ble_advdata.o(i.adv_data_encode)
    adv_data_encode                          0x00014cfb   Thumb Code   302  ble_advdata.o(i.adv_data_encode)
    i.advdata_check                          0x00014e28   Section        0  ble_advdata.o(i.advdata_check)
    advdata_check                            0x00014e29   Thumb Code    32  ble_advdata.o(i.advdata_check)
    i.advertising_init                       0x00014e48   Section        0  data_transfer.o(i.advertising_init)
    advertising_init                         0x00014e49   Thumb Code   104  data_transfer.o(i.advertising_init)
    i.advertising_start                      0x00014ecc   Section        0  data_transfer.o(i.advertising_start)
    advertising_start                        0x00014ecd   Thumb Code    66  data_transfer.o(i.advertising_start)
    i.app_error_handler                      0x00014f24   Section        0  main.o(i.app_error_handler)
    i.app_notify                             0x00014f40   Section        0  pstorage.o(i.app_notify)
    app_notify                               0x00014f41   Thumb Code   108  pstorage.o(i.app_notify)
    i.app_timer_create                       0x00014fb4   Section        0  app_timer.o(i.app_timer_create)
    i.app_timer_init                         0x00015028   Section        0  app_timer.o(i.app_timer_init)
    i.app_timer_start                        0x00015118   Section        0  app_timer.o(i.app_timer_start)
    i.app_timer_stop                         0x00015184   Section        0  app_timer.o(i.app_timer_stop)
    i.appearance_encode                      0x000151c8   Section        0  ble_advdata.o(i.appearance_encode)
    appearance_encode                        0x000151c9   Thumb Code    74  ble_advdata.o(i.appearance_encode)
    i.array_ncpy                             0x00015212   Section        0  main.o(i.array_ncpy)
    i.assert_nrf_callback                    0x0001522c   Section        0  main.o(i.assert_nrf_callback)
    i.battery_level_char_add                 0x00015244   Section        0  ble_bas.o(i.battery_level_char_add)
    battery_level_char_add                   0x00015245   Thumb Code   448  ble_bas.o(i.battery_level_char_add)
    i.battery_level_in_percent               0x0001540c   Section        0  sensor.o(i.battery_level_in_percent)
    battery_level_in_percent                 0x0001540d   Thumb Code   148  sensor.o(i.battery_level_in_percent)
    i.battery_level_meas_timeout_handler     0x000154b0   Section        0  main.o(i.battery_level_meas_timeout_handler)
    battery_level_meas_timeout_handler       0x000154b1   Thumb Code    10  main.o(i.battery_level_meas_timeout_handler)
    i.battery_start                          0x000154bc   Section        0  sensor.o(i.battery_start)
    i.ble_advdata_set                        0x00015568   Section        0  ble_advdata.o(i.ble_advdata_set)
    i.ble_bas_battery_level_update           0x000155e4   Section        0  ble_bas.o(i.ble_bas_battery_level_update)
    i.ble_bas_init                           0x00015660   Section        0  ble_bas.o(i.ble_bas_init)
    i.ble_bas_on_ble_evt                     0x000156a8   Section        0  ble_bas.o(i.ble_bas_on_ble_evt)
    i.ble_conn_params_init                   0x000156e4   Section        0  ble_conn_params.o(i.ble_conn_params_init)
    i.ble_conn_params_on_ble_evt             0x0001575c   Section        0  ble_conn_params.o(i.ble_conn_params_on_ble_evt)
    i.ble_debug_assert_handler               0x0001579c   Section        0  ble_debug_assert_handler.o(i.ble_debug_assert_handler)
    i.ble_dis_init                           0x000157d8   Section        0  ble_dis.o(i.ble_dis_init)
    i.ble_evt_dispatch                       0x0001598c   Section        0  main.o(i.ble_evt_dispatch)
    ble_evt_dispatch                         0x0001598d   Thumb Code    34  main.o(i.ble_evt_dispatch)
    i.ble_flash_crc16_compute                0x000159b8   Section        0  ble_flash.o(i.ble_flash_crc16_compute)
    i.ble_flash_page_read                    0x000159fc   Section        0  ble_flash.o(i.ble_flash_page_read)
    i.ble_flash_page_write                   0x00015a70   Section        0  ble_flash.o(i.ble_flash_page_write)
    i.ble_nus_init                           0x00015aec   Section        0  ble_nus.o(i.ble_nus_init)
    i.ble_nus_on_ble_evt                     0x00015b64   Section        0  ble_nus.o(i.ble_nus_on_ble_evt)
    i.ble_nus_send_string                    0x00015b9e   Section        0  ble_nus.o(i.ble_nus_send_string)
    i.ble_srv_ascii_to_utf8                  0x00015be2   Section        0  ble_srv_common.o(i.ble_srv_ascii_to_utf8)
    i.ble_srv_report_ref_encode              0x00015bf4   Section        0  ble_srv_common.o(i.ble_srv_report_ref_encode)
    i.ble_stack_init                         0x00015c5c   Section        0  main.o(i.ble_stack_init)
    ble_stack_init                           0x00015c5d   Thumb Code   116  main.o(i.ble_stack_init)
    i.ble_transfer_data                      0x00015ce8   Section        0  main.o(i.ble_transfer_data)
    i.char_add                               0x00015d28   Section        0  ble_dis.o(i.char_add)
    char_add                                 0x00015d29   Thumb Code   232  ble_dis.o(i.char_add)
    i.check_step                             0x00015e3c   Section        0  main.o(i.check_step)
    i.cmd_queue_dequeue                      0x00015ec4   Section        0  pstorage.o(i.cmd_queue_dequeue)
    cmd_queue_dequeue                        0x00015ec5   Thumb Code    84  pstorage.o(i.cmd_queue_dequeue)
    i.cmd_queue_init_element                 0x00015f1c   Section        0  pstorage.o(i.cmd_queue_init_element)
    cmd_queue_init_element                   0x00015f1d   Thumb Code    64  pstorage.o(i.cmd_queue_init_element)
    i.compare_reg_update                     0x00015f60   Section        0  app_timer.o(i.compare_reg_update)
    compare_reg_update                       0x00015f61   Thumb Code   124  app_timer.o(i.compare_reg_update)
    i.conn_int_check                         0x00015fec   Section        0  ble_advdata.o(i.conn_int_check)
    conn_int_check                           0x00015fed   Thumb Code    88  ble_advdata.o(i.conn_int_check)
    i.conn_int_encode                        0x00016048   Section        0  ble_advdata.o(i.conn_int_encode)
    conn_int_encode                          0x00016049   Thumb Code    92  ble_advdata.o(i.conn_int_encode)
    i.conn_params_error_handler              0x000160a4   Section        0  data_transfer.o(i.conn_params_error_handler)
    conn_params_error_handler                0x000160a5   Thumb Code    20  data_transfer.o(i.conn_params_error_handler)
    i.conn_params_init                       0x000160cc   Section        0  data_transfer.o(i.conn_params_init)
    conn_params_init                         0x000160cd   Thumb Code    82  data_transfer.o(i.conn_params_init)
    i.conn_params_negotiation                0x0001613c   Section        0  ble_conn_params.o(i.conn_params_negotiation)
    conn_params_negotiation                  0x0001613d   Thumb Code   126  ble_conn_params.o(i.conn_params_negotiation)
    i.current_int_priority_get               0x000161d0   Section        0  app_timer.o(i.current_int_priority_get)
    current_int_priority_get                 0x000161d1   Thumb Code    84  app_timer.o(i.current_int_priority_get)
    i.device_info_update                     0x0001622c   Section        0  step.o(i.device_info_update)
    i.device_init                            0x0001646c   Section        0  step.o(i.device_init)
    i.elapsed_ticks_acquire                  0x000166c4   Section        0  app_timer.o(i.elapsed_ticks_acquire)
    elapsed_ticks_acquire                    0x000166c5   Thumb Code    82  app_timer.o(i.elapsed_ticks_acquire)
    i.expired_timers_handler                 0x00016728   Section        0  app_timer.o(i.expired_timers_handler)
    expired_timers_handler                   0x00016729   Thumb Code    98  app_timer.o(i.expired_timers_handler)
    i.flash_page_erase                       0x00016794   Section        0  ble_flash.o(i.flash_page_erase)
    flash_page_erase                         0x00016795   Thumb Code    48  ble_flash.o(i.flash_page_erase)
    i.flash_word_unprotected_write           0x000167cc   Section        0  ble_flash.o(i.flash_word_unprotected_write)
    flash_word_unprotected_write             0x000167cd   Thumb Code    46  ble_flash.o(i.flash_word_unprotected_write)
    i.flash_word_write                       0x00016804   Section        0  ble_flash.o(i.flash_word_write)
    flash_word_write                         0x00016805   Thumb Code    64  ble_flash.o(i.flash_word_write)
    i.free                                   0x00016850   Section        0  malloc.o(i.free)
    i.gap_params_init                        0x000168a4   Section        0  data_transfer.o(i.gap_params_init)
    gap_params_init                          0x000168a5   Thumb Code   122  data_transfer.o(i.gap_params_init)
    i.intern_softdevice_events_execute       0x00016944   Section        0  softdevice_handler.o(i.intern_softdevice_events_execute)
    i.is_conn_params_ok                      0x00016a2c   Section        0  ble_conn_params.o(i.is_conn_params_ok)
    is_conn_params_ok                        0x00016a2d   Thumb Code    30  ble_conn_params.o(i.is_conn_params_ok)
    i.is_disabled_in_debug_needed            0x00016a50   Section        0  system_nrf51.o(i.is_disabled_in_debug_needed)
    is_disabled_in_debug_needed              0x00016a51   Thumb Code    48  system_nrf51.o(i.is_disabled_in_debug_needed)
    i.is_manual_peripheral_setup_needed      0x00016a84   Section        0  system_nrf51.o(i.is_manual_peripheral_setup_needed)
    is_manual_peripheral_setup_needed        0x00016a85   Thumb Code    94  system_nrf51.o(i.is_manual_peripheral_setup_needed)
    i.is_step2                               0x00016ae8   Section        0  step.o(i.is_step2)
    i.list_deletions_handler                 0x00016b5c   Section        0  app_timer.o(i.list_deletions_handler)
    list_deletions_handler                   0x00016b5d   Thumb Code   174  app_timer.o(i.list_deletions_handler)
    i.list_insertions_handler                0x00016c1c   Section        0  app_timer.o(i.list_insertions_handler)
    list_insertions_handler                  0x00016c1d   Thumb Code   260  app_timer.o(i.list_insertions_handler)
    i.main                                   0x00016d38   Section        0  main.o(i.main)
    i.malloc                                 0x00016de4   Section        0  malloc.o(i.malloc)
    i.manuf_specific_data_encode             0x00016e50   Section        0  ble_advdata.o(i.manuf_specific_data_encode)
    manuf_specific_data_encode               0x00016e51   Thumb Code   106  ble_advdata.o(i.manuf_specific_data_encode)
    i.mode_switch                            0x00016ebc   Section        0  step.o(i.mode_switch)
    i.name_encode                            0x00016f24   Section        0  ble_advdata.o(i.name_encode)
    name_encode                              0x00016f25   Thumb Code   150  ble_advdata.o(i.name_encode)
    i.nrf_gpio_cfg_input                     0x00016fba   Section        0  sensor.o(i.nrf_gpio_cfg_input)
    nrf_gpio_cfg_input                       0x00016fbb   Thumb Code    20  sensor.o(i.nrf_gpio_cfg_input)
    i.nrf_gpio_cfg_input                     0x00016fce   Section        0  simple_uart.o(i.nrf_gpio_cfg_input)
    nrf_gpio_cfg_input                       0x00016fcf   Thumb Code    20  simple_uart.o(i.nrf_gpio_cfg_input)
    i.nrf_gpio_cfg_output                    0x00016fe2   Section        0  simple_uart.o(i.nrf_gpio_cfg_output)
    nrf_gpio_cfg_output                      0x00016fe3   Thumb Code    18  simple_uart.o(i.nrf_gpio_cfg_output)
    i.nrf_gpio_cfg_sense_input               0x00016ff4   Section        0  main.o(i.nrf_gpio_cfg_sense_input)
    nrf_gpio_cfg_sense_input                 0x00016ff5   Thumb Code    24  main.o(i.nrf_gpio_cfg_sense_input)
    i.nrf_gpio_pin_clear                     0x0001700c   Section        0  main.o(i.nrf_gpio_pin_clear)
    nrf_gpio_pin_clear                       0x0001700d   Thumb Code    10  main.o(i.nrf_gpio_pin_clear)
    i.nrf_gpio_pin_set                       0x0001701c   Section        0  main.o(i.nrf_gpio_pin_set)
    nrf_gpio_pin_set                         0x0001701d   Thumb Code    10  main.o(i.nrf_gpio_pin_set)
    i.on_ble_evt                             0x0001702c   Section        0  main.o(i.on_ble_evt)
    on_ble_evt                               0x0001702d   Thumb Code   236  main.o(i.on_ble_evt)
    i.on_command_handler                     0x0001715c   Section        0  main.o(i.on_command_handler)
    i.on_conn_params_evt                     0x00017790   Section        0  data_transfer.o(i.on_conn_params_evt)
    on_conn_params_evt                       0x00017791   Thumb Code    46  data_transfer.o(i.on_conn_params_evt)
    i.on_conn_params_update                  0x000177d8   Section        0  ble_conn_params.o(i.on_conn_params_update)
    on_conn_params_update                    0x000177d9   Thumb Code    20  ble_conn_params.o(i.on_conn_params_update)
    i.on_connect                             0x000177f0   Section        0  ble_nus.o(i.on_connect)
    on_connect                               0x000177f1   Thumb Code     6  ble_nus.o(i.on_connect)
    i.on_connect                             0x000177f6   Section        0  ble_bas.o(i.on_connect)
    on_connect                               0x000177f7   Thumb Code     6  ble_bas.o(i.on_connect)
    i.on_connect                             0x000177fc   Section        0  ble_conn_params.o(i.on_connect)
    on_connect                               0x000177fd   Thumb Code    42  ble_conn_params.o(i.on_connect)
    i.on_disconnect                          0x00017838   Section        0  ble_nus.o(i.on_disconnect)
    on_disconnect                            0x00017839   Thumb Code     8  ble_nus.o(i.on_disconnect)
    i.on_disconnect                          0x00017840   Section        0  ble_bas.o(i.on_disconnect)
    on_disconnect                            0x00017841   Thumb Code     8  ble_bas.o(i.on_disconnect)
    i.on_disconnect                          0x00017848   Section        0  ble_conn_params.o(i.on_disconnect)
    on_disconnect                            0x00017849   Thumb Code    50  ble_conn_params.o(i.on_disconnect)
    i.on_write                               0x0001788c   Section        0  ble_nus.o(i.on_write)
    on_write                                 0x0001788d   Thumb Code    68  ble_nus.o(i.on_write)
    i.on_write                               0x000178d0   Section        0  ble_bas.o(i.on_write)
    on_write                                 0x000178d1   Thumb Code    80  ble_bas.o(i.on_write)
    i.on_write                               0x00017920   Section        0  ble_conn_params.o(i.on_write)
    on_write                                 0x00017921   Thumb Code    84  ble_conn_params.o(i.on_write)
    i.pnp_id_encode                          0x0001797c   Section        0  ble_dis.o(i.pnp_id_encode)
    pnp_id_encode                            0x0001797d   Thumb Code   152  ble_dis.o(i.pnp_id_encode)
    i.power_manage                           0x00017a3c   Section        0  main.o(i.power_manage)
    power_manage                             0x00017a3d   Thumb Code    44  main.o(i.power_manage)
    i.process_cmd                            0x00017a7c   Section        0  pstorage.o(i.process_cmd)
    process_cmd                              0x00017a7d   Thumb Code   154  pstorage.o(i.process_cmd)
    i.pstorage_sys_event_handler             0x00017b1c   Section        0  pstorage.o(i.pstorage_sys_event_handler)
    i.rs5c372a_init                          0x00017b84   Section        0  rtc.o(i.rs5c372a_init)
    i.rs5c372a_register_write                0x00017ba0   Section        0  rtc.o(i.rs5c372a_register_write)
    i.rs5c372a_registers_read                0x00017bc4   Section        0  rtc.o(i.rs5c372a_registers_read)
    i.rs5c372a_registers_write               0x00017c14   Section        0  rtc.o(i.rs5c372a_registers_write)
    i.rtc1_counter_get                       0x00017c60   Section        0  app_timer.o(i.rtc1_counter_get)
    rtc1_counter_get                         0x00017c61   Thumb Code     6  app_timer.o(i.rtc1_counter_get)
    i.rtc1_init                              0x00017c6c   Section        0  app_timer.o(i.rtc1_init)
    rtc1_init                                0x00017c6d   Thumb Code    18  app_timer.o(i.rtc1_init)
    i.rtc1_start                             0x00017c84   Section        0  app_timer.o(i.rtc1_start)
    rtc1_start                               0x00017c85   Thumb Code    42  app_timer.o(i.rtc1_start)
    i.rtc1_stop                              0x00017cb8   Section        0  app_timer.o(i.rtc1_stop)
    rtc1_stop                                0x00017cb9   Thumb Code    42  app_timer.o(i.rtc1_stop)
    i.rtc_get_time                           0x00017cf0   Section        0  rtc.o(i.rtc_get_time)
    i.rtc_init                               0x00017d14   Section        0  rtc.o(i.rtc_init)
    i.rtc_reset_time                         0x00017d94   Section        0  rtc.o(i.rtc_reset_time)
    i.rtc_set_time                           0x00017de4   Section        0  rtc.o(i.rtc_set_time)
    i.rtc_show_time                          0x00017e34   Section        0  rtc.o(i.rtc_show_time)
    i.rx_char_add                            0x00017e64   Section        0  ble_nus.o(i.rx_char_add)
    rx_char_add                              0x00017e65   Thumb Code   292  ble_nus.o(i.rx_char_add)
    i.sec_params_init                        0x00017f88   Section        0  data_transfer.o(i.sec_params_init)
    sec_params_init                          0x00017f89   Thumb Code    66  data_transfer.o(i.sec_params_init)
    i.sensor_level_meas_timeout_handler      0x00017fd0   Section        0  main.o(i.sensor_level_meas_timeout_handler)
    sensor_level_meas_timeout_handler        0x00017fd1   Thumb Code    70  main.o(i.sensor_level_meas_timeout_handler)
    i.sensor_start                           0x00018028   Section        0  sensor.o(i.sensor_start)
    i.sensor_timers_start                    0x000180d4   Section        0  main.o(i.sensor_timers_start)
    sensor_timers_start                      0x000180d5   Thumb Code    58  main.o(i.sensor_timers_start)
    i.sensor_timers_stop                     0x0001814c   Section        0  main.o(i.sensor_timers_stop)
    sensor_timers_stop                       0x0001814d   Thumb Code    56  main.o(i.sensor_timers_stop)
    i.service_data_encode                    0x000181b8   Section        0  ble_advdata.o(i.service_data_encode)
    service_data_encode                      0x000181b9   Thumb Code   140  ble_advdata.o(i.service_data_encode)
    i.services_init                          0x00018244   Section        0  main.o(i.services_init)
    services_init                            0x00018245   Thumb Code   296  main.o(i.services_init)
    i.simple_uart_config                     0x00018384   Section        0  simple_uart.o(i.simple_uart_config)
    i.simple_uart_put                        0x000183f0   Section        0  simple_uart.o(i.simple_uart_put)
    i.simple_uart_putlen                     0x00018410   Section        0  simple_uart.o(i.simple_uart_putlen)
    i.simple_uart_putstring                  0x00018436   Section        0  simple_uart.o(i.simple_uart_putstring)
    i.softdevice_assertion_handler           0x00018456   Section        0  softdevice_handler.o(i.softdevice_assertion_handler)
    i.softdevice_ble_evt_handler_set         0x00018468   Section        0  softdevice_handler.o(i.softdevice_ble_evt_handler_set)
    i.softdevice_handler_init                0x00018480   Section        0  softdevice_handler.o(i.softdevice_handler_init)
    i.softdevice_handler_sd_disable          0x000184e8   Section        0  softdevice_handler.o(i.softdevice_handler_sd_disable)
    i.softdevice_sys_evt_handler_set         0x00018504   Section        0  softdevice_handler.o(i.softdevice_sys_evt_handler_set)
    i.srdata_check                           0x0001851c   Section        0  ble_advdata.o(i.srdata_check)
    srdata_check                             0x0001851d   Thumb Code    16  ble_advdata.o(i.srdata_check)
    i.step_init                              0x0001852c   Section        0  step.o(i.step_init)
    i.step_level_meas_timeout_handler        0x00018564   Section        0  main.o(i.step_level_meas_timeout_handler)
    step_level_meas_timeout_handler          0x00018565   Thumb Code    90  main.o(i.step_level_meas_timeout_handler)
    i.step_mode_run                          0x00018610   Section        0  step.o(i.step_mode_run)
    i.step_write2flash                       0x0001882c   Section        0  step.o(i.step_write2flash)
    i.sys_evt_dispatch                       0x000189b0   Section        0  main.o(i.sys_evt_dispatch)
    sys_evt_dispatch                         0x000189b1   Thumb Code    12  main.o(i.sys_evt_dispatch)
    i.sys_id_encode                          0x000189bc   Section        0  ble_dis.o(i.sys_id_encode)
    sys_id_encode                            0x000189bd   Thumb Code   160  ble_dis.o(i.sys_id_encode)
    i.system_off_mode_enter                  0x00018a84   Section        0  main.o(i.system_off_mode_enter)
    system_off_mode_enter                    0x00018a85   Thumb Code    56  main.o(i.system_off_mode_enter)
    i.ticks_diff_get                         0x00018aec   Section        0  app_timer.o(i.ticks_diff_get)
    ticks_diff_get                           0x00018aed   Thumb Code    10  app_timer.o(i.ticks_diff_get)
    i.time_display                           0x00018af8   Section        0  rtc.o(i.time_display)
    i.timeout_handler_exec                   0x00018b54   Section        0  app_timer.o(i.timeout_handler_exec)
    timeout_handler_exec                     0x00018b55   Thumb Code    60  app_timer.o(i.timeout_handler_exec)
    i.timer_list_handler                     0x00018bb8   Section        0  app_timer.o(i.timer_list_handler)
    timer_list_handler                       0x00018bb9   Thumb Code    70  app_timer.o(i.timer_list_handler)
    i.timer_list_handler_sched               0x00018c08   Section        0  app_timer.o(i.timer_list_handler_sched)
    timer_list_handler_sched                 0x00018c09   Thumb Code    10  app_timer.o(i.timer_list_handler_sched)
    i.timer_list_insert                      0x00018c14   Section        0  app_timer.o(i.timer_list_insert)
    timer_list_insert                        0x00018c15   Thumb Code   206  app_timer.o(i.timer_list_insert)
    i.timer_list_remove                      0x00018cec   Section        0  app_timer.o(i.timer_list_remove)
    timer_list_remove                        0x00018ced   Thumb Code   150  app_timer.o(i.timer_list_remove)
    i.timer_start_op_schedule                0x00018d8c   Section        0  app_timer.o(i.timer_start_op_schedule)
    timer_start_op_schedule                  0x00018d8d   Thumb Code    80  app_timer.o(i.timer_start_op_schedule)
    i.timer_stop_op_schedule                 0x00018de0   Section        0  app_timer.o(i.timer_stop_op_schedule)
    timer_stop_op_schedule                   0x00018de1   Thumb Code    58  app_timer.o(i.timer_stop_op_schedule)
    i.timer_timeouts_check                   0x00018e20   Section        0  app_timer.o(i.timer_timeouts_check)
    timer_timeouts_check                     0x00018e21   Thumb Code   128  app_timer.o(i.timer_timeouts_check)
    i.timer_timeouts_check_sched             0x00018eb8   Section        0  app_timer.o(i.timer_timeouts_check_sched)
    timer_timeouts_check_sched               0x00018eb9   Thumb Code    10  app_timer.o(i.timer_timeouts_check_sched)
    i.timers_init                            0x00018ec4   Section        0  main.o(i.timers_init)
    timers_init                              0x00018ec5   Thumb Code   164  main.o(i.timers_init)
    i.transfer_config                        0x00018f90   Section        0  data_transfer.o(i.transfer_config)
    i.transfer_mode_run                      0x00018fac   Section        0  main.o(i.transfer_mode_run)
    transfer_mode_run                        0x00018fad   Thumb Code    26  main.o(i.transfer_mode_run)
    i.transfer_services_init                 0x00018fe8   Section        0  data_transfer.o(i.transfer_services_init)
    transfer_services_init                   0x00018fe9   Thumb Code    48  data_transfer.o(i.transfer_services_init)
    i.transfer_start                         0x00019038   Section        0  data_transfer.o(i.transfer_start)
    i.twi_master_clear_bus                   0x00019044   Section        0  twi_hw_master_sd_4_4.o(i.twi_master_clear_bus)
    twi_master_clear_bus                     0x00019045   Thumb Code   204  twi_hw_master_sd_4_4.o(i.twi_master_clear_bus)
    i.twi_master_init                        0x0001911c   Section        0  twi_hw_master_sd_4_4.o(i.twi_master_init)
    i.twi_master_read                        0x000191b4   Section        0  twi_hw_master_sd_4_4.o(i.twi_master_read)
    twi_master_read                          0x000191b5   Thumb Code   196  twi_hw_master_sd_4_4.o(i.twi_master_read)
    i.twi_master_transfer                    0x00019288   Section        0  twi_hw_master_sd_4_4.o(i.twi_master_transfer)
    i.twi_master_write                       0x000192d0   Section        0  twi_hw_master_sd_4_4.o(i.twi_master_write)
    twi_master_write                         0x000192d1   Thumb Code   134  twi_hw_master_sd_4_4.o(i.twi_master_write)
    i.tx_char_add                            0x00019368   Section        0  ble_nus.o(i.tx_char_add)
    tx_char_add                              0x00019369   Thumb Code   210  ble_nus.o(i.tx_char_add)
    i.tx_power_level_encode                  0x0001943a   Section        0  ble_advdata.o(i.tx_power_level_encode)
    tx_power_level_encode                    0x0001943b   Thumb Code    48  ble_advdata.o(i.tx_power_level_encode)
    i.uart_data_handler                      0x0001946c   Section        0  data_transfer.o(i.uart_data_handler)
    i.uart_init                              0x00019490   Section        0  main.o(i.uart_init)
    uart_init                                0x00019491   Thumb Code    20  main.o(i.uart_init)
    i.uint16_encode                          0x000194a4   Section        0  ble_dis.o(i.uint16_encode)
    uint16_encode                            0x000194a5   Thumb Code    18  ble_dis.o(i.uint16_encode)
    i.uint16_encode                          0x000194b6   Section        0  ble_advdata.o(i.uint16_encode)
    uint16_encode                            0x000194b7   Thumb Code    18  ble_advdata.o(i.uint16_encode)
    i.uint8_array_encode                     0x000194c8   Section        0  ble_advdata.o(i.uint8_array_encode)
    uint8_array_encode                       0x000194c9   Thumb Code    82  ble_advdata.o(i.uint8_array_encode)
    i.update_timeout_handler                 0x0001951c   Section        0  ble_conn_params.o(i.update_timeout_handler)
    update_timeout_handler                   0x0001951d   Thumb Code   136  ble_conn_params.o(i.update_timeout_handler)
    i.user_id_get                            0x000195b8   Section        0  app_timer.o(i.user_id_get)
    user_id_get                              0x000195b9   Thumb Code    34  app_timer.o(i.user_id_get)
    i.user_op_alloc                          0x000195da   Section        0  app_timer.o(i.user_op_alloc)
    user_op_alloc                            0x000195db   Thumb Code    44  app_timer.o(i.user_op_alloc)
    i.user_op_enque                          0x00019606   Section        0  app_timer.o(i.user_op_enque)
    user_op_enque                            0x00019607   Thumb Code     4  app_timer.o(i.user_op_enque)
    i.uuid_list_encode                       0x0001960a   Section        0  ble_advdata.o(i.uuid_list_encode)
    uuid_list_encode                         0x0001960b   Thumb Code    64  ble_advdata.o(i.uuid_list_encode)
    i.uuid_list_sized_encode                 0x0001964a   Section        0  ble_advdata.o(i.uuid_list_sized_encode)
    uuid_list_sized_encode                   0x0001964b   Thumb Code   196  ble_advdata.o(i.uuid_list_sized_encode)
    .constdata                               0x00019710   Section        4  data_transfer.o(.constdata)
    .constdata                               0x00019714   Section       16  ble_nus.o(.constdata)
    .data                                    0x20002000   Section        4  system_nrf51.o(.data)
    __tagsym$$used                           0x20002000   Number         0  system_nrf51.o(.data)
    .data                                    0x20002004   Section       43  main.o(.data)
    m_conn_handle                            0x20002004   Data           2  main.o(.data)
    m_sec_params                             0x20002010   Data           6  main.o(.data)
    m_sensor_timer_id                        0x20002018   Data           4  main.o(.data)
    m_battery_timer_id                       0x2000201c   Data           4  main.o(.data)
    m_step_timer_id                          0x20002020   Data           4  main.o(.data)
    .data                                    0x20002030   Section        8  step.o(.data)
    last_increment                           0x20002030   Data           1  step.o(.data)
    .data                                    0x20002038   Section        1  rtc.o(.data)
    m_device_address                         0x20002038   Data           1  rtc.o(.data)
    .data                                    0x2000203c   Section       14  data_transfer.o(.data)
    m_conn_handle                            0x2000203c   Data           2  data_transfer.o(.data)
    nus_init                                 0x20002040   Data           4  data_transfer.o(.data)
    m_sec_params                             0x20002044   Data           6  data_transfer.o(.data)
    .data                                    0x2000204a   Section       74  ble_dis.o(.data)
    service_handle                           0x2000204a   Data           2  ble_dis.o(.data)
    manufact_name_handles                    0x2000204c   Data           8  ble_dis.o(.data)
    model_num_handles                        0x20002054   Data           8  ble_dis.o(.data)
    serial_num_handles                       0x2000205c   Data           8  ble_dis.o(.data)
    hw_rev_handles                           0x20002064   Data           8  ble_dis.o(.data)
    fw_rev_handles                           0x2000206c   Data           8  ble_dis.o(.data)
    sw_rev_handles                           0x20002074   Data           8  ble_dis.o(.data)
    sys_id_handles                           0x2000207c   Data           8  ble_dis.o(.data)
    reg_cert_data_list_handles               0x20002084   Data           8  ble_dis.o(.data)
    pnp_id_handles                           0x2000208c   Data           8  ble_dis.o(.data)
    .data                                    0x20002094   Section       36  app_timer.o(.data)
    mp_nodes                                 0x20002094   Data           4  app_timer.o(.data)
    m_node_array_size                        0x20002098   Data           1  app_timer.o(.data)
    m_user_array_size                        0x20002099   Data           1  app_timer.o(.data)
    mp_users                                 0x2000209c   Data           4  app_timer.o(.data)
    m_timer_id_head                          0x200020a0   Data           4  app_timer.o(.data)
    m_ticks_latest                           0x200020a4   Data           4  app_timer.o(.data)
    m_ticks_elapsed                          0x200020a8   Data           8  app_timer.o(.data)
    m_ticks_elapsed_q_read_ind               0x200020b0   Data           1  app_timer.o(.data)
    m_ticks_elapsed_q_write_ind              0x200020b1   Data           1  app_timer.o(.data)
    m_evt_schedule_func                      0x200020b4   Data           4  app_timer.o(.data)
    .data                                    0x200020b8   Section        1  ble_flash.o(.data)
    m_radio_active                           0x200020b8   Data           1  ble_flash.o(.data)
    .data                                    0x200020bc   Section        8  ble_debug_assert_handler.o(.data)
    s_line_num                               0x200020bc   Data           2  ble_debug_assert_handler.o(.data)
    s_error_code                             0x200020c0   Data           4  ble_debug_assert_handler.o(.data)
    .data                                    0x200020c4   Section       28  ble_conn_params.o(.data)
    m_change_param                           0x200020c4   Data           1  ble_conn_params.o(.data)
    m_preferred_conn_params                  0x200020c6   Data           8  ble_conn_params.o(.data)
    m_update_count                           0x200020ce   Data           1  ble_conn_params.o(.data)
    m_conn_handle                            0x200020d0   Data           2  ble_conn_params.o(.data)
    m_current_conn_params                    0x200020d2   Data           8  ble_conn_params.o(.data)
    m_conn_params_timer_id                   0x200020dc   Data           4  ble_conn_params.o(.data)
    .data                                    0x200020e0   Section       24  softdevice_handler.o(.data)
    m_softdevice_enabled                     0x200020e0   Data           1  softdevice_handler.o(.data)
    m_evt_schedule_func                      0x200020e4   Data           4  softdevice_handler.o(.data)
    m_evt_buffer                             0x200020e8   Data           4  softdevice_handler.o(.data)
    m_ble_evt_buffer_size                    0x200020ec   Data           2  softdevice_handler.o(.data)
    m_ble_evt_handler                        0x200020f0   Data           4  softdevice_handler.o(.data)
    m_sys_evt_handler                        0x200020f4   Data           4  softdevice_handler.o(.data)
    .data                                    0x200020f8   Section        4  mvars.o(.data)
    .data                                    0x200020fc   Section        4  mvars.o(.data)
    .bss                                     0x20002100   Section      952  main.o(.bss)
    APP_TIMER_BUF                            0x20002100   Data         688  main.o(.bss)
    EVT_BUFFER                               0x200023b0   Data          80  main.o(.bss)
    m_auth_status                            0x20002400   Data          50  main.o(.bss)
    .bss                                     0x200024b8   Section       51  step.o(.bss)
    .bss                                     0x200024eb   Section      128  ble_debug_assert_handler.o(.bss)
    s_file_name                              0x200024eb   Data         128  ble_debug_assert_handler.o(.bss)
    .bss                                     0x2000256c   Section       28  ble_conn_params.o(.bss)
    m_conn_params_config                     0x2000256c   Data          28  ble_conn_params.o(.bss)
    .bss                                     0x20002588   Section      876  pstorage.o(.bss)
    m_cmd_queue                              0x20002588   Data         844  pstorage.o(.bss)
    m_app_table                              0x200028d4   Data          32  pstorage.o(.bss)
    HEAP                                     0x200028f8   Section     2048  arm_startup_nrf51.o(HEAP)
    STACK                                    0x200030f8   Section     2048  arm_startup_nrf51.o(STACK)

    Global Symbols

    Symbol Name                              Value     Ov Type        Size  Object(Section)

    BuildAttributes$$THM_ISAv3M$S$PE$A:L22$X:L11$S22$IEEE1$IW$USESV6$~STKCKD$USESV7$~SHL$OSPACE$ROPI$EBA8$MICROLIB$REQ8$PRES8$EABIv2 0x00000000   Number         0  anon$$obj.o ABSOLUTE
    __ARM_use_no_argv                        0x00000000   Number         0  main.o ABSOLUTE
    _printf_a                                0x00000000   Number         0  stubs.o ABSOLUTE
    _printf_c                                0x00000000   Number         0  stubs.o ABSOLUTE
    _printf_charcount                        0x00000000   Number         0  stubs.o ABSOLUTE
    _printf_d                                0x00000000   Number         0  stubs.o ABSOLUTE
    _printf_e                                0x00000000   Number         0  stubs.o ABSOLUTE
    _printf_f                                0x00000000   Number         0  stubs.o ABSOLUTE
    _printf_flags                            0x00000000   Number         0  stubs.o ABSOLUTE
    _printf_fp_dec                           0x00000000   Number         0  stubs.o ABSOLUTE
    _printf_fp_hex                           0x00000000   Number         0  stubs.o ABSOLUTE
    _printf_g                                0x00000000   Number         0  stubs.o ABSOLUTE
    _printf_i                                0x00000000   Number         0  stubs.o ABSOLUTE
    _printf_int_dec                          0x00000000   Number         0  stubs.o ABSOLUTE
    _printf_l                                0x00000000   Number         0  stubs.o ABSOLUTE
    _printf_lc                               0x00000000   Number         0  stubs.o ABSOLUTE
    _printf_ll                               0x00000000   Number         0  stubs.o ABSOLUTE
    _printf_lld                              0x00000000   Number         0  stubs.o ABSOLUTE
    _printf_lli                              0x00000000   Number         0  stubs.o ABSOLUTE
    _printf_llo                              0x00000000   Number         0  stubs.o ABSOLUTE
    _printf_llu                              0x00000000   Number         0  stubs.o ABSOLUTE
    _printf_llx                              0x00000000   Number         0  stubs.o ABSOLUTE
    _printf_longlong_dec                     0x00000000   Number         0  stubs.o ABSOLUTE
    _printf_longlong_hex                     0x00000000   Number         0  stubs.o ABSOLUTE
    _printf_longlong_oct                     0x00000000   Number         0  stubs.o ABSOLUTE
    _printf_ls                               0x00000000   Number         0  stubs.o ABSOLUTE
    _printf_mbtowc                           0x00000000   Number         0  stubs.o ABSOLUTE
    _printf_n                                0x00000000   Number         0  stubs.o ABSOLUTE
    _printf_o                                0x00000000   Number         0  stubs.o ABSOLUTE
    _printf_p                                0x00000000   Number         0  stubs.o ABSOLUTE
    _printf_percent                          0x00000000   Number         0  stubs.o ABSOLUTE
    _printf_pre_padding                      0x00000000   Number         0  stubs.o ABSOLUTE
    _printf_return_value                     0x00000000   Number         0  stubs.o ABSOLUTE
    _printf_s                                0x00000000   Number         0  stubs.o ABSOLUTE
    _printf_sizespec                         0x00000000   Number         0  stubs.o ABSOLUTE
    _printf_str                              0x00000000   Number         0  stubs.o ABSOLUTE
    _printf_truncate_signed                  0x00000000   Number         0  stubs.o ABSOLUTE
    _printf_truncate_unsigned                0x00000000   Number         0  stubs.o ABSOLUTE
    _printf_u                                0x00000000   Number         0  stubs.o ABSOLUTE
    _printf_wc                               0x00000000   Number         0  stubs.o ABSOLUTE
    _printf_wctomb                           0x00000000   Number         0  stubs.o ABSOLUTE
    _printf_widthprec                        0x00000000   Number         0  stubs.o ABSOLUTE
    _printf_x                                0x00000000   Number         0  stubs.o ABSOLUTE
    __cpp_initialize__aeabi_                  - Undefined Weak Reference
    __cxa_finalize                            - Undefined Weak Reference
    __decompress                              - Undefined Weak Reference
    _clock_init                               - Undefined Weak Reference
    _microlib_exit                            - Undefined Weak Reference
    __Vectors_Size                           0x000000c0   Number         0  arm_startup_nrf51.o ABSOLUTE
    __Vectors                                0x00014000   Data           4  arm_startup_nrf51.o(RESET)
    __Vectors_End                            0x000140c0   Data           0  arm_startup_nrf51.o(RESET)
    __main                                   0x000140c1   Thumb Code     0  entry.o(.ARM.Collect$$$$00000000)
    _main_stk                                0x000140c1   Thumb Code     0  entry2.o(.ARM.Collect$$$$00000001)
    _main_scatterload                        0x000140c5   Thumb Code     0  entry5.o(.ARM.Collect$$$$00000004)
    __main_after_scatterload                 0x000140c9   Thumb Code     0  entry5.o(.ARM.Collect$$$$00000004)
    _main_clock                              0x000140c9   Thumb Code     0  entry7b.o(.ARM.Collect$$$$00000008)
    _main_cpp_init                           0x000140c9   Thumb Code     0  entry8b.o(.ARM.Collect$$$$0000000A)
    _main_init                               0x000140c9   Thumb Code     0  entry9a.o(.ARM.Collect$$$$0000000B)
    __rt_final_cpp                           0x000140d1   Thumb Code     0  entry10a.o(.ARM.Collect$$$$0000000D)
    __rt_final_exit                          0x000140d1   Thumb Code     0  entry11a.o(.ARM.Collect$$$$0000000F)
    __asm___11_app_timer_c_cd27f9c3__nrf_delay_us 0x000140d5   Thumb Code    30  app_timer.o(.emb_text)
    __asm___22_twi_hw_master_SD_4_4_c_959ec897__nrf_delay_us 0x000140f5   Thumb Code    30  twi_hw_master_sd_4_4.o(.emb_text)
    Reset_Handler                            0x00014115   Thumb Code    18  arm_startup_nrf51.o(.text)
    NMI_Handler                              0x00014127   Thumb Code     2  arm_startup_nrf51.o(.text)
    HardFault_Handler                        0x00014129   Thumb Code     2  arm_startup_nrf51.o(.text)
    SVC_Handler                              0x0001412b   Thumb Code     2  arm_startup_nrf51.o(.text)
    PendSV_Handler                           0x0001412d   Thumb Code     2  arm_startup_nrf51.o(.text)
    SysTick_Handler                          0x0001412f   Thumb Code     2  arm_startup_nrf51.o(.text)
    CCM_AAR_IRQHandler                       0x00014131   Thumb Code     0  arm_startup_nrf51.o(.text)
    ECB_IRQHandler                           0x00014131   Thumb Code     0  arm_startup_nrf51.o(.text)
    GPIOTE_IRQHandler                        0x00014131   Thumb Code     0  arm_startup_nrf51.o(.text)
    POWER_CLOCK_IRQHandler                   0x00014131   Thumb Code     0  arm_startup_nrf51.o(.text)
    QDEC_IRQHandler                          0x00014131   Thumb Code     0  arm_startup_nrf51.o(.text)
    RADIO_IRQHandler                         0x00014131   Thumb Code     0  arm_startup_nrf51.o(.text)
    RNG_IRQHandler                           0x00014131   Thumb Code     0  arm_startup_nrf51.o(.text)
    RTC0_IRQHandler                          0x00014131   Thumb Code     0  arm_startup_nrf51.o(.text)
    SPI0_TWI0_IRQHandler                     0x00014131   Thumb Code     0  arm_startup_nrf51.o(.text)
    SPI1_TWI1_IRQHandler                     0x00014131   Thumb Code     0  arm_startup_nrf51.o(.text)
    SWI1_IRQHandler                          0x00014131   Thumb Code     0  arm_startup_nrf51.o(.text)
    SWI3_IRQHandler                          0x00014131   Thumb Code     0  arm_startup_nrf51.o(.text)
    SWI4_IRQHandler                          0x00014131   Thumb Code     0  arm_startup_nrf51.o(.text)
    SWI5_IRQHandler                          0x00014131   Thumb Code     0  arm_startup_nrf51.o(.text)
    TEMP_IRQHandler                          0x00014131   Thumb Code     0  arm_startup_nrf51.o(.text)
    TIMER0_IRQHandler                        0x00014131   Thumb Code     0  arm_startup_nrf51.o(.text)
    TIMER1_IRQHandler                        0x00014131   Thumb Code     0  arm_startup_nrf51.o(.text)
    TIMER2_IRQHandler                        0x00014131   Thumb Code     0  arm_startup_nrf51.o(.text)
    UART0_IRQHandler                         0x00014131   Thumb Code     0  arm_startup_nrf51.o(.text)
    WDT_IRQHandler                           0x00014131   Thumb Code     0  arm_startup_nrf51.o(.text)
    __aeabi_uidiv                            0x00014141   Thumb Code     0  uidiv.o(.text)
    __aeabi_uidivmod                         0x00014141   Thumb Code    44  uidiv.o(.text)
    __aeabi_idiv                             0x0001416d   Thumb Code     0  idiv.o(.text)
    __aeabi_idivmod                          0x0001416d   Thumb Code    40  idiv.o(.text)
    __aeabi_memcpy                           0x00014195   Thumb Code    36  memcpya.o(.text)
    __aeabi_memcpy4                          0x00014195   Thumb Code     0  memcpya.o(.text)
    __aeabi_memcpy8                          0x00014195   Thumb Code     0  memcpya.o(.text)
    __aeabi_memset                           0x000141b9   Thumb Code    14  memseta.o(.text)
    __aeabi_memset4                          0x000141b9   Thumb Code     0  memseta.o(.text)
    __aeabi_memset8                          0x000141b9   Thumb Code     0  memseta.o(.text)
    __aeabi_memclr                           0x000141c7   Thumb Code     4  memseta.o(.text)
    __aeabi_memclr4                          0x000141c7   Thumb Code     0  memseta.o(.text)
    __aeabi_memclr8                          0x000141c7   Thumb Code     0  memseta.o(.text)
    _memset$wrapper                          0x000141cb   Thumb Code    18  memseta.o(.text)
    strncpy                                  0x000141dd   Thumb Code    26  strncpy.o(.text)
    strlen                                   0x000141f7   Thumb Code    14  strlen.o(.text)
    strncmp                                  0x00014205   Thumb Code    30  strncmp.o(.text)
    __aeabi_uldivmod                         0x00014223   Thumb Code    96  uldiv.o(.text)
    __scatterload                            0x00014285   Thumb Code    28  init.o(.text)
    __scatterload_rt2                        0x00014285   Thumb Code     0  init.o(.text)
    __aeabi_llsl                             0x000142a9   Thumb Code    32  llshl.o(.text)
    _ll_shift_l                              0x000142a9   Thumb Code     0  llshl.o(.text)
    __aeabi_llsr                             0x000142c9   Thumb Code    34  llushr.o(.text)
    _ll_ushift_r                             0x000142c9   Thumb Code     0  llushr.o(.text)
    ADC_IRQHandler                           0x000142ed   Thumb Code   194  sensor.o(i.ADC_IRQHandler)
    LPCOMP_COMP_IRQHandler                   0x000143d5   Thumb Code    22  main.o(i.LPCOMP_COMP_IRQHandler)
    RTC1_IRQHandler                          0x000144fd   Thumb Code    34  app_timer.o(i.RTC1_IRQHandler)
    SWI0_IRQHandler                          0x00014525   Thumb Code     8  app_timer.o(i.SWI0_IRQHandler)
    SWI2_IRQHandler                          0x0001452d   Thumb Code    52  softdevice_handler.o(i.SWI2_IRQHandler)
    SystemInit                               0x00014591   Thumb Code    38  system_nrf51.o(i.SystemInit)
    W1_flash_words_read                      0x000145c9   Thumb Code    72  ble_flash.o(i.W1_flash_words_read)
    W1_flash_words_read2                     0x00014615   Thumb Code    74  ble_flash.o(i.W1_flash_words_read2)
    W1_flash_words_write                     0x00014665   Thumb Code    66  ble_flash.o(i.W1_flash_words_write)
    W1_flash_write_prepare                   0x000146a7   Thumb Code    12  main.o(i.W1_flash_write_prepare)
    W1_flash_write_restore                   0x000146b3   Thumb Code    12  main.o(i.W1_flash_write_restore)
    W1_softdevice_handler_sd_enable          0x000146bf   Thumb Code     8  main.o(i.W1_softdevice_handler_sd_enable)
    W1_transfer_data                         0x000146c9   Thumb Code   242  data_transfer.o(i.W1_transfer_data)
    __0sprintf$8                             0x0001482d   Thumb Code    36  printf8.o(i.__0sprintf$8)
    __1sprintf$8                             0x0001482d   Thumb Code     0  printf8.o(i.__0sprintf$8)
    __2sprintf                               0x0001482d   Thumb Code     0  printf8.o(i.__0sprintf$8)
    __scatterload_copy                       0x00014855   Thumb Code    14  handlers.o(i.__scatterload_copy)
    __scatterload_null                       0x00014863   Thumb Code     2  handlers.o(i.__scatterload_null)
    __scatterload_zeroinit                   0x00014865   Thumb Code    14  handlers.o(i.__scatterload_zeroinit)
    app_error_handler                        0x00014f25   Thumb Code    26  main.o(i.app_error_handler)
    app_timer_create                         0x00014fb5   Thumb Code   108  app_timer.o(i.app_timer_create)
    app_timer_init                           0x00015029   Thumb Code   202  app_timer.o(i.app_timer_init)
    app_timer_start                          0x00015119   Thumb Code    98  app_timer.o(i.app_timer_start)
    app_timer_stop                           0x00015185   Thumb Code    60  app_timer.o(i.app_timer_stop)
    array_ncpy                               0x00015213   Thumb Code    24  main.o(i.array_ncpy)
    assert_nrf_callback                      0x0001522d   Thumb Code    18  main.o(i.assert_nrf_callback)
    battery_start                            0x000154bd   Thumb Code   140  sensor.o(i.battery_start)
    ble_advdata_set                          0x00015569   Thumb Code   122  ble_advdata.o(i.ble_advdata_set)
    ble_bas_battery_level_update             0x000155e5   Thumb Code   118  ble_bas.o(i.ble_bas_battery_level_update)
    ble_bas_init                             0x00015661   Thumb Code    66  ble_bas.o(i.ble_bas_init)
    ble_bas_on_ble_evt                       0x000156a9   Thumb Code    58  ble_bas.o(i.ble_bas_on_ble_evt)
    ble_conn_params_init                     0x000156e5   Thumb Code    90  ble_conn_params.o(i.ble_conn_params_init)
    ble_conn_params_on_ble_evt               0x0001575d   Thumb Code    62  ble_conn_params.o(i.ble_conn_params_on_ble_evt)
    ble_debug_assert_handler                 0x0001579d   Thumb Code    46  ble_debug_assert_handler.o(i.ble_debug_assert_handler)
    ble_dis_init                             0x000157d9   Thumb Code   386  ble_dis.o(i.ble_dis_init)
    ble_flash_crc16_compute                  0x000159b9   Thumb Code    64  ble_flash.o(i.ble_flash_crc16_compute)
    ble_flash_page_read                      0x000159fd   Thumb Code   112  ble_flash.o(i.ble_flash_page_read)
    ble_flash_page_write                     0x00015a71   Thumb Code   120  ble_flash.o(i.ble_flash_page_write)
    ble_nus_init                             0x00015aed   Thumb Code   116  ble_nus.o(i.ble_nus_init)
    ble_nus_on_ble_evt                       0x00015b65   Thumb Code    58  ble_nus.o(i.ble_nus_on_ble_evt)
    ble_nus_send_string                      0x00015b9f   Thumb Code    68  ble_nus.o(i.ble_nus_send_string)
    ble_srv_ascii_to_utf8                    0x00015be3   Thumb Code    18  ble_srv_common.o(i.ble_srv_ascii_to_utf8)
    ble_srv_report_ref_encode                0x00015bf5   Thumb Code    60  ble_srv_common.o(i.ble_srv_report_ref_encode)
    ble_transfer_data                        0x00015ce9   Thumb Code    48  main.o(i.ble_transfer_data)
    check_step                               0x00015e3d   Thumb Code    94  main.o(i.check_step)
    device_info_update                       0x0001622d   Thumb Code   422  step.o(i.device_info_update)
    device_init                              0x0001646d   Thumb Code   384  step.o(i.device_init)
    free                                     0x00016851   Thumb Code    80  malloc.o(i.free)
    intern_softdevice_events_execute         0x00016945   Thumb Code   168  softdevice_handler.o(i.intern_softdevice_events_execute)
    is_step2                                 0x00016ae9   Thumb Code   100  step.o(i.is_step2)
    main                                     0x00016d39   Thumb Code    82  main.o(i.main)
    malloc                                   0x00016de5   Thumb Code    92  malloc.o(i.malloc)
    mode_switch                              0x00016ebd   Thumb Code    38  step.o(i.mode_switch)
    on_command_handler                       0x0001715d   Thumb Code   878  main.o(i.on_command_handler)
    pstorage_sys_event_handler               0x00017b1d   Thumb Code    98  pstorage.o(i.pstorage_sys_event_handler)
    rs5c372a_init                            0x00017b85   Thumb Code    24  rtc.o(i.rs5c372a_init)
    rs5c372a_register_write                  0x00017ba1   Thumb Code    32  rtc.o(i.rs5c372a_register_write)
    rs5c372a_registers_read                  0x00017bc5   Thumb Code    76  rtc.o(i.rs5c372a_registers_read)
    rs5c372a_registers_write                 0x00017c15   Thumb Code    72  rtc.o(i.rs5c372a_registers_write)
    rtc_get_time                             0x00017cf1   Thumb Code    36  rtc.o(i.rtc_get_time)
    rtc_init                                 0x00017d15   Thumb Code    86  rtc.o(i.rtc_init)
    rtc_reset_time                           0x00017d95   Thumb Code    28  rtc.o(i.rtc_reset_time)
    rtc_set_time                             0x00017de5   Thumb Code    56  rtc.o(i.rtc_set_time)
    rtc_show_time                            0x00017e35   Thumb Code    32  rtc.o(i.rtc_show_time)
    sensor_start                             0x00018029   Thumb Code   142  sensor.o(i.sensor_start)
    simple_uart_config                       0x00018385   Thumb Code    90  simple_uart.o(i.simple_uart_config)
    simple_uart_put                          0x000183f1   Thumb Code    22  simple_uart.o(i.simple_uart_put)
    simple_uart_putlen                       0x00018411   Thumb Code    38  simple_uart.o(i.simple_uart_putlen)
    simple_uart_putstring                    0x00018437   Thumb Code    32  simple_uart.o(i.simple_uart_putstring)
    softdevice_assertion_handler             0x00018457   Thumb Code    18  softdevice_handler.o(i.softdevice_assertion_handler)
    softdevice_ble_evt_handler_set           0x00018469   Thumb Code    18  softdevice_handler.o(i.softdevice_ble_evt_handler_set)
    softdevice_handler_init                  0x00018481   Thumb Code    82  softdevice_handler.o(i.softdevice_handler_init)
    softdevice_handler_sd_disable            0x000184e9   Thumb Code    24  softdevice_handler.o(i.softdevice_handler_sd_disable)
    softdevice_sys_evt_handler_set           0x00018505   Thumb Code    18  softdevice_handler.o(i.softdevice_sys_evt_handler_set)
    step_init                                0x0001852d   Thumb Code    52  step.o(i.step_init)
    step_mode_run                            0x00018611   Thumb Code   312  step.o(i.step_mode_run)
    step_write2flash                         0x0001882d   Thumb Code   258  step.o(i.step_write2flash)
    time_display                             0x00018af9   Thumb Code    50  rtc.o(i.time_display)
    transfer_config                          0x00018f91   Thumb Code    28  data_transfer.o(i.transfer_config)
    transfer_start                           0x00019039   Thumb Code    12  data_transfer.o(i.transfer_start)
    twi_master_init                          0x0001911d   Thumb Code   110  twi_hw_master_sd_4_4.o(i.twi_master_init)
    twi_master_transfer                      0x00019289   Thumb Code    68  twi_hw_master_sd_4_4.o(i.twi_master_transfer)
    uart_data_handler                        0x0001946d   Thumb Code    32  data_transfer.o(i.uart_data_handler)
    Region$$Table$$Base                      0x00019724   Number         0  anon$$obj.o(Region$$Table)
    Region$$Table$$Limit                     0x00019734   Number         0  anon$$obj.o(Region$$Table)
    SystemCoreClock                          0x20002000   Data           4  system_nrf51.o(.data)
    device_config_main                       0x20002008   Data           4  main.o(.data)
    allow_transfer_flag                      0x2000200c   Data           1  main.o(.data)
    next_transfer_page                       0x2000200d   Data           1  main.o(.data)
    last_transfer_page                       0x2000200e   Data           1  main.o(.data)
    T_end_roll                               0x2000200f   Data           1  main.o(.data)
    time                                     0x20002024   Data           7  main.o(.data)
    power_off_flag                           0x2000202b   Data           1  main.o(.data)
    permission_agree                         0x2000202c   Data           1  main.o(.data)
    normal_time_flag                         0x2000202d   Data           1  main.o(.data)
    real_time_flag                           0x2000202e   Data           1  main.o(.data)
    W1_step_buffer                           0x20002034   Data           4  step.o(.data)
    __microlib_freelist                      0x200020f8   Data           4  mvars.o(.data)
    __microlib_freelist_initialised          0x200020fc   Data           4  mvars.o(.data)
    m_bas                                    0x20002434   Data          24  main.o(.bss)
    m_nus                                    0x2000244c   Data          28  main.o(.bss)
    step                                     0x20002468   Data          12  main.o(.bss)
    step_buffer                              0x20002474   Data          41  main.o(.bss)
    step_count                               0x200024a0   Data          24  main.o(.bss)
    device_config                            0x200024b8   Data          51  step.o(.bss)
    __heap_base                              0x200028f8   Data           0  arm_startup_nrf51.o(HEAP)
    __heap_limit                             0x200030f8   Data           0  arm_startup_nrf51.o(HEAP)
    __initial_sp                             0x200038f8   Data           0  arm_startup_nrf51.o(STACK)



==============================================================================

Memory Map of the image

  Image Entry point : 0x000140c1

  Load Region LR_IROM1 (Base: 0x00014000, Size: 0x00005834, Max: 0x0002b000, ABSOLUTE)

    Execution Region ER_IROM1 (Base: 0x00014000, Size: 0x00005734, Max: 0x0002b000, ABSOLUTE)

    Base Addr    Size         Type   Attr      Idx    E Section Name        Object

    0x00014000   0x000000c0   Data   RO            3    RESET               arm_startup_nrf51.o
    0x000140c0   0x00000000   Code   RO         1905  * .ARM.Collect$$$$00000000  mc_p.l(entry.o)
    0x000140c0   0x00000004   Code   RO         2213    .ARM.Collect$$$$00000001  mc_p.l(entry2.o)
    0x000140c4   0x00000004   Code   RO         2216    .ARM.Collect$$$$00000004  mc_p.l(entry5.o)
    0x000140c8   0x00000000   Code   RO         2218    .ARM.Collect$$$$00000008  mc_p.l(entry7b.o)
    0x000140c8   0x00000000   Code   RO         2220    .ARM.Collect$$$$0000000A  mc_p.l(entry8b.o)
    0x000140c8   0x00000008   Code   RO         2221    .ARM.Collect$$$$0000000B  mc_p.l(entry9a.o)
    0x000140d0   0x00000000   Code   RO         2223    .ARM.Collect$$$$0000000D  mc_p.l(entry10a.o)
    0x000140d0   0x00000000   Code   RO         2225    .ARM.Collect$$$$0000000F  mc_p.l(entry11a.o)
    0x000140d0   0x00000004   Code   RO         2214    .ARM.Collect$$$$00002712  mc_p.l(entry2.o)
    0x000140d4   0x0000001e   Code   RO         1093    .emb_text           app_timer.o
    0x000140f2   0x00000002   PAD
    0x000140f4   0x0000001e   Code   RO         1582    .emb_text           twi_hw_master_sd_4_4.o
    0x00014112   0x00000002   PAD
    0x00014114   0x0000002c   Code   RO            4    .text               arm_startup_nrf51.o
    0x00014140   0x0000002c   Code   RO         1908    .text               mc_p.l(uidiv.o)
    0x0001416c   0x00000028   Code   RO         1910    .text               mc_p.l(idiv.o)
    0x00014194   0x00000024   Code   RO         1912    .text               mc_p.l(memcpya.o)
    0x000141b8   0x00000024   Code   RO         1914    .text               mc_p.l(memseta.o)
    0x000141dc   0x0000001a   Code   RO         1916    .text               mc_p.l(strncpy.o)
    0x000141f6   0x0000000e   Code   RO         1918    .text               mc_p.l(strlen.o)
    0x00014204   0x0000001e   Code   RO         1920    .text               mc_p.l(strncmp.o)
    0x00014222   0x00000060   Code   RO         2230    .text               mc_p.l(uldiv.o)
    0x00014282   0x00000002   PAD
    0x00014284   0x00000024   Code   RO         2245    .text               mc_p.l(init.o)
    0x000142a8   0x00000020   Code   RO         2248    .text               mc_p.l(llshl.o)
    0x000142c8   0x00000022   Code   RO         2250    .text               mc_p.l(llushr.o)
    0x000142ea   0x00000002   PAD
    0x000142ec   0x000000e8   Code   RO          449    i.ADC_IRQHandler    sensor.o
    0x000143d4   0x00000020   Code   RO           85    i.LPCOMP_COMP_IRQHandler  main.o
    0x000143f4   0x00000054   Code   RO           87    i.LPCOMP_start      main.o
    0x00014448   0x00000014   Code   RO         1094    i.NVIC_ClearPendingIRQ  app_timer.o
    0x0001445c   0x00000014   Code   RO         1095    i.NVIC_EnableIRQ    app_timer.o
    0x00014470   0x00000014   Code   RO         1096    i.NVIC_SetPendingIRQ  app_timer.o
    0x00014484   0x00000078   Code   RO         1097    i.NVIC_SetPriority  app_timer.o
    0x000144fc   0x00000028   Code   RO         1098    i.RTC1_IRQHandler   app_timer.o
    0x00014524   0x00000008   Code   RO         1099    i.SWI0_IRQHandler   app_timer.o
    0x0001452c   0x00000064   Code   RO         1823    i.SWI2_IRQHandler   softdevice_handler.o
    0x00014590   0x00000038   Code   RO           13    i.SystemInit        system_nrf51.o
    0x000145c8   0x0000004c   Code   RO         1380    i.W1_flash_words_read  ble_flash.o
    0x00014614   0x00000050   Code   RO         1381    i.W1_flash_words_read2  ble_flash.o
    0x00014664   0x00000042   Code   RO         1382    i.W1_flash_words_write  ble_flash.o
    0x000146a6   0x0000000c   Code   RO           88    i.W1_flash_write_prepare  main.o
    0x000146b2   0x0000000c   Code   RO           89    i.W1_flash_write_restore  main.o
    0x000146be   0x00000008   Code   RO           90    i.W1_softdevice_handler_sd_enable  main.o
    0x000146c6   0x00000002   PAD
    0x000146c8   0x00000164   Code   RO          772    i.W1_transfer_data  data_transfer.o
    0x0001482c   0x00000028   Code   RO         2133    i.__0sprintf$8      mc_p.l(printf8.o)
    0x00014854   0x0000000e   Code   RO         2261    i.__scatterload_copy  mc_p.l(handlers.o)
    0x00014862   0x00000002   Code   RO         2262    i.__scatterload_null  mc_p.l(handlers.o)
    0x00014864   0x0000000e   Code   RO         2263    i.__scatterload_zeroinit  mc_p.l(handlers.o)
    0x00014872   0x00000002   PAD
    0x00014874   0x00000430   Code   RO         2138    i._printf_core      mc_p.l(printf8.o)
    0x00014ca4   0x00000020   Code   RO         2139    i._printf_post_padding  mc_p.l(printf8.o)
    0x00014cc4   0x0000002c   Code   RO         2140    i._printf_pre_padding  mc_p.l(printf8.o)
    0x00014cf0   0x0000000a   Code   RO         2142    i._sputc            mc_p.l(printf8.o)
    0x00014cfa   0x0000012e   Code   RO         1633    i.adv_data_encode   ble_advdata.o
    0x00014e28   0x00000020   Code   RO         1634    i.advdata_check     ble_advdata.o
    0x00014e48   0x00000084   Code   RO          773    i.advertising_init  data_transfer.o
    0x00014ecc   0x00000058   Code   RO          774    i.advertising_start  data_transfer.o
    0x00014f24   0x0000001a   Code   RO           91    i.app_error_handler  main.o
    0x00014f3e   0x00000002   PAD
    0x00014f40   0x00000074   Code   RO         1726    i.app_notify        pstorage.o
    0x00014fb4   0x00000074   Code   RO         1102    i.app_timer_create  app_timer.o
    0x00015028   0x000000f0   Code   RO         1103    i.app_timer_init    app_timer.o
    0x00015118   0x0000006c   Code   RO         1104    i.app_timer_start   app_timer.o
    0x00015184   0x00000044   Code   RO         1105    i.app_timer_stop    app_timer.o
    0x000151c8   0x0000004a   Code   RO         1635    i.appearance_encode  ble_advdata.o
    0x00015212   0x00000018   Code   RO           92    i.array_ncpy        main.o
    0x0001522a   0x00000002   PAD
    0x0001522c   0x00000018   Code   RO           93    i.assert_nrf_callback  main.o
    0x00015244   0x000001c8   Code   RO          998    i.battery_level_char_add  ble_bas.o
    0x0001540c   0x000000a4   Code   RO          450    i.battery_level_in_percent  sensor.o
    0x000154b0   0x0000000a   Code   RO           94    i.battery_level_meas_timeout_handler  main.o
    0x000154ba   0x00000002   PAD
    0x000154bc   0x000000ac   Code   RO          451    i.battery_start     sensor.o
    0x00015568   0x0000007a   Code   RO         1636    i.ble_advdata_set   ble_advdata.o
    0x000155e2   0x00000002   PAD
    0x000155e4   0x0000007c   Code   RO          999    i.ble_bas_battery_level_update  ble_bas.o
    0x00015660   0x00000048   Code   RO         1000    i.ble_bas_init      ble_bas.o
    0x000156a8   0x0000003a   Code   RO         1001    i.ble_bas_on_ble_evt  ble_bas.o
    0x000156e2   0x00000002   PAD
    0x000156e4   0x00000078   Code   RO         1500    i.ble_conn_params_init  ble_conn_params.o
    0x0001575c   0x0000003e   Code   RO         1501    i.ble_conn_params_on_ble_evt  ble_conn_params.o
    0x0001579a   0x00000002   PAD
    0x0001579c   0x0000003c   Code   RO         1477    i.ble_debug_assert_handler  ble_debug_assert_handler.o
    0x000157d8   0x000001b4   Code   RO          944    i.ble_dis_init      ble_dis.o
    0x0001598c   0x0000002c   Code   RO           96    i.ble_evt_dispatch  main.o
    0x000159b8   0x00000044   Code   RO         1384    i.ble_flash_crc16_compute  ble_flash.o
    0x000159fc   0x00000074   Code   RO         1388    i.ble_flash_page_read  ble_flash.o
    0x00015a70   0x0000007c   Code   RO         1389    i.ble_flash_page_write  ble_flash.o
    0x00015aec   0x00000078   Code   RO          883    i.ble_nus_init      ble_nus.o
    0x00015b64   0x0000003a   Code   RO          884    i.ble_nus_on_ble_evt  ble_nus.o
    0x00015b9e   0x00000044   Code   RO          885    i.ble_nus_send_string  ble_nus.o
    0x00015be2   0x00000012   Code   RO         1881    i.ble_srv_ascii_to_utf8  ble_srv_common.o
    0x00015bf4   0x00000068   Code   RO         1882    i.ble_srv_report_ref_encode  ble_srv_common.o
    0x00015c5c   0x0000008c   Code   RO           97    i.ble_stack_init    main.o
    0x00015ce8   0x00000040   Code   RO           98    i.ble_transfer_data  main.o
    0x00015d28   0x00000114   Code   RO          945    i.char_add          ble_dis.o
    0x00015e3c   0x00000088   Code   RO          100    i.check_step        main.o
    0x00015ec4   0x00000058   Code   RO         1727    i.cmd_queue_dequeue  pstorage.o
    0x00015f1c   0x00000044   Code   RO         1730    i.cmd_queue_init_element  pstorage.o
    0x00015f60   0x0000008c   Code   RO         1107    i.compare_reg_update  app_timer.o
    0x00015fec   0x0000005c   Code   RO         1637    i.conn_int_check    ble_advdata.o
    0x00016048   0x0000005c   Code   RO         1638    i.conn_int_encode   ble_advdata.o
    0x000160a4   0x00000028   Code   RO          775    i.conn_params_error_handler  data_transfer.o
    0x000160cc   0x00000070   Code   RO          776    i.conn_params_init  data_transfer.o
    0x0001613c   0x00000094   Code   RO         1503    i.conn_params_negotiation  ble_conn_params.o
    0x000161d0   0x0000005c   Code   RO         1108    i.current_int_priority_get  app_timer.o
    0x0001622c   0x00000240   Code   RO          560    i.device_info_update  step.o
    0x0001646c   0x00000258   Code   RO          561    i.device_init       step.o
    0x000166c4   0x00000064   Code   RO         1109    i.elapsed_ticks_acquire  app_timer.o
    0x00016728   0x0000006c   Code   RO         1110    i.expired_timers_handler  app_timer.o
    0x00016794   0x00000038   Code   RO         1391    i.flash_page_erase  ble_flash.o
    0x000167cc   0x00000038   Code   RO         1392    i.flash_word_unprotected_write  ble_flash.o
    0x00016804   0x0000004c   Code   RO         1393    i.flash_word_write  ble_flash.o
    0x00016850   0x00000054   Code   RO         2185    i.free              mc_p.l(malloc.o)
    0x000168a4   0x000000a0   Code   RO          777    i.gap_params_init   data_transfer.o
    0x00016944   0x000000e8   Code   RO         1824    i.intern_softdevice_events_execute  softdevice_handler.o
    0x00016a2c   0x00000024   Code   RO         1504    i.is_conn_params_ok  ble_conn_params.o
    0x00016a50   0x00000034   Code   RO           14    i.is_disabled_in_debug_needed  system_nrf51.o
    0x00016a84   0x00000064   Code   RO           15    i.is_manual_peripheral_setup_needed  system_nrf51.o
    0x00016ae8   0x00000074   Code   RO          563    i.is_step2          step.o
    0x00016b5c   0x000000c0   Code   RO         1111    i.list_deletions_handler  app_timer.o
    0x00016c1c   0x0000011c   Code   RO         1112    i.list_insertions_handler  app_timer.o
    0x00016d38   0x000000ac   Code   RO          103    i.main              main.o
    0x00016de4   0x0000006c   Code   RO         2186    i.malloc            mc_p.l(malloc.o)
    0x00016e50   0x0000006a   Code   RO         1639    i.manuf_specific_data_encode  ble_advdata.o
    0x00016eba   0x00000002   PAD
    0x00016ebc   0x00000068   Code   RO          564    i.mode_switch       step.o
    0x00016f24   0x00000096   Code   RO         1640    i.name_encode       ble_advdata.o
    0x00016fba   0x00000014   Code   RO          452    i.nrf_gpio_cfg_input  sensor.o
    0x00016fce   0x00000014   Code   RO         1314    i.nrf_gpio_cfg_input  simple_uart.o
    0x00016fe2   0x00000012   Code   RO         1315    i.nrf_gpio_cfg_output  simple_uart.o
    0x00016ff4   0x00000018   Code   RO          104    i.nrf_gpio_cfg_sense_input  main.o
    0x0001700c   0x00000010   Code   RO          105    i.nrf_gpio_pin_clear  main.o
    0x0001701c   0x00000010   Code   RO          106    i.nrf_gpio_pin_set  main.o
    0x0001702c   0x00000130   Code   RO          107    i.on_ble_evt        main.o
    0x0001715c   0x00000634   Code   RO          108    i.on_command_handler  main.o
    0x00017790   0x00000048   Code   RO          778    i.on_conn_params_evt  data_transfer.o
    0x000177d8   0x00000018   Code   RO         1505    i.on_conn_params_update  ble_conn_params.o
    0x000177f0   0x00000006   Code   RO          886    i.on_connect        ble_nus.o
    0x000177f6   0x00000006   Code   RO         1002    i.on_connect        ble_bas.o
    0x000177fc   0x0000003c   Code   RO         1506    i.on_connect        ble_conn_params.o
    0x00017838   0x00000008   Code   RO          887    i.on_disconnect     ble_nus.o
    0x00017840   0x00000008   Code   RO         1003    i.on_disconnect     ble_bas.o
    0x00017848   0x00000044   Code   RO         1507    i.on_disconnect     ble_conn_params.o
    0x0001788c   0x00000044   Code   RO          888    i.on_write          ble_nus.o
    0x000178d0   0x00000050   Code   RO         1004    i.on_write          ble_bas.o
    0x00017920   0x0000005c   Code   RO         1508    i.on_write          ble_conn_params.o
    0x0001797c   0x000000c0   Code   RO          946    i.pnp_id_encode     ble_dis.o
    0x00017a3c   0x00000040   Code   RO          109    i.power_manage      main.o
    0x00017a7c   0x000000a0   Code   RO         1732    i.process_cmd       pstorage.o
    0x00017b1c   0x00000068   Code   RO         1739    i.pstorage_sys_event_handler  pstorage.o
    0x00017b84   0x0000001c   Code   RO          677    i.rs5c372a_init     rtc.o
    0x00017ba0   0x00000024   Code   RO          679    i.rs5c372a_register_write  rtc.o
    0x00017bc4   0x00000050   Code   RO          680    i.rs5c372a_registers_read  rtc.o
    0x00017c14   0x0000004c   Code   RO          681    i.rs5c372a_registers_write  rtc.o
    0x00017c60   0x0000000c   Code   RO         1113    i.rtc1_counter_get  app_timer.o
    0x00017c6c   0x00000018   Code   RO         1114    i.rtc1_init         app_timer.o
    0x00017c84   0x00000034   Code   RO         1115    i.rtc1_start        app_timer.o
    0x00017cb8   0x00000038   Code   RO         1116    i.rtc1_stop         app_timer.o
    0x00017cf0   0x00000024   Code   RO          682    i.rtc_get_time      rtc.o
    0x00017d14   0x00000080   Code   RO          683    i.rtc_init          rtc.o
    0x00017d94   0x00000050   Code   RO          684    i.rtc_reset_time    rtc.o
    0x00017de4   0x00000050   Code   RO          685    i.rtc_set_time      rtc.o
    0x00017e34   0x00000030   Code   RO          686    i.rtc_show_time     rtc.o
    0x00017e64   0x00000124   Code   RO          889    i.rx_char_add       ble_nus.o
    0x00017f88   0x00000048   Code   RO          779    i.sec_params_init   data_transfer.o
    0x00017fd0   0x00000058   Code   RO          111    i.sensor_level_meas_timeout_handler  main.o
    0x00018028   0x000000ac   Code   RO          453    i.sensor_start      sensor.o
    0x000180d4   0x00000078   Code   RO          112    i.sensor_timers_start  main.o
    0x0001814c   0x0000006c   Code   RO          113    i.sensor_timers_stop  main.o
    0x000181b8   0x0000008c   Code   RO         1641    i.service_data_encode  ble_advdata.o
    0x00018244   0x00000140   Code   RO          114    i.services_init     main.o
    0x00018384   0x0000006c   Code   RO         1316    i.simple_uart_config  simple_uart.o
    0x000183f0   0x00000020   Code   RO         1319    i.simple_uart_put   simple_uart.o
    0x00018410   0x00000026   Code   RO         1320    i.simple_uart_putlen  simple_uart.o
    0x00018436   0x00000020   Code   RO         1321    i.simple_uart_putstring  simple_uart.o
    0x00018456   0x00000012   Code   RO         1825    i.softdevice_assertion_handler  softdevice_handler.o
    0x00018468   0x00000018   Code   RO         1826    i.softdevice_ble_evt_handler_set  softdevice_handler.o
    0x00018480   0x00000068   Code   RO         1827    i.softdevice_handler_init  softdevice_handler.o
    0x000184e8   0x0000001c   Code   RO         1828    i.softdevice_handler_sd_disable  softdevice_handler.o
    0x00018504   0x00000018   Code   RO         1829    i.softdevice_sys_evt_handler_set  softdevice_handler.o
    0x0001851c   0x00000010   Code   RO         1642    i.srdata_check      ble_advdata.o
    0x0001852c   0x00000038   Code   RO          565    i.step_init         step.o
    0x00018564   0x000000ac   Code   RO          115    i.step_level_meas_timeout_handler  main.o
    0x00018610   0x0000021c   Code   RO          566    i.step_mode_run     step.o
    0x0001882c   0x00000184   Code   RO          567    i.step_write2flash  step.o
    0x000189b0   0x0000000c   Code   RO          117    i.sys_evt_dispatch  main.o
    0x000189bc   0x000000c8   Code   RO          947    i.sys_id_encode     ble_dis.o
    0x00018a84   0x00000068   Code   RO          118    i.system_off_mode_enter  main.o
    0x00018aec   0x0000000a   Code   RO         1117    i.ticks_diff_get    app_timer.o
    0x00018af6   0x00000002   PAD
    0x00018af8   0x0000005c   Code   RO          687    i.time_display      rtc.o
    0x00018b54   0x00000064   Code   RO         1118    i.timeout_handler_exec  app_timer.o
    0x00018bb8   0x00000050   Code   RO         1119    i.timer_list_handler  app_timer.o
    0x00018c08   0x0000000a   Code   RO         1120    i.timer_list_handler_sched  app_timer.o
    0x00018c12   0x00000002   PAD
    0x00018c14   0x000000d8   Code   RO         1121    i.timer_list_insert  app_timer.o
    0x00018cec   0x000000a0   Code   RO         1122    i.timer_list_remove  app_timer.o
    0x00018d8c   0x00000054   Code   RO         1123    i.timer_start_op_schedule  app_timer.o
    0x00018de0   0x00000040   Code   RO         1125    i.timer_stop_op_schedule  app_timer.o
    0x00018e20   0x00000098   Code   RO         1126    i.timer_timeouts_check  app_timer.o
    0x00018eb8   0x0000000a   Code   RO         1127    i.timer_timeouts_check_sched  app_timer.o
    0x00018ec2   0x00000002   PAD
    0x00018ec4   0x000000cc   Code   RO          119    i.timers_init       main.o
    0x00018f90   0x0000001c   Code   RO          780    i.transfer_config   data_transfer.o
    0x00018fac   0x0000003c   Code   RO          120    i.transfer_mode_run  main.o
    0x00018fe8   0x00000050   Code   RO          781    i.transfer_services_init  data_transfer.o
    0x00019038   0x0000000c   Code   RO          782    i.transfer_start    data_transfer.o
    0x00019044   0x000000d8   Code   RO         1583    i.twi_master_clear_bus  twi_hw_master_sd_4_4.o
    0x0001911c   0x00000098   Code   RO         1584    i.twi_master_init   twi_hw_master_sd_4_4.o
    0x000191b4   0x000000d4   Code   RO         1585    i.twi_master_read   twi_hw_master_sd_4_4.o
    0x00019288   0x00000048   Code   RO         1586    i.twi_master_transfer  twi_hw_master_sd_4_4.o
    0x000192d0   0x00000098   Code   RO         1587    i.twi_master_write  twi_hw_master_sd_4_4.o
    0x00019368   0x000000d2   Code   RO          890    i.tx_char_add       ble_nus.o
    0x0001943a   0x00000030   Code   RO         1643    i.tx_power_level_encode  ble_advdata.o
    0x0001946a   0x00000002   PAD
    0x0001946c   0x00000024   Code   RO          783    i.uart_data_handler  data_transfer.o
    0x00019490   0x00000014   Code   RO          121    i.uart_init         main.o
    0x000194a4   0x00000012   Code   RO          948    i.uint16_encode     ble_dis.o
    0x000194b6   0x00000012   Code   RO         1644    i.uint16_encode     ble_advdata.o
    0x000194c8   0x00000052   Code   RO         1645    i.uint8_array_encode  ble_advdata.o
    0x0001951a   0x00000002   PAD
    0x0001951c   0x0000009c   Code   RO         1509    i.update_timeout_handler  ble_conn_params.o
    0x000195b8   0x00000022   Code   RO         1128    i.user_id_get       app_timer.o
    0x000195da   0x0000002c   Code   RO         1129    i.user_op_alloc     app_timer.o
    0x00019606   0x00000004   Code   RO         1130    i.user_op_enque     app_timer.o
    0x0001960a   0x00000040   Code   RO         1646    i.uuid_list_encode  ble_advdata.o
    0x0001964a   0x000000c4   Code   RO         1647    i.uuid_list_sized_encode  ble_advdata.o
    0x0001970e   0x00000002   PAD
    0x00019710   0x00000004   Data   RO          784    .constdata          data_transfer.o
    0x00019714   0x00000010   Data   RO          891    .constdata          ble_nus.o
    0x00019724   0x00000010   Data   RO         2259    Region$$Table       anon$$obj.o


    Execution Region RW_IRAM1 (Base: 0x20002000, Size: 0x000018f8, Max: 0x00002000, ABSOLUTE, UNINIT)

    Base Addr    Size         Type   Attr      Idx    E Section Name        Object

    0x20002000   0x00000004   Data   RW           16    .data               system_nrf51.o
    0x20002004   0x0000002b   Data   RW          124    .data               main.o
    0x2000202f   0x00000001   PAD
    0x20002030   0x00000008   Data   RW          569    .data               step.o
    0x20002038   0x00000001   Data   RW          688    .data               rtc.o
    0x20002039   0x00000003   PAD
    0x2000203c   0x0000000e   Data   RW          785    .data               data_transfer.o
    0x2000204a   0x0000004a   Data   RW          949    .data               ble_dis.o
    0x20002094   0x00000024   Data   RW         1131    .data               app_timer.o
    0x200020b8   0x00000001   Data   RW         1394    .data               ble_flash.o
    0x200020b9   0x00000003   PAD
    0x200020bc   0x00000008   Data   RW         1479    .data               ble_debug_assert_handler.o
    0x200020c4   0x0000001c   Data   RW         1511    .data               ble_conn_params.o
    0x200020e0   0x00000018   Data   RW         1830    .data               softdevice_handler.o
    0x200020f8   0x00000004   Data   RW         2232    .data               mc_p.l(mvars.o)
    0x200020fc   0x00000004   Data   RW         2233    .data               mc_p.l(mvars.o)
    0x20002100   0x000003b8   Zero   RW          123    .bss                main.o
    0x200024b8   0x00000033   Zero   RW          568    .bss                step.o
    0x200024eb   0x00000080   Zero   RW         1478    .bss                ble_debug_assert_handler.o
    0x2000256b   0x00000001   PAD
    0x2000256c   0x0000001c   Zero   RW         1510    .bss                ble_conn_params.o
    0x20002588   0x0000036c   Zero   RW         1740    .bss                pstorage.o
    0x200028f4   0x00000004   PAD
    0x200028f8   0x00000800   Zero   RW            2    HEAP                arm_startup_nrf51.o
    0x200030f8   0x00000800   Zero   RW            1    STACK               arm_startup_nrf51.o


==============================================================================

Image component sizes


      Code (inc. data)   RO Data    RW Data    ZI Data      Debug   Object Name

      2818        332          0         36          0      29487   app_timer.o
        44         14        192          0       4096        624   arm_startup_nrf51.o
      1534          4          0          0          0      11774   ble_advdata.o
       804         20          0          0          0      13303   ble_bas.o
       766        126          0         28         28       6760   ble_conn_params.o
        60         14          0          8        128       1119   ble_debug_assert_handler.o
      1122        174          0         74          0       7819   ble_dis.o
       718         52          0          1          0       6891   ble_flash.o
       830          4         16          0          0       5778   ble_nus.o
       122         44          0          0          0       1692   ble_srv_common.o
      1188        320          4         14          0       9578   data_transfer.o
      4008       1402          0         43        952      64832   main.o
       536         28          0          0        876       7257   pstorage.o
       684        192          0          1          0       8914   rtc.o
       760        116          0          0          0      40332   sensor.o
       248         28          0          0          0       5320   simple_uart.o
       530        150          0         24          0       5380   softdevice_handler.o
      2380        814          0          8         51      34641   step.o
       208         28          0          4          0      22083   system_nrf51.o
       834         92          0          0          0       4168   twi_hw_master_sd_4_4.o

    ----------------------------------------------------------------------
     20226       3954        228        248       6136     287752   Object Totals
         0          0         16          0          0          0   (incl. Generated)
        32          0          0          7          5          0   (incl. Padding)

    ----------------------------------------------------------------------

      Code (inc. data)   RO Data    RW Data    ZI Data      Debug   Library Member Name

         0          0          0          0          0          0   entry.o
         0          0          0          0          0          0   entry10a.o
         0          0          0          0          0          0   entry11a.o
         8          4          0          0          0          0   entry2.o
         4          0          0          0          0          0   entry5.o
         0          0          0          0          0          0   entry7b.o
         0          0          0          0          0          0   entry8b.o
         8          4          0          0          0          0   entry9a.o
        30          0          0          0          0          0   handlers.o
        40          0          0          0          0         72   idiv.o
        36          8          0          0          0         68   init.o
        32          0          0          0          0         68   llshl.o
        34          0          0          0          0         68   llushr.o
       192         20          0          0          0        144   malloc.o
        36          0          0          0          0         60   memcpya.o
        36          0          0          0          0        100   memseta.o
         0          0          0          8          0          0   mvars.o
      1198         50          0          0          0        384   printf8.o
        14          0          0          0          0         60   strlen.o
        30          0          0          0          0         72   strncmp.o
        26          0          0          0          0         68   strncpy.o
        44          0          0          0          0         72   uidiv.o
        96          0          0          0          0         84   uldiv.o

    ----------------------------------------------------------------------
      1870         86          0          8          0       1320   Library Totals
         6          0          0          0          0          0   (incl. Padding)

    ----------------------------------------------------------------------

      Code (inc. data)   RO Data    RW Data    ZI Data      Debug   Library Name

      1864         86          0          8          0       1320   mc_p.l

    ----------------------------------------------------------------------
      1870         86          0          8          0       1320   Library Totals

    ----------------------------------------------------------------------

==============================================================================


      Code (inc. data)   RO Data    RW Data    ZI Data      Debug   

     22096       4040        228        256       6136     280512   Grand Totals
     22096       4040        228        256       6136     280512   ELF Image Totals
     22096       4040        228        256          0          0   ROM Totals

==============================================================================

    Total RO  Size (Code + RO Data)                22324 (  21.80kB)
    Total RW  Size (RW Data + ZI Data)              6392 (   6.24kB)
    Total ROM Size (Code + RO Data + RW Data)      22580 (  22.05kB)

==============================================================================

